Component: ARM Compiler 5.06 update 7 (build 960) Tool: armlink [4d3601]

==============================================================================

Section Cross References

    startup_stm32f407xx.o(STACK) refers (Special) to heapauxi.o(.text) for __use_two_region_memory
    startup_stm32f407xx.o(HEAP) refers (Special) to heapauxi.o(.text) for __use_two_region_memory
    startup_stm32f407xx.o(RESET) refers (Special) to heapauxi.o(.text) for __use_two_region_memory
    startup_stm32f407xx.o(RESET) refers to startup_stm32f407xx.o(STACK) for __initial_sp
    startup_stm32f407xx.o(RESET) refers to startup_stm32f407xx.o(.text) for Reset_Handler
    startup_stm32f407xx.o(RESET) refers to stm32f4xx_it.o(i.NMI_Handler) for NMI_Handler
    startup_stm32f407xx.o(RESET) refers to stm32f4xx_it.o(i.HardFault_Handler) for HardFault_Handler
    startup_stm32f407xx.o(RESET) refers to stm32f4xx_it.o(i.MemManage_Handler) for MemManage_Handler
    startup_stm32f407xx.o(RESET) refers to stm32f4xx_it.o(i.BusFault_Handler) for BusFault_Handler
    startup_stm32f407xx.o(RESET) refers to stm32f4xx_it.o(i.UsageFault_Handler) for UsageFault_Handler
    startup_stm32f407xx.o(RESET) refers to stm32f4xx_it.o(i.SVC_Handler) for SVC_Handler
    startup_stm32f407xx.o(RESET) refers to stm32f4xx_it.o(i.DebugMon_Handler) for DebugMon_Handler
    startup_stm32f407xx.o(RESET) refers to stm32f4xx_it.o(i.PendSV_Handler) for PendSV_Handler
    startup_stm32f407xx.o(RESET) refers to stm32f4xx_it.o(i.SysTick_Handler) for SysTick_Handler
    startup_stm32f407xx.o(RESET) refers to stm32f4xx_it.o(i.EXTI0_IRQHandler) for EXTI0_IRQHandler
    startup_stm32f407xx.o(RESET) refers to stm32f4xx_it.o(i.EXTI1_IRQHandler) for EXTI1_IRQHandler
    startup_stm32f407xx.o(RESET) refers to stm32f4xx_it.o(i.EXTI2_IRQHandler) for EXTI2_IRQHandler
    startup_stm32f407xx.o(RESET) refers to stm32f4xx_it.o(i.EXTI15_10_IRQHandler) for EXTI15_10_IRQHandler
    startup_stm32f407xx.o(RESET) refers to stm32f4xx_it.o(i.OTG_FS_IRQHandler) for OTG_FS_IRQHandler
    startup_stm32f407xx.o(.text) refers (Special) to heapauxi.o(.text) for __use_two_region_memory
    startup_stm32f407xx.o(.text) refers to system_stm32f4xx.o(i.SystemInit) for SystemInit
    startup_stm32f407xx.o(.text) refers to __main.o(!!!main) for __main
    startup_stm32f407xx.o(.text) refers to startup_stm32f407xx.o(HEAP) for Heap_Mem
    startup_stm32f407xx.o(.text) refers to startup_stm32f407xx.o(STACK) for Stack_Mem
    main.o(i.AccumulateEncoderAlignmentSample) refers to main.o(i.GetAlignedSingleTurnPositionCounts) for GetAlignedSingleTurnPositionCounts
    main.o(i.AccumulateEncoderAlignmentSample) refers to sinf.o(i.__hardfp_sinf) for __hardfp_sinf
    main.o(i.AccumulateEncoderAlignmentSample) refers to cosf.o(i.__hardfp_cosf) for __hardfp_cosf
    main.o(i.AccumulateEncoderAlignmentSample) refers to main.o(.data) for .data
    main.o(i.ApplyControlTimingMode) refers to main.o(i.GetEffectiveSpeedLoopFrequency) for GetEffectiveSpeedLoopFrequency
    main.o(i.ApplyControlTimingMode) refers to main.o(i.GetEffectiveCurrentLoopFrequency) for GetEffectiveCurrentLoopFrequency
    main.o(i.ApplyControlTimingMode) refers to main.o(i.ResetDebugAveraging) for ResetDebugAveraging
    main.o(i.ApplyControlTimingMode) refers to pwm.o(i.ResetControl_V_over_F) for ResetControl_V_over_F
    main.o(i.ApplyControlTimingMode) refers to main.o(.data) for .data
    main.o(i.ApplyControlTimingMode) refers to main.o(.bss) for .bss
    main.o(i.ApplyCurrentLoopDecoupling) refers to main.o(.bss) for .bss
    main.o(i.ApplyOpenLoopVfCommand) refers to main.o(i.GetOpenLoopVoltageLimit) for GetOpenLoopVoltageLimit
    main.o(i.ApplyOpenLoopVfCommand) refers to main.o(i.ClampFloat) for ClampFloat
    main.o(i.ApplyOpenLoopVfCommand) refers to main.o(i.GetEffectiveCurrentLoopFrequency) for GetEffectiveCurrentLoopFrequency
    main.o(i.ApplyOpenLoopVfCommand) refers to pwm.o(i.Control_V_over_F) for Control_V_over_F
    main.o(i.ApplyOpenLoopVfCommand) refers to sinf.o(i.__hardfp_sinf) for __hardfp_sinf
    main.o(i.ApplyOpenLoopVfCommand) refers to cosf.o(i.__hardfp_cosf) for __hardfp_cosf
    main.o(i.ApplyOpenLoopVfCommand) refers to main.o(i.ApplyPhaseCurrentFeedbackMapping) for ApplyPhaseCurrentFeedbackMapping
    main.o(i.ApplyOpenLoopVfCommand) refers to main.o(.bss) for .bss
    main.o(i.ApplyOpenLoopVfCommand) refers to main.o(.data) for .data
    main.o(i.ApplyPhaseCurrentFeedbackMapping) refers to main.o(.bss) for .bss
    main.o(i.ApplyPhaseCurrentFeedbackMapping) refers to main.o(.data) for .data
    main.o(i.ApplySpeedRampLimit) refers to main.o(.bss) for .bss
    main.o(i.ApplySpeedRampLimit) refers to main.o(.data) for .data
    main.o(i.ApplyUerrorCompensationToPhaseVoltages) refers to main.o(i.ApplyPhaseCurrentFeedbackMapping) for ApplyPhaseCurrentFeedbackMapping
    main.o(i.ApplyUerrorCompensationToPhaseVoltages) refers to main.o(i.LookupUerrorLutNorm) for LookupUerrorLutNorm
[...]
    USB_WritePacket                          0x0800cbf1   Thumb Code    40  stm32f4xx_ll_usb.o(i.USB_WritePacket)
    UpdateDriverParameter                    0x0800cc41   Thumb Code   478  main.o(i.UpdateDriverParameter)
    UpdateMotorParameter                     0x0800d169   Thumb Code   490  main.o(i.UpdateMotorParameter)
    UsageFault_Handler                       0x0800d501   Thumb Code     2  stm32f4xx_it.o(i.UsageFault_Handler)
    _Error_Handler                           0x0800d57b   Thumb Code     2  main.o(i._Error_Handler)
    __ARM_fpclassify                         0x0800d57d   Thumb Code    48  fpclassify.o(i.__ARM_fpclassify)
    __ARM_fpclassifyf                        0x0800d5ad   Thumb Code    38  fpclassifyf.o(i.__ARM_fpclassifyf)
    __hardfp_atan2f                          0x0800d5d5   Thumb Code   594  atan2f.o(i.__hardfp_atan2f)
    __hardfp_cosf                            0x0800d881   Thumb Code   280  cosf.o(i.__hardfp_cosf)
    __hardfp_floorf                          0x0800d9d1   Thumb Code    98  floorf.o(i.__hardfp_floorf)
    __hardfp_fmodf                           0x0800da41   Thumb Code   176  fmodf.o(i.__hardfp_fmodf)
    __hardfp_lroundf                         0x0800daf1   Thumb Code   194  lroundf.o(i.__hardfp_lroundf)
    __hardfp_sinf                            0x0800dbb5   Thumb Code   344  sinf.o(i.__hardfp_sinf)
    __hardfp_sqrtf                           0x0800dd45   Thumb Code    58  sqrtf.o(i.__hardfp_sqrtf)
    __mathlib_flt_infnan                     0x0800dd7f   Thumb Code     6  funder.o(i.__mathlib_flt_infnan)
    __mathlib_flt_infnan2                    0x0800dd85   Thumb Code     6  funder.o(i.__mathlib_flt_infnan2)
    __mathlib_flt_invalid                    0x0800dd8d   Thumb Code    10  funder.o(i.__mathlib_flt_invalid)
    __mathlib_flt_underflow                  0x0800dd9d   Thumb Code    10  funder.o(i.__mathlib_flt_underflow)
    __mathlib_rredf2                         0x0800ddad   Thumb Code   316  rredf.o(i.__mathlib_rredf2)
    _is_digit                                0x0800df01   Thumb Code    14  __printf_wp.o(i._is_digit)
    main                                     0x0800df11   Thumb Code   318  main.o(i.main)
    tFPark_albe2dq                           0x0800e07d   Thumb Code    42  vector_transfs.o(i.tFPark_albe2dq)
    tFRClarke_ab2albe                        0x0800e0a7   Thumb Code    54  vector_transfs.o(i.tFRClarke_ab2albe)
    tIFClarke_albe2abc                       0x0800e0dd   Thumb Code    74  vector_transfs.o(i.tIFClarke_albe2abc)
    tIPark_dq2albe                           0x0800e127   Thumb Code    42  vector_transfs.o(i.tIPark_dq2albe)
    tPI_calc                                 0x0800e151   Thumb Code   118  pidcontrol.o(i.tPI_calc)
    tPI_rst                                  0x0800e1c9   Thumb Code    30  pidcontrol.o(i.tPI_rst)
    _get_lc_numeric                          0x0800e1ed   Thumb Code    44  lc_numeric_c.o(locale$$code)
    _get_lc_ctype                            0x0800e219   Thumb Code    44  lc_ctype_c.o(locale$$code)
    __fpl_dretinf                            0x0800e245   Thumb Code    12  dretinf.o(x$fpl$dretinf)
    __aeabi_f2d                              0x0800e251   Thumb Code     0  f2d.o(x$fpl$f2d)
    _f2d                                     0x0800e251   Thumb Code    86  f2d.o(x$fpl$f2d)
    _ffix_r                                  0x0800e2a7   Thumb Code    14  ffix.o(x$fpl$ffixr)
    __fpl_fnaninf                            0x0800e2b5   Thumb Code   140  fnaninf.o(x$fpl$fnaninf)
    _fp_init                                 0x0800e341   Thumb Code    10  fpinit.o(x$fpl$fpinit)
    __fplib_config_fpu_vfp                   0x0800e349   Thumb Code     0  fpinit.o(x$fpl$fpinit)
    __fplib_config_pureend_doubles           0x0800e349   Thumb Code     0  fpinit.o(x$fpl$fpinit)
    _frem                                    0x0800e34d   Thumb Code   240  frem_clz.o(x$fpl$frem)
    _frnd                                    0x0800e441   Thumb Code    96  frnd.o(x$fpl$frnd)
    _printf_fp_dec                           0x0800e4a1   Thumb Code     4  printf1.o(x$fpl$printf1)
    _printf_fp_hex                           0x0800e4a5   Thumb Code     4  printf2.o(x$fpl$printf2)
    __I$use$fp                               0x0800e4a8   Number         0  usenofp.o(x$fpl$usenofp)
    AHBPrescTable                            0x0800e4b0   Data          16  system_stm32f4xx.o(.constdata)
    Region$$Table$$Base                      0x0800e6e0   Number         0  anon$$obj.o(Region$$Table)
    Region$$Table$$Limit                     0x0800e700   Number         0  anon$$obj.o(Region$$Table)
    __ctype                                  0x0800e729   Data           0  lc_ctype_c.o(locale$$data)
    system_on                                0x20000000   Data           1  main.o(.data)
    gRunMode                                 0x20000001   Data           1  main.o(.data)
    gIsrMeasureOnlyMode                      0x20000002   Data           1  main.o(.data)
    gControlTimingMode                       0x20000003   Data           1  main.o(.data)
    gEncoderAlignmentPolicy                  0x20000004   Data           1  main.o(.data)
    gEncoderAlignmentStatus                  0x20000005   Data           1  main.o(.data)
    gEncoderAlignmentNeedsFlashSave          0x20000006   Data           1  main.o(.data)
    gEncoderAlignmentRequested               0x20000007   Data           1  main.o(.data)
    gEncoderAlignmentContinueToRun           0x20000008   Data           1  main.o(.data)
    gEncoderAlignmentResumeRunMode           0x20000009   Data           1  main.o(.data)
    gServoArmOnlyRequested                   0x2000000a   Data           1  main.o(.data)
    gFocElectricalAngleTestMode              0x2000000b   Data           1  main.o(.data)
    gFocCurrentUvSwapTest                    0x2000000c   Data           1  main.o(.data)
    gFocSpeedRampBypass                      0x2000000d   Data           1  main.o(.data)
    gFocCurrentPolarityInvertTest            0x2000000e   Data           1  main.o(.data)
    gFpgaEncoderParserConfigured             0x2000000f   Data           1  main.o(.data)
    gFpgaDoneLatched                         0x20000010   Data           1  main.o(.data)
    gFocRotatingThetaTestRunning             0x20000011   Data           1  main.o(.data)
    gFocRotatingThetaVoltageTestRunning      0x20000012   Data           1  main.o(.data)
    gFocCurrentFeedbackMapTestRunning        0x20000013   Data           1  main.o(.data)
    FaultCode                                0x2000001c   Data           2  main.o(.data)
    gRawCurrentU                             0x2000001e   Data           2  main.o(.data)
    gRawCurrentV                             0x20000020   Data           2  main.o(.data)
    gRawVdc                                  0x20000022   Data           2  main.o(.data)
    gRawTemp                                 0x20000024   Data           2  main.o(.data)
    gDebugFaultSnapshot                      0x20000026   Data           2  main.o(.data)
    globalcontrolthetatune                   0x20000034   Data           4  main.o(.data)
    gTargetSpeedRpm                          0x20000038   Data           4  main.o(.data)
    gVfFrequencyHz                           0x2000003c   Data           4  main.o(.data)
    gVfVoltageV                              0x20000040   Data           4  main.o(.data)
    gOpenLoopFrequencyLimitHz                0x20000044   Data           4  main.o(.data)
    gTargetPositionCounts                    0x20000048   Data           4  main.o(.data)
    gCommandedSpeedRpm                       0x2000004c   Data           4  main.o(.data)
    gIdRefA                                  0x20000050   Data           4  main.o(.data)
    gIqRefA                                  0x20000054   Data           4  main.o(.data)
    gDebugSpeedRawRpm                        0x20000058   Data           4  main.o(.data)
    gDebugSpeedRawRpmAvg                     0x2000005c   Data           4  main.o(.data)
    gDebugObservedElectricalHz               0x20000060   Data           4  main.o(.data)
    gDebugObservedElectricalHzAvg            0x20000064   Data           4  main.o(.data)
    gDebugOpenLoopElectricalHzCmd            0x20000068   Data           4  main.o(.data)
    gDebugOpenLoopSyncRpmCmd                 0x2000006c   Data           4  main.o(.data)
    gDebugExpectedDeltaPosSync               0x20000070   Data           4  main.o(.data)
    gDebugDeltaPosAvg                        0x20000074   Data           4  main.o(.data)
    gDebugEncoderTurns                       0x20000078   Data           4  main.o(.data)
    gDebugMechanicalAngleRad                 0x2000007c   Data           4  main.o(.data)
    gDebugElectricalAngleRad                 0x20000080   Data           4  main.o(.data)
    gDebugIsrDeltaCycles                     0x20000084   Data           4  main.o(.data)
    gDebugIsrPeriodUs                        0x20000088   Data           4  main.o(.data)
    gDebugIsrFrequencyHz                     0x2000008c   Data           4  main.o(.data)
    gIsrMeasureEdgeCount                     0x20000090   Data           4  main.o(.data)
    gIsrMeasureEdgeFrequencyHz               0x20000094   Data           4  main.o(.data)
    gEffectiveCurrentLoopFrequencyHz         0x20000098   Data           4  main.o(.data)
    gEffectiveSpeedLoopFrequencyHz           0x2000009c   Data           4  main.o(.data)
    gTracePosError                           0x200000a0   Data           4  main.o(.data)
    gEncoderAlignmentLastCapturedOffset      0x200000a4   Data           4  main.o(.data)
    gFpgaDoneTickMs                          0x200000a8   Data           4  main.o(.data)
    gFocRotatingThetaDebugThetaDeg           0x200000ac   Data           4  main.o(.data)
    gFocRotatingThetaDebugDeltaPos           0x200000b0   Data           4  main.o(.data)
    gFocRotatingThetaVoltageDebugThetaDeg    0x200000b4   Data           4  main.o(.data)
    gFocRotatingThetaVoltageDebugDeltaPos    0x200000b8   Data           4  main.o(.data)
    gFaultPhaseU                             0x200000bc   Data           4  main.o(.data)
    gFaultPhaseV                             0x200000c0   Data           4  main.o(.data)
    gFaultPhaseW                             0x200000c4   Data           4  main.o(.data)
    StateMachine                             0x20000120   Data           8  main.o(.data)
    gClarke                                  0x20000128   Data          20  main.o(.data)
    gPark                                    0x2000013c   Data          28  main.o(.data)
    gInvPark                                 0x20000158   Data          28  main.o(.data)
    gInvClarke                               0x20000174   Data          24  main.o(.data)
    gIdPi                                    0x2000018c   Data          52  main.o(.data)
    gIqPi                                    0x200001c0   Data          52  main.o(.data)
    gSpeedPi                                 0x200001f4   Data          52  main.o(.data)
    gPositionPi                              0x20000228   Data          52  main.o(.data)
    data_received_global                     0x2000025c   Data           1  main.o(.data)
    FS_Desc                                  0x20000260   Data          28  usbd_desc.o(.data)
    USBD_LangIDDesc                          0x2000027c   Data           4  usbd_desc.o(.data)
    USBD_FS_DeviceDesc                       0x20000280   Data          18  usbd_desc.o(.data)
    USBD_Interface_fops_FS                   0x20000294   Data          16  usbd_cdc_if.o(.data)
    uwTickFreq                               0x200002ac   Data           1  stm32f4xx_hal.o(.data)
    uwTickPrio                               0x200002b0   Data           4  stm32f4xx_hal.o(.data)
    uwTick                                   0x200002b4   Data           4  stm32f4xx_hal.o(.data)
    SystemCoreClock                          0x200002b8   Data           4  system_stm32f4xx.o(.data)
    USBD_CDC_CfgHSDesc                       0x200002d0   Data          67  usbd_cdc.o(.data)
    USBD_CDC_CfgFSDesc                       0x20000314   Data          67  usbd_cdc.o(.data)
    USBD_CDC_OtherSpeedCfgDesc               0x20000358   Data          67  usbd_cdc.o(.data)
    USBD_CDC                                 0x2000039c   Data          56  usbd_cdc.o(.data)
    hadc1                                    0x20000430   Data          72  main.o(.bss)
    htim1                                    0x20000478   Data          60  main.o(.bss)
    htim8                                    0x200004b4   Data          60  main.o(.bss)
    hsram1                                   0x200004f0   Data          80  main.o(.bss)
    hsram2                                   0x20000540   Data          80  main.o(.bss)
    DriverParameter                          0x20000590   Data          68  main.o(.bss)
    MotorParameter                           0x200005d4   Data         128  main.o(.bss)
    RecordTable1                             0x20000654   Data       16000  main.o(.bss)
    Trace_Data                               0x200044d4   Data          28  main.o(.bss)
    IdSquareTuning                           0x200044f0   Data          48  main.o(.bss)
    gMotorAutoTune                           0x20004520   Data        7408  main.o(.bss)
    gUerrorCharacterization                  0x20006210   Data       10504  main.o(.bss)
    Parameter                                0x20008b18   Data         128  main.o(.bss)
    Current_Sensor                           0x20008b98   Data          24  main.o(.bss)
    USB_Comm                                 0x20008bb0   Data        1039  main.o(.bss)
    hUsbDeviceFS                             0x20008fc0   Data         548  usb_device.o(.bss)
    hpcd_USB_OTG_FS                          0x200091e4   Data        1008  usbd_conf.o(.bss)
    USBD_StrDesc                             0x200095d4   Data         512  usbd_desc.o(.bss)
    UserRxBufferFS                           0x200097d4   Data        2048  usbd_cdc_if.o(.bss)
    UserTxBufferFS                           0x20009fd4   Data        2048  usbd_cdc_if.o(.bss)
    pFlash                                   0x2000a7d4   Data          32  stm32f4xx_hal_flash.o(.bss)
    __libspace_start                         0x2000aba0   Data          96  libspace.o(.bss)
    __temporary_stack_top$libspace           0x2000ac00   Data           0  libspace.o(.bss)



==============================================================================

Memory Map of the image

  Image Entry point : 0x08000189

  Load Region LR_IROM1 (Base: 0x08000000, Size: 0x0000ec0c, Max: 0x00080000, ABSOLUTE, COMPRESSED[0x0000e91c])

    Execution Region ER_IROM1 (Exec base: 0x08000000, Load base: 0x08000000, Size: 0x0000e82c, Max: 0x00080000, ABSOLUTE)

    Exec Addr    Load Addr    Size         Type   Attr      Idx    E Section Name        Object

    0x08000000   0x08000000   0x00000188   Data   RO            3    RESET               startup_stm32f407xx.o
    0x08000188   0x08000188   0x00000008   Code   RO         5276  * !!!main             c_w.l(__main.o)
    0x08000190   0x08000190   0x00000034   Code   RO         5771    !!!scatter          c_w.l(__scatter.o)
    0x080001c4   0x080001c4   0x0000005a   Code   RO         5769    !!dczerorl2         c_w.l(__dczerorl2.o)
    0x0800021e   0x0800021e   0x00000002   PAD
    0x08000220   0x08000220   0x0000001c   Code   RO         5773    !!handler_zi        c_w.l(__scatter_zi.o)
    0x0800023c   0x0800023c   0x00000000   Code   RO         5471    .ARM.Collect$$_printf_percent$$00000000  c_w.l(_printf_percent.o)
    0x0800023c   0x0800023c   0x00000006   Code   RO         5460    .ARM.Collect$$_printf_percent$$00000001  c_w.l(_printf_n.o)
    0x08000242   0x08000242   0x00000006   Code   RO         5462    .ARM.Collect$$_printf_percent$$00000002  c_w.l(_printf_p.o)
    0x08000248   0x08000248   0x00000006   Code   RO         5467    .ARM.Collect$$_printf_percent$$00000003  c_w.l(_printf_f.o)
    0x0800024e   0x0800024e   0x00000006   Code   RO         5468    .ARM.Collect$$_printf_percent$$00000004  c_w.l(_printf_e.o)
    0x08000254   0x08000254   0x00000006   Code   RO         5469    .ARM.Collect$$_printf_percent$$00000005  c_w.l(_printf_g.o)
    0x0800025a   0x0800025a   0x00000006   Code   RO         5470    .ARM.Collect$$_printf_percent$$00000006  c_w.l(_printf_a.o)
    0x08000260   0x08000260   0x0000000a   Code   RO         5475    .ARM.Collect$$_printf_percent$$00000007  c_w.l(_printf_ll.o)
    0x0800026a   0x0800026a   0x00000006   Code   RO         5464    .ARM.Collect$$_printf_percent$$00000008  c_w.l(_printf_i.o)
    0x08000270   0x08000270   0x00000006   Code   RO         5465    .ARM.Collect$$_printf_percent$$00000009  c_w.l(_printf_d.o)
    0x08000276   0x08000276   0x00000006   Code   RO         5466    .ARM.Collect$$_printf_percent$$0000000A  c_w.l(_printf_u.o)
    0x0800027c   0x0800027c   0x00000006   Code   RO         5463    .ARM.Collect$$_printf_percent$$0000000B  c_w.l(_printf_o.o)
    0x08000282   0x08000282   0x00000006   Code   RO         5461    .ARM.Collect$$_printf_percent$$0000000C  c_w.l(_printf_x.o)
    0x08000288   0x08000288   0x00000006   Code   RO         5472    .ARM.Collect$$_printf_percent$$0000000D  c_w.l(_printf_lli.o)
    0x0800028e   0x0800028e   0x00000006   Code   RO         5473    .ARM.Collect$$_printf_percent$$0000000E  c_w.l(_printf_lld.o)
    0x08000294   0x08000294   0x00000006   Code   RO         5474    .ARM.Collect$$_printf_percent$$0000000F  c_w.l(_printf_llu.o)
    0x0800029a   0x0800029a   0x00000006   Code   RO         5479    .ARM.Collect$$_printf_percent$$00000010  c_w.l(_printf_llo.o)
    0x080002a0   0x080002a0   0x00000006   Code   RO         5480    .ARM.Collect$$_printf_percent$$00000011  c_w.l(_printf_llx.o)
    0x080002a6   0x080002a6   0x0000000a   Code   RO         5476    .ARM.Collect$$_printf_percent$$00000012  c_w.l(_printf_l.o)
    0x080002b0   0x080002b0   0x00000006   Code   RO         5458    .ARM.Collect$$_printf_percent$$00000013  c_w.l(_printf_c.o)
    0x080002b6   0x080002b6   0x00000006   Code   RO         5459    .ARM.Collect$$_printf_percent$$00000014  c_w.l(_printf_s.o)
    0x080002bc   0x080002bc   0x00000006   Code   RO         5477    .ARM.Collect$$_printf_percent$$00000015  c_w.l(_printf_lc.o)
    0x080002c2   0x080002c2   0x00000006   Code   RO         5478    .ARM.Collect$$_printf_percent$$00000016  c_w.l(_printf_ls.o)
    0x080002c8   0x080002c8   0x00000004   Code   RO         5618    .ARM.Collect$$_printf_percent$$00000017  c_w.l(_printf_percent_end.o)
    0x080002cc   0x080002cc   0x00000002   Code   RO         5697    .ARM.Collect$$libinit$$00000000  c_w.l(libinit.o)
    0x080002ce   0x080002ce   0x00000004   Code   RO         5483    .ARM.Collect$$libinit$$00000001  c_w.l(libinit2.o)
    0x080002d2   0x080002d2   0x00000000   Code   RO         5486    .ARM.Collect$$libinit$$00000004  c_w.l(libinit2.o)
    0x080002d2   0x080002d2   0x00000008   Code   RO         5487    .ARM.Collect$$libinit$$00000005  c_w.l(libinit2.o)
    0x080002da   0x080002da   0x00000000   Code   RO         5489    .ARM.Collect$$libinit$$0000000A  c_w.l(libinit2.o)
    0x080002da   0x080002da   0x00000000   Code   RO         5491    .ARM.Collect$$libinit$$0000000C  c_w.l(libinit2.o)
    0x080002da   0x080002da   0x00000000   Code   RO         5493    .ARM.Collect$$libinit$$0000000E  c_w.l(libinit2.o)
    0x080002da   0x080002da   0x00000006   Code   RO         5494    .ARM.Collect$$libinit$$0000000F  c_w.l(libinit2.o)
    0x080002e0   0x080002e0   0x00000000   Code   RO         5496    .ARM.Collect$$libinit$$00000011  c_w.l(libinit2.o)
    0x080002e0   0x080002e0   0x0000000c   Code   RO         5497    .ARM.Collect$$libinit$$00000012  c_w.l(libinit2.o)
    0x080002ec   0x080002ec   0x00000000   Code   RO         5498    .ARM.Collect$$libinit$$00000013  c_w.l(libinit2.o)
    0x080002ec   0x080002ec   0x00000000   Code   RO         5500    .ARM.Collect$$libinit$$00000015  c_w.l(libinit2.o)
    0x080002ec   0x080002ec   0x0000000a   Code   RO         5501    .ARM.Collect$$libinit$$00000016  c_w.l(libinit2.o)
    0x080002f6   0x080002f6   0x00000000   Code   RO         5502    .ARM.Collect$$libinit$$00000017  c_w.l(libinit2.o)
    0x080002f6   0x080002f6   0x00000000   Code   RO         5504    .ARM.Collect$$libinit$$00000019  c_w.l(libinit2.o)
    0x080002f6   0x080002f6   0x00000000   Code   RO         5506    .ARM.Collect$$libinit$$0000001B  c_w.l(libinit2.o)
    0x080002f6   0x080002f6   0x00000000   Code   RO         5508    .ARM.Collect$$libinit$$0000001D  c_w.l(libinit2.o)
    0x080002f6   0x080002f6   0x00000000   Code   RO         5510    .ARM.Collect$$libinit$$0000001F  c_w.l(libinit2.o)
    0x080002f6   0x080002f6   0x00000000   Code   RO         5512    .ARM.Collect$$libinit$$00000021  c_w.l(libinit2.o)
    0x080002f6   0x080002f6   0x00000000   Code   RO         5514    .ARM.Collect$$libinit$$00000023  c_w.l(libinit2.o)
    0x080002f6   0x080002f6   0x00000000   Code   RO         5516    .ARM.Collect$$libinit$$00000025  c_w.l(libinit2.o)
    0x080002f6   0x080002f6   0x00000000   Code   RO         5520    .ARM.Collect$$libinit$$0000002C  c_w.l(libinit2.o)
    0x080002f6   0x080002f6   0x00000000   Code   RO         5522    .ARM.Collect$$libinit$$0000002E  c_w.l(libinit2.o)
    0x080002f6   0x080002f6   0x00000000   Code   RO         5524    .ARM.Collect$$libinit$$00000030  c_w.l(libinit2.o)
    0x080002f6   0x080002f6   0x00000000   Code   RO         5526    .ARM.Collect$$libinit$$00000032  c_w.l(libinit2.o)
    0x080002f6   0x080002f6   0x00000002   Code   RO         5527    .ARM.Collect$$libinit$$00000033  c_w.l(libinit2.o)
    0x080002f8   0x080002f8   0x00000002   Code   RO         5766    .ARM.Collect$$libshutdown$$00000000  c_w.l(libshutdown.o)
    0x080002fa   0x080002fa   0x00000000   Code   RO         5722    .ARM.Collect$$libshutdown$$00000002  c_w.l(libshutdown2.o)
    0x080002fa   0x080002fa   0x00000000   Code   RO         5724    .ARM.Collect$$libshutdown$$00000004  c_w.l(libshutdown2.o)
    0x080002fa   0x080002fa   0x00000000   Code   RO         5726    .ARM.Collect$$libshutdown$$00000006  c_w.l(libshutdown2.o)
    0x080002fa   0x080002fa   0x00000000   Code   RO         5729    .ARM.Collect$$libshutdown$$00000009  c_w.l(libshutdown2.o)
    0x080002fa   0x080002fa   0x00000000   Code   RO         5732    .ARM.Collect$$libshutdown$$0000000C  c_w.l(libshutdown2.o)
    0x080002fa   0x080002fa   0x00000000   Code   RO         5734    .ARM.Collect$$libshutdown$$0000000E  c_w.l(libshutdown2.o)
    0x080002fa   0x080002fa   0x00000000   Code   RO         5737    .ARM.Collect$$libshutdown$$00000011  c_w.l(libshutdown2.o)
    0x080002fa   0x080002fa   0x00000002   Code   RO         5738    .ARM.Collect$$libshutdown$$00000012  c_w.l(libshutdown2.o)
    0x080002fc   0x080002fc   0x00000000   Code   RO         5356    .ARM.Collect$$rtentry$$00000000  c_w.l(__rtentry.o)
    0x080002fc   0x080002fc   0x00000000   Code   RO         5574    .ARM.Collect$$rtentry$$00000002  c_w.l(__rtentry2.o)
    0x080002fc   0x080002fc   0x00000006   Code   RO         5586    .ARM.Collect$$rtentry$$00000004  c_w.l(__rtentry4.o)
    0x08000302   0x08000302   0x00000000   Code   RO         5576    .ARM.Collect$$rtentry$$00000009  c_w.l(__rtentry2.o)
    0x08000302   0x08000302   0x00000004   Code   RO         5577    .ARM.Collect$$rtentry$$0000000A  c_w.l(__rtentry2.o)
    0x08000306   0x08000306   0x00000000   Code   RO         5579    .ARM.Collect$$rtentry$$0000000C  c_w.l(__rtentry2.o)
    0x08000306   0x08000306   0x00000008   Code   RO         5580    .ARM.Collect$$rtentry$$0000000D  c_w.l(__rtentry2.o)
    0x0800030e   0x0800030e   0x00000002   Code   RO         5704    .ARM.Collect$$rtexit$$00000000  c_w.l(rtexit.o)
    0x08000310   0x08000310   0x00000000   Code   RO         5742    .ARM.Collect$$rtexit$$00000002  c_w.l(rtexit2.o)
    0x08000310   0x08000310   0x00000004   Code   RO         5743    .ARM.Collect$$rtexit$$00000003  c_w.l(rtexit2.o)
    0x08000314   0x08000314   0x00000006   Code   RO         5744    .ARM.Collect$$rtexit$$00000004  c_w.l(rtexit2.o)
    0x0800031a   0x0800031a   0x00000002   PAD
    0x0800031c   0x0800031c   0x00000000   Code   RO         5597    .emb_text           c_w.l(maybetermalloc1.o)
    0x0800031c   0x0800031c   0x00000040   Code   RO            4    .text               startup_stm32f407xx.o
    0x0800035c   0x0800035c   0x0000005e   Code   RO         5206    .text               c_w.l(h1_alloc.o)
    0x080003ba   0x080003ba   0x0000004e   Code   RO         5208    .text               c_w.l(h1_free.o)
    0x08000408   0x08000408   0x000000ee   Code   RO         5264    .text               c_w.l(lludivv7m.o)
    0x080004f6   0x080004f6   0x00000002   PAD
    0x080004f8   0x080004f8   0x00000034   Code   RO         5266    .text               c_w.l(vsnprintf.o)
    0x0800052c   0x0800052c   0x0000008a   Code   RO         5268    .text               c_w.l(rt_memcpy_v6.o)
    0x080005b6   0x080005b6   0x00000064   Code   RO         5270    .text               c_w.l(rt_memcpy_w.o)
    0x0800061a   0x0800061a   0x0000004e   Code   RO         5272    .text               c_w.l(rt_memclr_w.o)
    0x08000668   0x08000668   0x00000006   Code   RO         5274    .text               c_w.l(heapauxi.o)
    0x0800066e   0x0800066e   0x00000002   PAD
    0x08000670   0x08000670   0x00000008   Code   RO         5364    .text               c_w.l(rt_heap_descriptor_intlibspace.o)
    0x08000678   0x08000678   0x00000004   Code   RO         5366    .text               c_w.l(hguard.o)
    0x0800067c   0x0800067c   0x0000008a   Code   RO         5368    .text               c_w.l(init_alloc.o)
    0x08000706   0x08000706   0x0000000e   Code   RO         5372    .text               c_w.l(h1_init.o)
    0x08000714   0x08000714   0x00000016   Code   RO         5386    .text               c_w.l(_rserrno.o)
    0x0800072a   0x0800072a   0x0000004e   Code   RO         5390    .text               c_w.l(_printf_pad.o)
    0x08000778   0x08000778   0x00000024   Code   RO         5392    .text               c_w.l(_printf_truncate.o)
    0x0800079c   0x0800079c   0x00000052   Code   RO         5394    .text               c_w.l(_printf_str.o)
    0x080007ee   0x080007ee   0x00000002   PAD
    0x080007f0   0x080007f0   0x00000078   Code   RO         5396    .text               c_w.l(_printf_dec.o)
    0x08000868   0x08000868   0x00000028   Code   RO         5398    .text               c_w.l(_printf_charcount.o)
    0x08000890   0x08000890   0x00000030   Code   RO         5400    .text               c_w.l(_printf_char_common.o)
    0x080008c0   0x080008c0   0x0000000a   Code   RO         5402    .text               c_w.l(_sputc.o)
    0x080008ca   0x080008ca   0x00000010   Code   RO         5404    .text               c_w.l(_snputc.o)
    0x080008da   0x080008da   0x00000002   PAD
    0x080008dc   0x080008dc   0x000000bc   Code   RO         5406    .text               c_w.l(_printf_wctomb.o)
    0x08000998   0x08000998   0x0000007c   Code   RO         5409    .text               c_w.l(_printf_longlong_dec.o)
    0x08000a14   0x08000a14   0x00000070   Code   RO         5415    .text               c_w.l(_printf_oct_int_ll.o)
    0x08000a84   0x08000a84   0x00000094   Code   RO         5435    .text               c_w.l(_printf_hex_int_ll_ptr.o)
    0x08000b18   0x08000b18   0x00000188   Code   RO         5455    .text               c_w.l(__printf_flags_ss_wp.o)
    0x08000ca0   0x08000ca0   0x00000008   Code   RO         5570    .text               c_w.l(libspace.o)
    0x08000ca8   0x08000ca8   0x00000008   Code   RO         5593    .text               c_w.l(rt_errno_addr_intlibspace.o)
    0x08000cb0   0x08000cb0   0x00000034   Code   RO         5599    .text               c_w.l(h1_extend.o)
    0x08000ce4   0x08000ce4   0x0000008a   Code   RO         5603    .text               c_w.l(lludiv10.o)
    0x08000d6e   0x08000d6e   0x000000b2   Code   RO         5605    .text               c_w.l(_printf_intcommon.o)
    0x08000e20   0x08000e20   0x0000041e   Code   RO         5607    .text               c_w.l(_printf_fp_dec.o)
    0x0800123e   0x0800123e   0x00000002   PAD
    0x08001240   0x08001240   0x000002fc   Code   RO         5609    .text               c_w.l(_printf_fp_hex.o)
    0x0800153c   0x0800153c   0x0000002c   Code   RO         5614    .text               c_w.l(_printf_char.o)
    0x08001568   0x08001568   0x0000002c   Code   RO         5616    .text               c_w.l(_printf_wchar.o)
    0x08001594   0x08001594   0x00000040   Code   RO         5619    .text               c_w.l(_wcrtomb.o)
    0x080015d4   0x080015d4   0x0000000e   Code   RO         5621    .text               c_w.l(defsig_rtmem_outer.o)
    0x080015e2   0x080015e2   0x00000002   Code   RO         5632    .text               c_w.l(use_no_semi.o)
    0x080015e4   0x080015e4   0x00000000   Code   RO         5634    .text               c_w.l(indicate_semi.o)
    0x080015e4   0x080015e4   0x0000004a   Code   RO         5635    .text               c_w.l(sys_stackheap_outer.o)
    0x0800162e   0x0800162e   0x00000002   PAD
    0x08001630   0x08001630   0x00000010   Code   RO         5637    .text               c_w.l(rt_ctype_table.o)
    0x08001640   0x08001640   0x00000008   Code   RO         5644    .text               c_w.l(rt_locale_intlibspace.o)
    0x08001648   0x08001648   0x00000080   Code   RO         5648    .text               c_w.l(_printf_fp_infnan.o)
    0x080016c8   0x080016c8   0x000000e4   Code   RO         5650    .text               c_w.l(bigflt0.o)
    0x080017ac   0x080017ac   0x00000012   Code   RO         5678    .text               c_w.l(exit.o)
    0x080017be   0x080017be   0x0000000a   Code   RO         5680    .text               c_w.l(defsig_exit.o)
    0x080017c8   0x080017c8   0x00000050   Code   RO         5686    .text               c_w.l(defsig_rtmem_inner.o)
    0x08001818   0x08001818   0x0000000c   Code   RO         5702    .text               c_w.l(sys_exit.o)
    0x08001824   0x08001824   0x00000032   Code   RO         5715    .text               c_w.l(defsig_general.o)
    0x08001856   0x08001856   0x00000002   PAD
    0x08001858   0x08001858   0x00000080   Code   RO         5719    .text               c_w.l(strcmpv7m.o)
    0x080018d8   0x080018d8   0x0000000e   Code   RO         5739    .text               c_w.l(sys_wrch.o)
    0x080018e6   0x080018e6   0x0000003e   Code   RO         5653    CL$$btod_d2e        c_w.l(btod.o)
    0x08001924   0x08001924   0x00000046   Code   RO         5655    CL$$btod_d2e_denorm_low  c_w.l(btod.o)
    0x0800196a   0x0800196a   0x00000060   Code   RO         5654    CL$$btod_d2e_norm_op1  c_w.l(btod.o)
    0x080019ca   0x080019ca   0x00000338   Code   RO         5663    CL$$btod_div_common  c_w.l(btod.o)
    0x08001d02   0x08001d02   0x000000dc   Code   RO         5660    CL$$btod_e2e        c_w.l(btod.o)
    0x08001dde   0x08001dde   0x0000002a   Code   RO         5657    CL$$btod_ediv       c_w.l(btod.o)
    0x08001e08   0x08001e08   0x0000002a   Code   RO         5656    CL$$btod_emul       c_w.l(btod.o)
    0x08001e32   0x08001e32   0x00000244   Code   RO         5662    CL$$btod_mult_common  c_w.l(btod.o)
    0x08002076   0x08002076   0x00000002   PAD
    0x08002078   0x08002078   0x00000124   Code   RO         2759    i.ADC_Init          stm32f4xx_hal_adc.o
    0x0800219c   0x0800219c   0x0000006c   Code   RO           13    i.AccumulateEncoderAlignmentSample  main.o
    0x08002208   0x08002208   0x0000003c   Code   RO           14    i.AdvanceUerrorSweepPoint  main.o
    0x08002244   0x08002244   0x00000038   Code   RO           15    i.AppendUerrorTargetPoint  main.o
    0x0800227c   0x0800227c   0x000000a0   Code   RO           16    i.ApplyControlTimingMode  main.o
    0x0800231c   0x0800231c   0x000000bc   Code   RO           17    i.ApplyCurrentLoopDecoupling  main.o
    0x080023d8   0x080023d8   0x00000244   Code   RO           18    i.ApplyOpenLoopVfCommand  main.o
    0x0800261c   0x0800261c   0x00000050   Code   RO           19    i.ApplyPhaseCurrentFeedbackMapping  main.o
    0x0800266c   0x0800266c   0x000000e4   Code   RO           20    i.ApplySpeedRampLimit  main.o
    0x08002750   0x08002750   0x000000d8   Code   RO           21    i.ApplyUerrorCompensationToPhaseVoltages  main.o
    0x08002828   0x08002828   0x00000074   Code   RO           22    i.ApplyUerrorLut    main.o
    0x0800289c   0x0800289c   0x00000140   Code   RO           23    i.ApplyVoltageVectorForTheta  main.o
    0x080029dc   0x080029dc   0x0000012c   Code   RO           24    i.BuildUerrorSweepTargets  main.o
    0x08002b08   0x08002b08   0x00000002   Code   RO          992    i.BusFault_Handler  stm32f4xx_it.o
    0x08002b0a   0x08002b0a   0x00000004   Code   RO          940    i.CDC_Control_FS    usbd_cdc_if.o
    0x08002b0e   0x08002b0e   0x00000004   Code   RO          941    i.CDC_DeInit_FS     usbd_cdc_if.o
    0x08002b12   0x08002b12   0x00000002   PAD
    0x08002b14   0x08002b14   0x00000024   Code   RO          942    i.CDC_Init_FS       usbd_cdc_if.o
    0x08002b38   0x08002b38   0x0000002c   Code   RO          943    i.CDC_Receive_FS    usbd_cdc_if.o
    0x08002b64   0x08002b64   0x0000002c   Code   RO          944    i.CDC_Transmit_FS   usbd_cdc_if.o
    0x08002b90   0x08002b90   0x000000b0   Code   RO           25    i.CalcAlignedEncoderOffsetFromCounts  main.o
    0x08002c40   0x08002c40   0x00000068   Code   RO           26    i.CalcAveragedAlignedEncoderOffset  main.o
    0x08002ca8   0x08002ca8   0x0000001e   Code   RO         4823    i.CalcCRC           usbcomunication.o
    0x08002cc6   0x08002cc6   0x00000002   PAD
    0x08002cc8   0x08002cc8   0x000000b0   Code   RO           27    i.CalcIdSquareTuningAlignmentCurrent  main.o
    0x08002d78   0x08002d78   0x00000100   Code   RO           28    i.CalcIdSquareTuningReference  main.o
    0x08002e78   0x08002e78   0x00000078   Code   RO           29    i.CalcIdSquareTuningVoltageLimit  main.o
    0x08002ef0   0x08002ef0   0x000000d4   Code   RO         4669    i.CalibrateCurrentSensor  parameter.o
    0x08002fc4   0x08002fc4   0x00000036   Code   RO         4670    i.CheckCurrentPhaseFault  parameter.o
    0x08002ffa   0x08002ffa   0x00000002   PAD
    0x08002ffc   0x08002ffc   0x00000014   Code   RO         4671    i.CheckTempFault    parameter.o
    0x08003010   0x08003010   0x00000014   Code   RO         4672    i.CheckVbusFault    parameter.o
    0x08003024   0x08003024   0x00000020   Code   RO           30    i.ClampFloat        main.o
    0x08003044   0x08003044   0x0000018c   Code   RO         4608    i.Control_V_over_F  pwm.o
    0x080031d0   0x080031d0   0x00000002   Code   RO          993    i.DebugMon_Handler  stm32f4xx_it.o
    0x080031d2   0x080031d2   0x00000006   Code   RO          994    i.EXTI0_IRQHandler  stm32f4xx_it.o
    0x080031d8   0x080031d8   0x00000008   Code   RO          995    i.EXTI15_10_IRQHandler  stm32f4xx_it.o
    0x080031e0   0x080031e0   0x00000006   Code   RO          996    i.EXTI1_IRQHandler  stm32f4xx_it.o
    0x080031e6   0x080031e6   0x00000006   Code   RO          997    i.EXTI2_IRQHandler  stm32f4xx_it.o
    0x080031ec   0x080031ec   0x00000050   Code   RO         1985    i.FLASH_Erase_Sector  stm32f4xx_hal_flash_ex.o
    0x0800323c   0x0800323c   0x00000054   Code   RO         1986    i.FLASH_FlushCaches  stm32f4xx_hal_flash_ex.o
    0x08003290   0x08003290   0x00000028   Code   RO         1987    i.FLASH_MassErase   stm32f4xx_hal_flash_ex.o
    0x080032b8   0x080032b8   0x00000020   Code   RO         1867    i.FLASH_Program_Byte  stm32f4xx_hal_flash.o
    0x080032d8   0x080032d8   0x00000028   Code   RO         1868    i.FLASH_Program_DoubleWord  stm32f4xx_hal_flash.o
    0x08003300   0x08003300   0x00000024   Code   RO         1869    i.FLASH_Program_HalfWord  stm32f4xx_hal_flash.o
    0x08003324   0x08003324   0x00000024   Code   RO         1870    i.FLASH_Program_Word  stm32f4xx_hal_flash.o
    0x08003348   0x08003348   0x00000068   Code   RO         1871    i.FLASH_SetErrorCode  stm32f4xx_hal_flash.o
    0x080033b0   0x080033b0   0x00000050   Code   RO         1872    i.FLASH_WaitForLastOperation  stm32f4xx_hal_flash.o
    0x08003400   0x08003400   0x00000040   Code   RO         3039    i.FSMC_NORSRAM_Extended_Timing_Init  stm32f4xx_ll_fsmc.o
    0x08003440   0x08003440   0x00000054   Code   RO         3040    i.FSMC_NORSRAM_Init  stm32f4xx_ll_fsmc.o
    0x08003494   0x08003494   0x00000044   Code   RO         3041    i.FSMC_NORSRAM_Timing_Init  stm32f4xx_ll_fsmc.o
    0x080034d8   0x080034d8   0x0000008c   Code   RO           31    i.FinalizeEncoderAlignment  main.o
    0x08003564   0x08003564   0x0000004c   Code   RO           32    i.FinishUerrorCharacterization  main.o
    0x080035b0   0x080035b0   0x0000001a   Code   RO           33    i.FlashRegionHasData  main.o
    0x080035ca   0x080035ca   0x00000002   PAD
    0x080035cc   0x080035cc   0x000000d0   Code   RO           34    i.FlashWriteFloatArray  main.o
    0x0800369c   0x0800369c   0x000000a4   Code   RO         4609    i.GeneratePWM       pwm.o
    0x08003740   0x08003740   0x00000060   Code   RO           35    i.GetAlignedSingleTurnPositionCounts  main.o
    0x080037a0   0x080037a0   0x00000020   Code   RO           36    i.GetConfiguredPositionIntegralGain  main.o
    0x080037c0   0x080037c0   0x0000001c   Code   RO           37    i.GetConfiguredPositionTrackingMode  main.o
    0x080037dc   0x080037dc   0x00000030   Code   RO           38    i.GetConfiguredSpeedLimitRpm  main.o
    0x0800380c   0x0800380c   0x00000050   Code   RO           39    i.GetCurrentFeedbackMapCaseName  main.o
    0x0800385c   0x0800385c   0x00000024   Code   RO           40    i.GetEffectiveCurrentLoopFrequency  main.o
    0x08003880   0x08003880   0x0000002c   Code   RO           41    i.GetEffectiveSpeedLoopFrequency  main.o
    0x080038ac   0x080038ac   0x00000064   Code   RO           42    i.GetOpenLoopVoltageLimit  main.o
    0x08003910   0x08003910   0x000004d8   Code   RO         4673    i.GetParameter      parameter.o
    0x08003de8   0x08003de8   0x0000001c   Code   RO           43    i.GetRuntimeFocControlTheta  main.o
    0x08003e04   0x08003e04   0x0000014c   Code   RO         2761    i.HAL_ADC_ConfigChannel  stm32f4xx_hal_adc.o
    0x08003f50   0x08003f50   0x00000054   Code   RO         2770    i.HAL_ADC_Init      stm32f4xx_hal_adc.o
    0x08003fa4   0x08003fa4   0x00000028   Code   RO         1099    i.HAL_ADC_MspInit   stm32f4xx_hal_msp.o
    0x08003fcc   0x08003fcc   0x00000024   Code   RO         2592    i.HAL_Delay         stm32f4xx_hal.o
    0x08003ff0   0x08003ff0   0x00000098   Code   RO         1988    i.HAL_FLASHEx_Erase  stm32f4xx_hal_flash_ex.o
    0x08004088   0x08004088   0x00000014   Code   RO         1876    i.HAL_FLASH_Lock    stm32f4xx_hal_flash.o
    0x0800409c   0x0800409c   0x0000007c   Code   RO         1881    i.HAL_FLASH_Program  stm32f4xx_hal_flash.o
    0x08004118   0x08004118   0x0000002c   Code   RO         1883    i.HAL_FLASH_Unlock  stm32f4xx_hal_flash.o
    0x08004144   0x08004144   0x0000009c   Code   RO         1100    i.HAL_FSMC_MspInit  stm32f4xx_hal_msp.o
    0x080041e0   0x080041e0   0x000001fc   Code   RO           44    i.HAL_GPIO_EXTI_Callback  main.o
    0x080043dc   0x080043dc   0x00000018   Code   RO         2065    i.HAL_GPIO_EXTI_IRQHandler  stm32f4xx_hal_gpio.o
    0x080043f4   0x080043f4   0x000001b0   Code   RO         2066    i.HAL_GPIO_Init     stm32f4xx_hal_gpio.o
    0x080045a4   0x080045a4   0x0000000a   Code   RO         2068    i.HAL_GPIO_ReadPin  stm32f4xx_hal_gpio.o
    0x080045ae   0x080045ae   0x00000008   Code   RO         2069    i.HAL_GPIO_TogglePin  stm32f4xx_hal_gpio.o
    0x080045b6   0x080045b6   0x0000000a   Code   RO         2070    i.HAL_GPIO_WritePin  stm32f4xx_hal_gpio.o
    0x080045c0   0x080045c0   0x0000000c   Code   RO         2598    i.HAL_GetTick       stm32f4xx_hal.o
    0x080045cc   0x080045cc   0x00000010   Code   RO         2602    i.HAL_IncTick       stm32f4xx_hal.o
    0x080045dc   0x080045dc   0x00000034   Code   RO         2603    i.HAL_Init          stm32f4xx_hal.o
    0x08004610   0x08004610   0x00000040   Code   RO         2604    i.HAL_InitTick      stm32f4xx_hal.o
    0x08004650   0x08004650   0x00000084   Code   RO         1101    i.HAL_MspInit       stm32f4xx_hal_msp.o
    0x080046d4   0x080046d4   0x00000016   Code   RO         2455    i.HAL_NVIC_EnableIRQ  stm32f4xx_hal_cortex.o
    0x080046ea   0x080046ea   0x00000002   PAD
    0x080046ec   0x080046ec   0x00000040   Code   RO         2461    i.HAL_NVIC_SetPriority  stm32f4xx_hal_cortex.o
    0x0800472c   0x0800472c   0x00000024   Code   RO         2462    i.HAL_NVIC_SetPriorityGrouping  stm32f4xx_hal_cortex.o
    0x08004750   0x08004750   0x00000008   Code   RO         1398    i.HAL_PCDEx_SetRxFiFo  stm32f4xx_hal_pcd_ex.o
    0x08004758   0x08004758   0x00000044   Code   RO         1399    i.HAL_PCDEx_SetTxFiFo  stm32f4xx_hal_pcd_ex.o
    0x0800479c   0x0800479c   0x00000008   Code   RO          683    i.HAL_PCD_ConnectCallback  usbd_conf.o
    0x080047a4   0x080047a4   0x00000012   Code   RO          684    i.HAL_PCD_DataInStageCallback  usbd_conf.o
    0x080047b6   0x080047b6   0x00000014   Code   RO          685    i.HAL_PCD_DataOutStageCallback  usbd_conf.o
    0x080047ca   0x080047ca   0x00000008   Code   RO          686    i.HAL_PCD_DisconnectCallback  usbd_conf.o
    0x080047d2   0x080047d2   0x00000044   Code   RO         1192    i.HAL_PCD_EP_Close  stm32f4xx_hal_pcd.o
    0x08004816   0x08004816   0x00000050   Code   RO         1193    i.HAL_PCD_EP_ClrStall  stm32f4xx_hal_pcd.o
    0x08004866   0x08004866   0x00000014   Code   RO         1195    i.HAL_PCD_EP_GetRxCount  stm32f4xx_hal_pcd.o
    0x0800487a   0x0800487a   0x00000054   Code   RO         1196    i.HAL_PCD_EP_Open   stm32f4xx_hal_pcd.o
    0x080048ce   0x080048ce   0x00000048   Code   RO         1197    i.HAL_PCD_EP_Receive  stm32f4xx_hal_pcd.o
    0x08004916   0x08004916   0x00000060   Code   RO         1198    i.HAL_PCD_EP_SetStall  stm32f4xx_hal_pcd.o
    0x08004976   0x08004976   0x00000040   Code   RO         1199    i.HAL_PCD_EP_Transmit  stm32f4xx_hal_pcd.o
    0x080049b6   0x080049b6   0x00000002   PAD
    0x080049b8   0x080049b8   0x000004f4   Code   RO         1201    i.HAL_PCD_IRQHandler  stm32f4xx_hal_pcd.o
    0x08004eac   0x08004eac   0x00000008   Code   RO          687    i.HAL_PCD_ISOINIncompleteCallback  usbd_conf.o
    0x08004eb4   0x08004eb4   0x00000008   Code   RO          688    i.HAL_PCD_ISOOUTIncompleteCallback  usbd_conf.o
    0x08004ebc   0x08004ebc   0x000000be   Code   RO         1204    i.HAL_PCD_Init      stm32f4xx_hal_pcd.o
    0x08004f7a   0x08004f7a   0x00000002   PAD
    0x08004f7c   0x08004f7c   0x00000064   Code   RO          690    i.HAL_PCD_MspInit   usbd_conf.o
    0x08004fe0   0x08004fe0   0x00000020   Code   RO          691    i.HAL_PCD_ResetCallback  usbd_conf.o
    0x08005000   0x08005000   0x00000008   Code   RO          692    i.HAL_PCD_ResumeCallback  usbd_conf.o
    0x08005008   0x08005008   0x00000008   Code   RO          693    i.HAL_PCD_SOFCallback  usbd_conf.o
    0x08005010   0x08005010   0x00000024   Code   RO         1210    i.HAL_PCD_SetAddress  stm32f4xx_hal_pcd.o
    0x08005034   0x08005034   0x0000000e   Code   RO          694    i.HAL_PCD_SetupStageCallback  usbd_conf.o
    0x08005042   0x08005042   0x0000002a   Code   RO         1212    i.HAL_PCD_Start     stm32f4xx_hal_pcd.o
    0x0800506c   0x0800506c   0x00000030   Code   RO          695    i.HAL_PCD_SuspendCallback  usbd_conf.o
    0x0800509c   0x0800509c   0x00000130   Code   RO         1712    i.HAL_RCC_ClockConfig  stm32f4xx_hal_rcc.o
    0x080051cc   0x080051cc   0x0000000c   Code   RO         1717    i.HAL_RCC_GetHCLKFreq  stm32f4xx_hal_rcc.o
    0x080051d8   0x080051d8   0x00000064   Code   RO         1721    i.HAL_RCC_GetSysClockFreq  stm32f4xx_hal_rcc.o
    0x0800523c   0x0800523c   0x0000031c   Code   RO         1724    i.HAL_RCC_OscConfig  stm32f4xx_hal_rcc.o
    0x08005558   0x08005558   0x00000056   Code   RO         3179    i.HAL_SRAM_Init     stm32f4xx_hal_sram.o
    0x080055ae   0x080055ae   0x00000004   Code   RO         1103    i.HAL_SRAM_MspInit  stm32f4xx_hal_msp.o
    0x080055b2   0x080055b2   0x00000018   Code   RO         2464    i.HAL_SYSTICK_CLKSourceConfig  stm32f4xx_hal_cortex.o
    0x080055ca   0x080055ca   0x00000002   Code   RO         2465    i.HAL_SYSTICK_Callback  stm32f4xx_hal_cortex.o
    0x080055cc   0x080055cc   0x00000028   Code   RO         2466    i.HAL_SYSTICK_Config  stm32f4xx_hal_cortex.o
    0x080055f4   0x080055f4   0x00000008   Code   RO         2467    i.HAL_SYSTICK_IRQHandler  stm32f4xx_hal_cortex.o
    0x080055fc   0x080055fc   0x0000005a   Code   RO         3964    i.HAL_TIMEx_ConfigBreakDeadTime  stm32f4xx_hal_tim_ex.o
    0x08005656   0x08005656   0x00000050   Code   RO         3979    i.HAL_TIMEx_MasterConfigSynchronization  stm32f4xx_hal_tim_ex.o
    0x080056a6   0x080056a6   0x00000024   Code   RO         3990    i.HAL_TIMEx_PWMN_Start  stm32f4xx_hal_tim_ex.o
    0x080056ca   0x080056ca   0x00000044   Code   RO         3993    i.HAL_TIMEx_PWMN_Stop  stm32f4xx_hal_tim_ex.o
    0x0800570e   0x0800570e   0x00000036   Code   RO         3333    i.HAL_TIM_Base_Init  stm32f4xx_hal_tim.o
    0x08005744   0x08005744   0x00000048   Code   RO         1105    i.HAL_TIM_Base_MspInit  stm32f4xx_hal_msp.o
    0x0800578c   0x0800578c   0x00000084   Code   RO         1106    i.HAL_TIM_MspPostInit  stm32f4xx_hal_msp.o
    0x08005810   0x08005810   0x000000d0   Code   RO         3399    i.HAL_TIM_PWM_ConfigChannel  stm32f4xx_hal_tim.o
    0x080058e0   0x080058e0   0x00000036   Code   RO         3402    i.HAL_TIM_PWM_Init  stm32f4xx_hal_tim.o
    0x08005916   0x08005916   0x00000002   PAD
    0x08005918   0x08005918   0x00000028   Code   RO         1108    i.HAL_TIM_PWM_MspInit  stm32f4xx_hal_msp.o
    0x08005940   0x08005940   0x00000038   Code   RO         3406    i.HAL_TIM_PWM_Start  stm32f4xx_hal_tim.o
    0x08005978   0x08005978   0x0000005c   Code   RO         3409    i.HAL_TIM_PWM_Stop  stm32f4xx_hal_tim.o
    0x080059d4   0x080059d4   0x00000042   Code   RO         3414    i.HAL_TIM_SlaveConfigSynchronization  stm32f4xx_hal_tim.o
    0x08005a16   0x08005a16   0x00000002   Code   RO          998    i.HardFault_Handler  stm32f4xx_it.o
    0x08005a18   0x08005a18   0x00000050   Code   RO         4674    i.Init_Parameter    parameter.o
    0x08005a68   0x08005a68   0x00000066   Code   RO           45    i.LimitDqVoltageVector  main.o
    0x08005ace   0x08005ace   0x00000002   PAD
    0x08005ad0   0x08005ad0   0x00000058   Code   RO           46    i.LoadAutoTuneCurrentPiGains  main.o
    0x08005b28   0x08005b28   0x00000110   Code   RO           47    i.LoadDefaultParameters  main.o
    0x08005c38   0x08005c38   0x00000050   Code   RO           48    i.LoadDiagnosticCurrentPiGains  main.o
    0x08005c88   0x08005c88   0x00000018   Code   RO           49    i.LoadFloatArrayFromFlash  main.o
    0x08005ca0   0x08005ca0   0x000000e0   Code   RO           50    i.LoadUerrorLutFromFlashIfAvailable  main.o
    0x08005d80   0x08005d80   0x000000bc   Code   RO           51    i.LookupUerrorLutNorm  main.o
    0x08005e3c   0x08005e3c   0x00000054   Code   RO           52    i.MX_ADC1_Init      main.o
    0x08005e90   0x08005e90   0x000000bc   Code   RO           53    i.MX_FSMC_Init      main.o
    0x08005f4c   0x08005f4c   0x00000234   Code   RO           54    i.MX_GPIO_Init      main.o
    0x08006180   0x08006180   0x00000080   Code   RO           55    i.MX_TIM1_Init      main.o
    0x08006200   0x08006200   0x000000d8   Code   RO           56    i.MX_TIM8_Init      main.o
    0x080062d8   0x080062d8   0x00000038   Code   RO          632    i.MX_USB_DEVICE_Init  usb_device.o
    0x08006310   0x08006310   0x00000002   Code   RO          999    i.MemManage_Handler  stm32f4xx_it.o
    0x08006312   0x08006312   0x00000010   Code   RO         5083    i.MotorAutoTune_Abs  motor_autotune.o
    0x08006322   0x08006322   0x0000001a   Code   RO         5084    i.MotorAutoTune_AdvanceToStage  motor_autotune.o
    0x0800633c   0x0800633c   0x00000094   Code   RO         5085    i.MotorAutoTune_ApplyEstimatedParameters  motor_autotune.o
    0x080063d0   0x080063d0   0x00000016   Code   RO         5086    i.MotorAutoTune_ArmChartTransfer  motor_autotune.o
    0x080063e6   0x080063e6   0x00000020   Code   RO         5087    i.MotorAutoTune_Clamp  motor_autotune.o
    0x08006406   0x08006406   0x00000036   Code   RO         5088    i.MotorAutoTune_ClearDataReady  motor_autotune.o
    0x0800643c   0x0800643c   0x00000048   Code   RO         5089    i.MotorAutoTune_CurrentLoopVoltageLimit  motor_autotune.o
    0x08006484   0x08006484   0x0000014c   Code   RO         5090    i.MotorAutoTune_Finish  motor_autotune.o
    0x080065d0   0x080065d0   0x0000007c   Code   RO         5091    i.MotorAutoTune_PrepareChart  motor_autotune.o
    0x0800664c   0x0800664c   0x000000e0   Code   RO         5092    i.MotorAutoTune_Process  motor_autotune.o
    0x0800672c   0x0800672c   0x000003b8   Code   RO         5093    i.MotorAutoTune_ProcessFlux  motor_autotune.o
    0x08006ae4   0x08006ae4   0x0000026c   Code   RO         5094    i.MotorAutoTune_ProcessLs  motor_autotune.o
    0x08006d50   0x08006d50   0x00000248   Code   RO         5095    i.MotorAutoTune_ProcessRs  motor_autotune.o
    0x08006f98   0x08006f98   0x00000060   Code   RO         5096    i.MotorAutoTune_PushChart  motor_autotune.o
    0x08006ff8   0x08006ff8   0x00000020   Code   RO         5097    i.MotorAutoTune_Reset  motor_autotune.o
    0x08007018   0x08007018   0x00000042   Code   RO         5098    i.MotorAutoTune_SecondsToTicks  motor_autotune.o
    0x0800705a   0x0800705a   0x00000002   PAD
    0x0800705c   0x0800705c   0x00000058   Code   RO         5099    i.MotorAutoTune_SetDefaultConfig  motor_autotune.o
    0x080070b4   0x080070b4   0x0000001a   Code   RO         5100    i.MotorAutoTune_SetError  motor_autotune.o
    0x080070ce   0x080070ce   0x00000002   PAD
    0x080070d0   0x080070d0   0x000001b8   Code   RO         5101    i.MotorAutoTune_Start  motor_autotune.o
    0x08007288   0x08007288   0x00000024   Code   RO         5102    i.MotorAutoTune_Stop  motor_autotune.o
    0x080072ac   0x080072ac   0x00000002   Code   RO         1000    i.NMI_Handler       stm32f4xx_it.o
    0x080072ae   0x080072ae   0x00000020   Code   RO         2468    i.NVIC_SetPriority  stm32f4xx_hal_cortex.o
    0x080072ce   0x080072ce   0x00000002   PAD
    0x080072d0   0x080072d0   0x0000000c   Code   RO         1001    i.OTG_FS_IRQHandler  stm32f4xx_it.o
    0x080072dc   0x080072dc   0x00000088   Code   RO         1215    i.PCD_WriteEmptyTxFifo  stm32f4xx_hal_pcd.o
    0x08007364   0x08007364   0x00000002   Code   RO         1002    i.PendSV_Handler    stm32f4xx_it.o
    0x08007366   0x08007366   0x00000002   PAD
    0x08007368   0x08007368   0x000000d8   Code   RO           57    i.PrepareEncoderAlignment  main.o
    0x08007440   0x08007440   0x000000c0   Code   RO           58    i.ReadFastProtectionFeedback  main.o
    0x08007500   0x08007500   0x000001b0   Code   RO           59    i.ReportFault       main.o
    0x080076b0   0x080076b0   0x0000009c   Code   RO           60    i.ResetControlLoops  main.o
    0x0800774c   0x0800774c   0x00000014   Code   RO         4610    i.ResetControl_V_over_F  pwm.o
    0x08007760   0x08007760   0x00000030   Code   RO           61    i.ResetDebugAveraging  main.o
    0x08007790   0x08007790   0x00000020   Code   RO           62    i.ResetEncoderAlignmentAveraging  main.o
    0x080077b0   0x080077b0   0x000000e4   Code   RO           63    i.ResetUerrorCharacterizationRuntime  main.o
    0x08007894   0x08007894   0x00000010   Code   RO         4675    i.Reset_CurrentSensor  parameter.o
    0x080078a4   0x080078a4   0x00000034   Code   RO           64    i.RestoreIdSquareTuningOffsetGuard  main.o
    0x080078d8   0x080078d8   0x00000114   Code   RO           65    i.RunCurrentLoopForTheta  main.o
    0x080079ec   0x080079ec   0x0000039c   Code   RO           66    i.RunFocCurrentFeedbackMapTestLoop  main.o
    0x08007d88   0x08007d88   0x00000700   Code   RO           67    i.RunFocLoop        main.o
    0x08008488   0x08008488   0x000001c8   Code   RO           68    i.RunFocRotatingThetaTestLoop  main.o
    0x08008650   0x08008650   0x000001a8   Code   RO           69    i.RunFocRotatingThetaVoltageTestLoop  main.o
    0x080087f8   0x080087f8   0x0000025c   Code   RO           70    i.RunMotorAutoTuneLoop  main.o
    0x08008a54   0x08008a54   0x00000240   Code   RO           71    i.RunUerrorCharacterizationLoop  main.o
    0x08008c94   0x08008c94   0x00000028   Code   RO         4787    i.STM_FaultProcessing  statemachine.o
    0x08008cbc   0x08008cbc   0x0000000e   Code   RO         4789    i.STM_Init          statemachine.o
    0x08008cca   0x08008cca   0x0000001a   Code   RO         4790    i.STM_NextState     statemachine.o
    0x08008ce4   0x08008ce4   0x00000002   Code   RO         1003    i.SVC_Handler       stm32f4xx_it.o
    0x08008ce6   0x08008ce6   0x00000002   PAD
    0x08008ce8   0x08008ce8   0x00000070   Code   RO           72    i.SaveParametersToFlash  main.o
    0x08008d58   0x08008d58   0x000000b4   Code   RO           73    i.SaveUerrorLutToFlash  main.o
    0x08008e0c   0x08008e0c   0x0000006a   Code   RO         4824    i.SendData          usbcomunication.o
    0x08008e76   0x08008e76   0x00000002   PAD
    0x08008e78   0x08008e78   0x00000064   Code   RO           74    i.ServiceFpgaStartup  main.o
    0x08008edc   0x08008edc   0x00000028   Code   RO           75    i.SetPwmEnabled     main.o
    0x08008f04   0x08008f04   0x0000002c   Code   RO           76    i.ShouldHoldCurrentLoopAtZero  main.o
    0x08008f30   0x08008f30   0x00000188   Code   RO           77    i.StartFocCurrentFeedbackMapTest  main.o
    0x080090b8   0x080090b8   0x00000108   Code   RO           78    i.StartFocRotatingThetaTest  main.o
    0x080091c0   0x080091c0   0x00000108   Code   RO           79    i.StartFocRotatingThetaVoltageTest  main.o
    0x080092c8   0x080092c8   0x00000118   Code   RO           80    i.StartUerrorCharacterization  main.o
    0x080093e0   0x080093e0   0x00000014   Code   RO           81    i.StopFocDiagnosticModes  main.o
    0x080093f4   0x080093f4   0x0000001c   Code   RO           82    i.StopUerrorCharacterization  main.o
    0x08009410   0x08009410   0x0000003c   Code   RO         4611    i.SwitchOffPWM      pwm.o
    0x0800944c   0x0800944c   0x0000003c   Code   RO         4612    i.SwitchOnPWM       pwm.o
    0x08009488   0x08009488   0x0000000e   Code   RO         1004    i.SysTick_Handler   stm32f4xx_it.o
    0x08009496   0x08009496   0x00000002   PAD
    0x08009498   0x08009498   0x000000a0   Code   RO           83    i.SystemClock_Config  main.o
    0x08009538   0x08009538   0x0000007c   Code   RO         4201    i.SystemCoreClockUpdate  system_stm32f4xx.o
    0x080095b4   0x080095b4   0x00000054   Code   RO         4202    i.SystemInit        system_stm32f4xx.o
    0x08009608   0x08009608   0x000000c0   Code   RO         3417    i.TIM_Base_SetConfig  stm32f4xx_hal_tim.o
    0x080096c8   0x080096c8   0x00000016   Code   RO         3418    i.TIM_CCxChannelCmd  stm32f4xx_hal_tim.o
    0x080096de   0x080096de   0x00000016   Code   RO         3998    i.TIM_CCxNChannelCmd  stm32f4xx_hal_tim_ex.o
    0x080096f4   0x080096f4   0x00000014   Code   RO         3424    i.TIM_ETR_SetConfig  stm32f4xx_hal_tim.o
    0x08009708   0x08009708   0x00000058   Code   RO         3426    i.TIM_OC1_SetConfig  stm32f4xx_hal_tim.o
    0x08009760   0x08009760   0x00000064   Code   RO         3427    i.TIM_OC2_SetConfig  stm32f4xx_hal_tim.o
    0x080097c4   0x080097c4   0x00000060   Code   RO         3428    i.TIM_OC3_SetConfig  stm32f4xx_hal_tim.o
    0x08009824   0x08009824   0x00000050   Code   RO         3429    i.TIM_OC4_SetConfig  stm32f4xx_hal_tim.o
    0x08009874   0x08009874   0x0000007c   Code   RO         3430    i.TIM_SlaveTimer_SetConfig  stm32f4xx_hal_tim.o
    0x080098f0   0x080098f0   0x00000022   Code   RO         3431    i.TIM_TI1_ConfigInputStage  stm32f4xx_hal_tim.o
    0x08009912   0x08009912   0x00000024   Code   RO         3433    i.TIM_TI2_ConfigInputStage  stm32f4xx_hal_tim.o
    0x08009936   0x08009936   0x00000014   Code   RO         4502    i.USBD_CDC_DataIn   usbd_cdc.o
    0x0800994a   0x0800994a   0x0000002e   Code   RO         4503    i.USBD_CDC_DataOut  usbd_cdc.o
    0x08009978   0x08009978   0x0000003c   Code   RO         4504    i.USBD_CDC_DeInit   usbd_cdc.o
    0x080099b4   0x080099b4   0x00000024   Code   RO         4505    i.USBD_CDC_EP0_RxReady  usbd_cdc.o
    0x080099d8   0x080099d8   0x0000000c   Code   RO         4506    i.USBD_CDC_GetDeviceQualifierDescriptor  usbd_cdc.o
    0x080099e4   0x080099e4   0x0000000c   Code   RO         4507    i.USBD_CDC_GetFSCfgDesc  usbd_cdc.o
    0x080099f0   0x080099f0   0x0000000c   Code   RO         4508    i.USBD_CDC_GetHSCfgDesc  usbd_cdc.o
    0x080099fc   0x080099fc   0x0000000c   Code   RO         4509    i.USBD_CDC_GetOtherSpeedCfgDesc  usbd_cdc.o
    0x08009a08   0x08009a08   0x00000088   Code   RO         4510    i.USBD_CDC_Init     usbd_cdc.o
    0x08009a90   0x08009a90   0x00000028   Code   RO         4511    i.USBD_CDC_ReceivePacket  usbd_cdc.o
    0x08009ab8   0x08009ab8   0x00000010   Code   RO         4512    i.USBD_CDC_RegisterInterface  usbd_cdc.o
    0x08009ac8   0x08009ac8   0x0000000c   Code   RO         4513    i.USBD_CDC_SetRxBuffer  usbd_cdc.o
    0x08009ad4   0x08009ad4   0x00000010   Code   RO         4514    i.USBD_CDC_SetTxBuffer  usbd_cdc.o
    0x08009ae4   0x08009ae4   0x00000070   Code   RO         4515    i.USBD_CDC_Setup    usbd_cdc.o
    0x08009b54   0x08009b54   0x00000030   Code   RO         4516    i.USBD_CDC_TransmitPacket  usbd_cdc.o
    0x08009b84   0x08009b84   0x0000000e   Code   RO         4239    i.USBD_ClrClassConfig  usbd_core.o
    0x08009b92   0x08009b92   0x00000010   Code   RO         4442    i.USBD_CtlContinueRx  usbd_ioreq.o
    0x08009ba2   0x08009ba2   0x00000010   Code   RO         4443    i.USBD_CtlContinueSendData  usbd_ioreq.o
    0x08009bb2   0x08009bb2   0x00000016   Code   RO         4377    i.USBD_CtlError     usbd_ctlreq.o
    0x08009bc8   0x08009bc8   0x0000001e   Code   RO         4444    i.USBD_CtlPrepareRx  usbd_ioreq.o
    0x08009be6   0x08009be6   0x00000016   Code   RO         4445    i.USBD_CtlReceiveStatus  usbd_ioreq.o
    0x08009bfc   0x08009bfc   0x0000001a   Code   RO         4446    i.USBD_CtlSendData  usbd_ioreq.o
    0x08009c16   0x08009c16   0x00000016   Code   RO         4447    i.USBD_CtlSendStatus  usbd_ioreq.o
    0x08009c2c   0x08009c2c   0x00000020   Code   RO          872    i.USBD_FS_ConfigStrDescriptor  usbd_desc.o
    0x08009c4c   0x08009c4c   0x0000000c   Code   RO          873    i.USBD_FS_DeviceDescriptor  usbd_desc.o
    0x08009c58   0x08009c58   0x00000024   Code   RO          874    i.USBD_FS_InterfaceStrDescriptor  usbd_desc.o
    0x08009c7c   0x08009c7c   0x0000000c   Code   RO          875    i.USBD_FS_LangIDStrDescriptor  usbd_desc.o
    0x08009c88   0x08009c88   0x00000018   Code   RO          876    i.USBD_FS_ManufacturerStrDescriptor  usbd_desc.o
    0x08009ca0   0x08009ca0   0x00000030   Code   RO          877    i.USBD_FS_ProductStrDescriptor  usbd_desc.o
    0x08009cd0   0x08009cd0   0x00000024   Code   RO          878    i.USBD_FS_SerialStrDescriptor  usbd_desc.o
    0x08009cf4   0x08009cf4   0x000000e0   Code   RO         4378    i.USBD_GetDescriptor  usbd_ctlreq.o
    0x08009dd4   0x08009dd4   0x00000046   Code   RO         4379    i.USBD_GetString    usbd_ctlreq.o
    0x08009e1a   0x08009e1a   0x0000002a   Code   RO         4241    i.USBD_Init         usbd_core.o
    0x08009e44   0x08009e44   0x00000020   Code   RO          696    i.USBD_LL_ClearStallEP  usbd_conf.o
    0x08009e64   0x08009e64   0x00000020   Code   RO          697    i.USBD_LL_CloseEP   usbd_conf.o
    0x08009e84   0x08009e84   0x000000aa   Code   RO         4242    i.USBD_LL_DataInStage  usbd_core.o
    0x08009f2e   0x08009f2e   0x0000006a   Code   RO         4243    i.USBD_LL_DataOutStage  usbd_core.o
    0x08009f98   0x08009f98   0x00000004   Code   RO         4244    i.USBD_LL_DevConnected  usbd_core.o
    0x08009f9c   0x08009f9c   0x00000016   Code   RO         4245    i.USBD_LL_DevDisconnected  usbd_core.o
    0x08009fb2   0x08009fb2   0x00000008   Code   RO          701    i.USBD_LL_GetRxDataSize  usbd_conf.o
    0x08009fba   0x08009fba   0x00000002   PAD
    0x08009fbc   0x08009fbc   0x0000007c   Code   RO          702    i.USBD_LL_Init      usbd_conf.o
    0x0800a038   0x0800a038   0x00000020   Code   RO          703    i.USBD_LL_IsStallEP  usbd_conf.o
    0x0800a058   0x0800a058   0x00000004   Code   RO         4246    i.USBD_LL_IsoINIncomplete  usbd_core.o
    0x0800a05c   0x0800a05c   0x00000004   Code   RO         4247    i.USBD_LL_IsoOUTIncomplete  usbd_core.o
    0x0800a060   0x0800a060   0x00000026   Code   RO          704    i.USBD_LL_OpenEP    usbd_conf.o
    0x0800a086   0x0800a086   0x00000020   Code   RO          705    i.USBD_LL_PrepareReceive  usbd_conf.o
    0x0800a0a6   0x0800a0a6   0x0000003e   Code   RO         4248    i.USBD_LL_Reset     usbd_core.o
    0x0800a0e4   0x0800a0e4   0x0000000c   Code   RO         4249    i.USBD_LL_Resume    usbd_core.o
    0x0800a0f0   0x0800a0f0   0x00000018   Code   RO         4250    i.USBD_LL_SOF       usbd_core.o
    0x0800a108   0x0800a108   0x00000006   Code   RO         4251    i.USBD_LL_SetSpeed  usbd_core.o
    0x0800a10e   0x0800a10e   0x00000020   Code   RO          706    i.USBD_LL_SetUSBAddress  usbd_conf.o
    0x0800a12e   0x0800a12e   0x0000005a   Code   RO         4252    i.USBD_LL_SetupStage  usbd_core.o
    0x0800a188   0x0800a188   0x00000020   Code   RO          707    i.USBD_LL_StallEP   usbd_conf.o
    0x0800a1a8   0x0800a1a8   0x00000020   Code   RO          708    i.USBD_LL_Start     usbd_conf.o
    0x0800a1c8   0x0800a1c8   0x00000012   Code   RO         4253    i.USBD_LL_Suspend   usbd_core.o
    0x0800a1da   0x0800a1da   0x00000020   Code   RO          710    i.USBD_LL_Transmit  usbd_conf.o
    0x0800a1fa   0x0800a1fa   0x00000028   Code   RO         4380    i.USBD_ParseSetupRequest  usbd_ctlreq.o
    0x0800a222   0x0800a222   0x00000010   Code   RO         4254    i.USBD_RegisterClass  usbd_core.o
    0x0800a232   0x0800a232   0x00000016   Code   RO         4256    i.USBD_SetClassConfig  usbd_core.o
    0x0800a248   0x0800a248   0x00000074   Code   RO         4381    i.USBD_SetConfig    usbd_ctlreq.o
    0x0800a2bc   0x0800a2bc   0x0000000a   Code   RO         4257    i.USBD_Start        usbd_core.o
    0x0800a2c6   0x0800a2c6   0x000000f2   Code   RO         4382    i.USBD_StdDevReq    usbd_ctlreq.o
    0x0800a3b8   0x0800a3b8   0x000000dc   Code   RO         4383    i.USBD_StdEPReq     usbd_ctlreq.o
    0x0800a494   0x0800a494   0x00000034   Code   RO         4384    i.USBD_StdItfReq    usbd_ctlreq.o
    0x0800a4c8   0x0800a4c8   0x00000080   Code   RO         1429    i.USB_ActivateEndpoint  stm32f4xx_ll_usb.o
    0x0800a548   0x0800a548   0x00000034   Code   RO         1430    i.USB_ActivateSetup  stm32f4xx_ll_usb.o
    0x0800a57c   0x0800a57c   0x0000006c   Code   RO         1432    i.USB_CoreInit      stm32f4xx_ll_usb.o
    0x0800a5e8   0x0800a5e8   0x00000038   Code   RO         1433    i.USB_CoreReset     stm32f4xx_ll_usb.o
    0x0800a620   0x0800a620   0x000000c8   Code   RO         1435    i.USB_DeactivateEndpoint  stm32f4xx_ll_usb.o
    0x0800a6e8   0x0800a6e8   0x00000018   Code   RO         1436    i.USB_DevConnect    stm32f4xx_ll_usb.o
    0x0800a700   0x0800a700   0x00000018   Code   RO         1437    i.USB_DevDisconnect  stm32f4xx_ll_usb.o
    0x0800a718   0x0800a718   0x00000140   Code   RO         1438    i.USB_DevInit       stm32f4xx_ll_usb.o
    0x0800a858   0x0800a858   0x0000000c   Code   RO         1439    i.USB_DisableGlobalInt  stm32f4xx_ll_usb.o
    0x0800a864   0x0800a864   0x000003b0   Code   RO         4825    i.USB_DispatchCommand  usbcomunication.o
    0x0800ac14   0x0800ac14   0x00000140   Code   RO         1442    i.USB_EP0StartXfer  stm32f4xx_ll_usb.o
    0x0800ad54   0x0800ad54   0x0000003e   Code   RO         1443    i.USB_EP0_OutStart  stm32f4xx_ll_usb.o
    0x0800ad92   0x0800ad92   0x00000064   Code   RO         1444    i.USB_EPClearStall  stm32f4xx_ll_usb.o
    0x0800adf6   0x0800adf6   0x0000005e   Code   RO         1445    i.USB_EPSetStall    stm32f4xx_ll_usb.o
    0x0800ae54   0x0800ae54   0x0000021c   Code   RO         1446    i.USB_EPStartXfer   stm32f4xx_ll_usb.o
    0x0800b070   0x0800b070   0x0000000c   Code   RO         1447    i.USB_EnableGlobalInt  stm32f4xx_ll_usb.o
    0x0800b07c   0x0800b07c   0x00000020   Code   RO         1448    i.USB_FlushRxFifo   stm32f4xx_ll_usb.o
    0x0800b09c   0x0800b09c   0x00000024   Code   RO         1449    i.USB_FlushTxFifo   stm32f4xx_ll_usb.o
    0x0800b0c0   0x0800b0c0   0x0000003c   Code   RO         1451    i.USB_GetDevSpeed   stm32f4xx_ll_usb.o
    0x0800b0fc   0x0800b0fc   0x00000008   Code   RO         1453    i.USB_GetMode       stm32f4xx_ll_usb.o
    0x0800b104   0x0800b104   0x00000160   Code   RO         4826    i.USB_HandleAutoTuneStart  usbcomunication.o
    0x0800b264   0x0800b264   0x00000094   Code   RO         4827    i.USB_HandleAutoTuneStop  usbcomunication.o
    0x0800b2f8   0x0800b2f8   0x0000010c   Code   RO         4828    i.USB_HandleFaultAck  usbcomunication.o
    0x0800b404   0x0800b404   0x00000114   Code   RO         4829    i.USB_HandleFocControlStop  usbcomunication.o
    0x0800b518   0x0800b518   0x00000070   Code   RO         4830    i.USB_HandleIdSquareTuningConfig  usbcomunication.o
    0x0800b588   0x0800b588   0x000000d0   Code   RO         4831    i.USB_HandleIdSquareTuningStart  usbcomunication.o
    0x0800b658   0x0800b658   0x00000098   Code   RO         4832    i.USB_HandleIdSquareTuningStop  usbcomunication.o
    0x0800b6f0   0x0800b6f0   0x000000f4   Code   RO         4833    i.USB_HandleOpenLoopVfCommand  usbcomunication.o
    0x0800b7e4   0x0800b7e4   0x00000294   Code   RO         4834    i.USB_HandlePositionCommand  usbcomunication.o
    0x0800ba78   0x0800ba78   0x000000e4   Code   RO         4835    i.USB_HandleServoOn  usbcomunication.o
    0x0800bb5c   0x0800bb5c   0x00000244   Code   RO         4836    i.USB_HandleSpeedCommand  usbcomunication.o
    0x0800bda0   0x0800bda0   0x0000007c   Code   RO         4837    i.USB_HandleTraceSetup  usbcomunication.o
    0x0800be1c   0x0800be1c   0x00000150   Code   RO         4838    i.USB_HandleUerrorCharacterizationStart  usbcomunication.o
    0x0800bf6c   0x0800bf6c   0x00000024   Code   RO         4839    i.USB_HandleWriteParameterPairs  usbcomunication.o
    0x0800bf90   0x0800bf90   0x00000056   Code   RO         4840    i.USB_ProcessData   usbcomunication.o
    0x0800bfe6   0x0800bfe6   0x00000002   PAD
    0x0800bfe8   0x0800bfe8   0x00000044   Code   RO         4841    i.USB_QueueFocDebugText  usbcomunication.o
    0x0800c02c   0x0800c02c   0x0000000e   Code   RO         1460    i.USB_ReadDevAllInEpInterrupt  stm32f4xx_ll_usb.o
    0x0800c03a   0x0800c03a   0x0000000e   Code   RO         1461    i.USB_ReadDevAllOutEpInterrupt  stm32f4xx_ll_usb.o
    0x0800c048   0x0800c048   0x0000001e   Code   RO         1462    i.USB_ReadDevInEPInterrupt  stm32f4xx_ll_usb.o
    0x0800c066   0x0800c066   0x00000010   Code   RO         1463    i.USB_ReadDevOutEPInterrupt  stm32f4xx_ll_usb.o
    0x0800c076   0x0800c076   0x00000008   Code   RO         1464    i.USB_ReadInterrupts  stm32f4xx_ll_usb.o
    0x0800c07e   0x0800c07e   0x00000020   Code   RO         1465    i.USB_ReadPacket    stm32f4xx_ll_usb.o
    0x0800c09e   0x0800c09e   0x00000002   PAD
    0x0800c0a0   0x0800c0a0   0x00000030   Code   RO         4842    i.USB_ReceiveData   usbcomunication.o
    0x0800c0d0   0x0800c0d0   0x00000018   Code   RO         4843    i.USB_ResetParser   usbcomunication.o
    0x0800c0e8   0x0800c0e8   0x00000014   Code   RO         4844    i.USB_ResetTraceCaptureState  usbcomunication.o
    0x0800c0fc   0x0800c0fc   0x0000007c   Code   RO         4845    i.USB_ResolveTraceChannelPointer  usbcomunication.o
    0x0800c178   0x0800c178   0x00000062   Code   RO         4846    i.USB_SendAckPacket  usbcomunication.o
    0x0800c1da   0x0800c1da   0x00000002   PAD
    0x0800c1dc   0x0800c1dc   0x000000f4   Code   RO         4847    i.USB_SendAutoTuneChunk  usbcomunication.o
    0x0800c2d0   0x0800c2d0   0x000000f4   Code   RO         4848    i.USB_SendErrorPacket  usbcomunication.o
    0x0800c3c4   0x0800c3c4   0x00000348   Code   RO         4849    i.USB_SendMonitorPacket  usbcomunication.o
    0x0800c70c   0x0800c70c   0x0000005c   Code   RO         4850    i.USB_SendParameterChunk  usbcomunication.o
    0x0800c768   0x0800c768   0x000000b0   Code   RO         4851    i.USB_SendTraceChunk  usbcomunication.o
    0x0800c818   0x0800c818   0x00000150   Code   RO         4852    i.USB_SendUerrorChunk  usbcomunication.o
    0x0800c968   0x0800c968   0x0000002c   Code   RO         1467    i.USB_SetCurrentMode  stm32f4xx_ll_usb.o
    0x0800c994   0x0800c994   0x00000022   Code   RO         1468    i.USB_SetDevAddress  stm32f4xx_ll_usb.o
    0x0800c9b6   0x0800c9b6   0x00000002   PAD
    0x0800c9b8   0x0800c9b8   0x0000006c   Code   RO         4853    i.USB_StartServoSequence  usbcomunication.o
    0x0800ca24   0x0800ca24   0x0000010c   Code   RO         4854    i.USB_TransmitData  usbcomunication.o
    0x0800cb30   0x0800cb30   0x000000c0   Code   RO         4855    i.USB_TryAssembleFrame  usbcomunication.o
    0x0800cbf0   0x0800cbf0   0x00000028   Code   RO         1472    i.USB_WritePacket   stm32f4xx_ll_usb.o
    0x0800cc18   0x0800cc18   0x00000026   Code   RO         4856    i.USB_WriteRaw      usbcomunication.o
    0x0800cc3e   0x0800cc3e   0x00000002   PAD
    0x0800cc40   0x0800cc40   0x00000210   Code   RO           84    i.UpdateDriverParameter  main.o
    0x0800ce50   0x0800ce50   0x0000006c   Code   RO           85    i.UpdateIsrDebugPeriod  main.o
    0x0800cebc   0x0800cebc   0x00000074   Code   RO           86    i.UpdateIsrMeasureOnlyFrequency  main.o
    0x0800cf30   0x0800cf30   0x00000084   Code   RO           87    i.UpdateMeasuredCurrentsForTheta  main.o
    0x0800cfb4   0x0800cfb4   0x000001b4   Code   RO           88    i.UpdateMeasuredSpeedAndTheta  main.o
    0x0800d168   0x0800d168   0x0000021c   Code   RO           89    i.UpdateMotorParameter  main.o
    0x0800d384   0x0800d384   0x000000e4   Code   RO           90    i.UpdatePositionSetpointVelocityRpm  main.o
    0x0800d468   0x0800d468   0x00000098   Code   RO           91    i.UpdateTraceCapture  main.o
    0x0800d500   0x0800d500   0x00000002   Code   RO         1005    i.UsageFault_Handler  stm32f4xx_it.o
    0x0800d502   0x0800d502   0x00000002   PAD
    0x0800d504   0x0800d504   0x0000002c   Code   RO           92    i.WrapAngle         main.o
    0x0800d530   0x0800d530   0x0000004a   Code   RO           93    i.WrapPositionErrorCounts  main.o
    0x0800d57a   0x0800d57a   0x00000002   Code   RO           94    i._Error_Handler    main.o
    0x0800d57c   0x0800d57c   0x00000030   Code   RO         5700    i.__ARM_fpclassify  m_wm.l(fpclassify.o)
    0x0800d5ac   0x0800d5ac   0x00000026   Code   RO         5549    i.__ARM_fpclassifyf  m_wm.l(fpclassifyf.o)
    0x0800d5d2   0x0800d5d2   0x00000002   PAD
    0x0800d5d4   0x0800d5d4   0x000002ac   Code   RO         5280    i.__hardfp_atan2f   m_wm.l(atan2f.o)
    0x0800d880   0x0800d880   0x00000150   Code   RO         5292    i.__hardfp_cosf     m_wm.l(cosf.o)
    0x0800d9d0   0x0800d9d0   0x00000070   Code   RO         5304    i.__hardfp_floorf   m_wm.l(floorf.o)
    0x0800da40   0x0800da40   0x000000b0   Code   RO         5310    i.__hardfp_fmodf    m_wm.l(fmodf.o)
    0x0800daf0   0x0800daf0   0x000000c2   Code   RO         5346    i.__hardfp_lroundf  m_wm.l(lroundf.o)
    0x0800dbb2   0x0800dbb2   0x00000002   PAD
    0x0800dbb4   0x0800dbb4   0x00000190   Code   RO         5322    i.__hardfp_sinf     m_wm.l(sinf.o)
    0x0800dd44   0x0800dd44   0x0000003a   Code   RO         5334    i.__hardfp_sqrtf    m_wm.l(sqrtf.o)
    0x0800dd7e   0x0800dd7e   0x00000006   Code   RO         5552    i.__mathlib_flt_infnan  m_wm.l(funder.o)
    0x0800dd84   0x0800dd84   0x00000006   Code   RO         5553    i.__mathlib_flt_infnan2  m_wm.l(funder.o)
    0x0800dd8a   0x0800dd8a   0x00000002   PAD
    0x0800dd8c   0x0800dd8c   0x00000010   Code   RO         5554    i.__mathlib_flt_invalid  m_wm.l(funder.o)
    0x0800dd9c   0x0800dd9c   0x00000010   Code   RO         5557    i.__mathlib_flt_underflow  m_wm.l(funder.o)
    0x0800ddac   0x0800ddac   0x00000154   Code   RO         5565    i.__mathlib_rredf2  m_wm.l(rredf.o)
    0x0800df00   0x0800df00   0x0000000e   Code   RO         5448    i._is_digit         c_w.l(__printf_wp.o)
    0x0800df0e   0x0800df0e   0x00000002   PAD
    0x0800df10   0x0800df10   0x0000016c   Code   RO           95    i.main              main.o
    0x0800e07c   0x0800e07c   0x0000002a   Code   RO         5035    i.tFPark_albe2dq    vector_transfs.o
    0x0800e0a6   0x0800e0a6   0x00000036   Code   RO         5036    i.tFRClarke_ab2albe  vector_transfs.o
    0x0800e0dc   0x0800e0dc   0x0000004a   Code   RO         5037    i.tIFClarke_albe2abc  vector_transfs.o
    0x0800e126   0x0800e126   0x0000002a   Code   RO         5038    i.tIPark_dq2albe    vector_transfs.o
    0x0800e150   0x0800e150   0x00000076   Code   RO         4734    i.tPI_calc          pidcontrol.o
    0x0800e1c6   0x0800e1c6   0x00000002   PAD
    0x0800e1c8   0x0800e1c8   0x00000024   Code   RO         4735    i.tPI_rst           pidcontrol.o
    0x0800e1ec   0x0800e1ec   0x0000002c   Code   RO         5676    locale$$code        c_w.l(lc_numeric_c.o)
    0x0800e218   0x0800e218   0x0000002c   Code   RO         5711    locale$$code        c_w.l(lc_ctype_c.o)
    0x0800e244   0x0800e244   0x0000000c   Code   RO         5528    x$fpl$dretinf       fz_wm.l(dretinf.o)
    0x0800e250   0x0800e250   0x00000056   Code   RO         5278    x$fpl$f2d           fz_wm.l(f2d.o)
    0x0800e2a6   0x0800e2a6   0x0000000e   Code   RO         5531    x$fpl$ffixr         fz_wm.l(ffix.o)
    0x0800e2b4   0x0800e2b4   0x0000008c   Code   RO         5534    x$fpl$fnaninf       fz_wm.l(fnaninf.o)
    0x0800e340   0x0800e340   0x0000000a   Code   RO         5630    x$fpl$fpinit        fz_wm.l(fpinit.o)
    0x0800e34a   0x0800e34a   0x00000002   PAD
    0x0800e34c   0x0800e34c   0x000000f4   Code   RO         5536    x$fpl$frem          fz_wm.l(frem_clz.o)
    0x0800e440   0x0800e440   0x00000060   Code   RO         5538    x$fpl$frnd          fz_wm.l(frnd.o)
    0x0800e4a0   0x0800e4a0   0x00000004   Code   RO         5540    x$fpl$printf1       fz_wm.l(printf1.o)
    0x0800e4a4   0x0800e4a4   0x00000004   Code   RO         5542    x$fpl$printf2       fz_wm.l(printf2.o)
    0x0800e4a8   0x0800e4a8   0x00000000   Code   RO         5548    x$fpl$usenofp       fz_wm.l(usenofp.o)
    0x0800e4a8   0x0800e4a8   0x00000008   Data   RO           97    .constdata          main.o
    0x0800e4b0   0x0800e4b0   0x00000010   Data   RO         4203    .constdata          system_stm32f4xx.o
    0x0800e4c0   0x0800e4c0   0x00000008   Data   RO         5407    .constdata          c_w.l(_printf_wctomb.o)
    0x0800e4c8   0x0800e4c8   0x00000028   Data   RO         5436    .constdata          c_w.l(_printf_hex_int_ll_ptr.o)
    0x0800e4f0   0x0800e4f0   0x00000011   Data   RO         5456    .constdata          c_w.l(__printf_flags_ss_wp.o)
    0x0800e501   0x0800e501   0x00000003   PAD
    0x0800e504   0x0800e504   0x00000020   Data   RO         5566    .constdata          m_wm.l(rredf.o)
    0x0800e524   0x0800e524   0x00000026   Data   RO         5610    .constdata          c_w.l(_printf_fp_hex.o)
    0x0800e54a   0x0800e54a   0x00000002   PAD
    0x0800e54c   0x0800e54c   0x00000094   Data   RO         5651    .constdata          c_w.l(bigflt0.o)
    0x0800e5e0   0x0800e5e0   0x0000009e   Data   RO           98    .conststring        main.o
    0x0800e67e   0x0800e67e   0x00000002   PAD
    0x0800e680   0x0800e680   0x0000005d   Data   RO         4858    .conststring        usbcomunication.o
    0x0800e6dd   0x0800e6dd   0x00000003   PAD
    0x0800e6e0   0x0800e6e0   0x00000020   Data   RO         5767    Region$$Table       anon$$obj.o
    0x0800e700   0x0800e700   0x0000001c   Data   RO         5675    locale$$data        c_w.l(lc_numeric_c.o)
    0x0800e71c   0x0800e71c   0x00000110   Data   RO         5710    locale$$data        c_w.l(lc_ctype_c.o)


    Execution Region RW_IRAM1 (Exec base: 0x20000000, Load base: 0x0800e82c, Size: 0x00010c00, Max: 0x0001c000, ABSOLUTE, COMPRESSED[0x000000f0])

    Exec Addr    Load Addr    Size         Type   Attr      Idx    E Section Name        Object

    0x20000000   COMPRESSED   0x0000025c   Data   RW           99    .data               main.o
    0x2000025c   COMPRESSED   0x00000001   Data   RW          100    .data               main.o
    0x2000025d   COMPRESSED   0x00000003   PAD
    0x20000260   COMPRESSED   0x0000001c   Data   RW          880    .data               usbd_desc.o
    0x2000027c   COMPRESSED   0x00000016   Data   RW          881    .data               usbd_desc.o
    0x20000292   COMPRESSED   0x00000002   PAD
    0x20000294   COMPRESSED   0x00000010   Data   RW          946    .data               usbd_cdc_if.o
    0x200002a4   COMPRESSED   0x00000008   Data   RW         1109    .data               stm32f4xx_hal_msp.o
    0x200002ac   COMPRESSED   0x0000000c   Data   RW         2610    .data               stm32f4xx_hal.o
    0x200002b8   COMPRESSED   0x00000004   Data   RW         4205    .data               system_stm32f4xx.o
    0x200002bc   COMPRESSED   0x00000001   Data   RW         4385    .data               usbd_ctlreq.o
    0x200002bd   COMPRESSED   0x00000003   PAD
    0x200002c0   COMPRESSED   0x000000db   Data   RW         4517    .data               usbd_cdc.o
    0x2000039b   COMPRESSED   0x00000001   PAD
    0x2000039c   COMPRESSED   0x00000038   Data   RW         4518    .data               usbd_cdc.o
    0x200003d4   COMPRESSED   0x00000004   Data   RW         4613    .data               pwm.o
    0x200003d8   COMPRESSED   0x00000006   Data   RW         4859    .data               usbcomunication.o
    0x200003de   COMPRESSED   0x00000002   PAD
    0x200003e0        -       0x00008bdf   Zero   RW           96    .bss                main.o
    0x20008fbf   COMPRESSED   0x00000001   PAD
    0x20008fc0        -       0x00000224   Zero   RW          633    .bss                usb_device.o
    0x200091e4        -       0x000003f0   Zero   RW          711    .bss                usbd_conf.o
    0x200095d4        -       0x00000200   Zero   RW          879    .bss                usbd_desc.o
    0x200097d4        -       0x00001000   Zero   RW          945    .bss                usbd_cdc_if.o
    0x2000a7d4        -       0x00000020   Zero   RW         1884    .bss                stm32f4xx_hal_flash.o
    0x2000a7f4        -       0x000003aa   Zero   RW         4857    .bss                usbcomunication.o
    0x2000ab9e   COMPRESSED   0x00000002   PAD
    0x2000aba0        -       0x00000060   Zero   RW         5571    .bss                c_w.l(libspace.o)
    0x2000ac00        -       0x00003000   Zero   RW            2    HEAP                startup_stm32f407xx.o
    0x2000dc00        -       0x00003000   Zero   RW            1    STACK               startup_stm32f407xx.o


    Execution Region RW_IRAM2 (Exec base: 0x2001c000, Load base: 0x0800e91c, Size: 0x00000000, Max: 0x00004000, ABSOLUTE)

    **** No section assigned to this execution region ****


==============================================================================

Image component sizes


      Code (inc. data)   RO Data    RW Data    ZI Data      Debug   Object Name

     17900       2134        166        605      35807     823249   main.o
      3990        242          0          0          0      21251   motor_autotune.o
      1642         36          0          0          0       8006   parameter.o
       154          6          0          0          0       3705   pidcontrol.o
       700         92          0          4          0       4286   pwm.o
        64         26        392          0      24576        900   startup_stm32f407xx.o
        80          0          0          0          0       2785   statemachine.o
       180         28          0         12          0       4981   stm32f4xx_hal.o
       708         28          0          0          0       3099   stm32f4xx_hal_adc.o
       228         14          0          0          0      32693   stm32f4xx_hal_cortex.o
       516         66          0          0         32       7222   stm32f4xx_hal_flash.o
       356         24          0          0          0       4282   stm32f4xx_hal_flash_ex.o
       484         50          0          0          0       4659   stm32f4xx_hal_gpio.o
       576         86          0          8          0       5330   stm32f4xx_hal_msp.o
      2156         72          0          0          0      12085   stm32f4xx_hal_pcd.o
        76          0          0          0          0       2020   stm32f4xx_hal_pcd_ex.o
      1212         62          0          0          0       4722   stm32f4xx_hal_rcc.o
        86          0          0          0          0       1324   stm32f4xx_hal_sram.o
      1322        104          0          0          0      13772   stm32f4xx_hal_tim.o
       296          0          0          0          0       4437   stm32f4xx_hal_tim_ex.o
        68          6          0          0          0       7222   stm32f4xx_it.o
       216         12          0          0          0       2931   stm32f4xx_ll_fsmc.o
      2420         56          0          0          0      22044   stm32f4xx_ll_usb.o
       208         38         16          4          0       2115   system_stm32f4xx.o
        56         18          0          0        548       2563   usb_device.o
      7810       1324         93          6        938      49015   usbcomunication.o
       590         22          0        275          0      14142   usbd_cdc.o
       132         26          0         16       4096       3845   usbd_cdc_if.o
       706         38          0          0       1008      15894   usbd_conf.o
       626          0          0          0          0      13034   usbd_core.o
       986         30          0          1          0       8508   usbd_ctlreq.o
       200        104          0         50        512       5643   usbd_desc.o
       132          0          0          0          0       4908   usbd_ioreq.o
       212          0          0          0          0       4611   vector_transfs.o

    ----------------------------------------------------------------------
     47136       4744        704        992      67520    1121283   Object Totals
         0          0         32          0          0          0   (incl. Generated)
        48          0          5         11          3          0   (incl. Padding)

    ----------------------------------------------------------------------

      Code (inc. data)   RO Data    RW Data    ZI Data      Debug   Library Member Name

        90          0          0          0          0          0   __dczerorl2.o
         8          0          0          0          0         68   __main.o
       392          4         17          0          0         92   __printf_flags_ss_wp.o
        14          0          0          0          0         68   __printf_wp.o
         0          0          0          0          0          0   __rtentry.o
        12          0          0          0          0          0   __rtentry2.o
         6          0          0          0          0          0   __rtentry4.o
        52          8          0          0          0          0   __scatter.o
        28          0          0          0          0          0   __scatter_zi.o
         6          0          0          0          0          0   _printf_a.o
         6          0          0          0          0          0   _printf_c.o
        44          0          0          0          0        108   _printf_char.o
        48          6          0          0          0         96   _printf_char_common.o
        40          0          0          0          0         68   _printf_charcount.o
         6          0          0          0          0          0   _printf_d.o
       120         16          0          0          0         92   _printf_dec.o
         6          0          0          0          0          0   _printf_e.o
         6          0          0          0          0          0   _printf_f.o
      1054          0          0          0          0        216   _printf_fp_dec.o
       764          8         38          0          0        100   _printf_fp_hex.o
       128         16          0          0          0         84   _printf_fp_infnan.o
         6          0          0          0          0          0   _printf_g.o
       148          4         40          0          0        160   _printf_hex_int_ll_ptr.o
         6          0          0          0          0          0   _printf_i.o
       178          0          0          0          0         88   _printf_intcommon.o
        10          0          0          0          0          0   _printf_l.o
         6          0          0          0          0          0   _printf_lc.o
        10          0          0          0          0          0   _printf_ll.o
         6          0          0          0          0          0   _printf_lld.o
         6          0          0          0          0          0   _printf_lli.o
         6          0          0          0          0          0   _printf_llo.o
         6          0          0          0          0          0   _printf_llu.o
         6          0          0          0          0          0   _printf_llx.o
       124         16          0          0          0         92   _printf_longlong_dec.o
         6          0          0          0          0          0   _printf_ls.o
         6          0          0          0          0          0   _printf_n.o
         6          0          0          0          0          0   _printf_o.o
       112         10          0          0          0        124   _printf_oct_int_ll.o
         6          0          0          0          0          0   _printf_p.o
        78          0          0          0          0        108   _printf_pad.o
         0          0          0          0          0          0   _printf_percent.o
         4          0          0          0          0          0   _printf_percent_end.o
         6          0          0          0          0          0   _printf_s.o
        82          0          0          0          0         80   _printf_str.o
        36          0          0          0          0         84   _printf_truncate.o
         6          0          0          0          0          0   _printf_u.o
        44          0          0          0          0        108   _printf_wchar.o
       188          6          8          0          0         92   _printf_wctomb.o
         6          0          0          0          0          0   _printf_x.o
        22          0          0          0          0        100   _rserrno.o
        16          0          0          0          0         68   _snputc.o
        10          0          0          0          0         68   _sputc.o
        64          0          0          0          0         92   _wcrtomb.o
       228          4        148          0          0         96   bigflt0.o
      1936        128          0          0          0        672   btod.o
        10          0          0          0          0         68   defsig_exit.o
        50          0          0          0          0         88   defsig_general.o
        80         58          0          0          0         76   defsig_rtmem_inner.o
        14          0          0          0          0         80   defsig_rtmem_outer.o
        18          0          0          0          0         80   exit.o
        94          0          0          0          0         80   h1_alloc.o
        52          0          0          0          0         68   h1_extend.o
        78          0          0          0          0         80   h1_free.o
        14          0          0          0          0         84   h1_init.o
         6          0          0          0          0        152   heapauxi.o
         4          0          0          0          0        136   hguard.o
         0          0          0          0          0          0   indicate_semi.o
       138          0          0          0          0        168   init_alloc.o
        44         10        272          0          0         76   lc_ctype_c.o
        44         10         28          0          0         76   lc_numeric_c.o
         2          0          0          0          0          0   libinit.o
        42          0          0          0          0          0   libinit2.o
         2          0          0          0          0          0   libshutdown.o
         2          0          0          0          0          0   libshutdown2.o
         8          4          0          0         96         68   libspace.o
       138          0          0          0          0         80   lludiv10.o
       238          0          0          0          0        100   lludivv7m.o
         0          0          0          0          0          0   maybetermalloc1.o
        16          4          0          0          0         76   rt_ctype_table.o
         8          4          0          0          0         68   rt_errno_addr_intlibspace.o
         8          4          0          0          0         68   rt_heap_descriptor_intlibspace.o
         8          4          0          0          0         68   rt_locale_intlibspace.o
        78          0          0          0          0         80   rt_memclr_w.o
       138          0          0          0          0         68   rt_memcpy_v6.o
       100          0          0          0          0         80   rt_memcpy_w.o
         2          0          0          0          0          0   rtexit.o
        10          0          0          0          0          0   rtexit2.o
       128          0          0          0          0         68   strcmpv7m.o
        12          4          0          0          0         68   sys_exit.o
        74          0          0          0          0         80   sys_stackheap_outer.o
        14          0          0          0          0         76   sys_wrch.o
         2          0          0          0          0         68   use_no_semi.o
        52          4          0          0          0         80   vsnprintf.o
        12          0          0          0          0        116   dretinf.o
        86          4          0          0          0        132   f2d.o
        14          0          0          0          0        116   ffix.o
       140          4          0          0          0        132   fnaninf.o
        10          0          0          0          0        116   fpinit.o
       244          8          0          0          0        132   frem_clz.o
        96          4          0          0          0        124   frnd.o
         4          0          0          0          0        116   printf1.o
         4          0          0          0          0        116   printf2.o
         0          0          0          0          0          0   usenofp.o
       684         90          0          0          0        208   atan2f.o
       336         56          0          0          0        136   cosf.o
       112         14          0          0          0        116   floorf.o
       176          0          0          0          0        168   fmodf.o
        48          0          0          0          0        124   fpclassify.o
        38          0          0          0          0        116   fpclassifyf.o
        44         12          0          0          0        464   funder.o
       194          0          0          0          0        144   lroundf.o
       340         24         32          0          0        160   rredf.o
       400         56          0          0          0        212   sinf.o
        58          0          0          0          0        136   sqrtf.o

    ----------------------------------------------------------------------
     11008        604        588          0         96       8616   Library Totals
        30          0          5          0          0          0   (incl. Padding)

    ----------------------------------------------------------------------

      Code (inc. data)   RO Data    RW Data    ZI Data      Debug   Library Name

      7938        332        551          0         96       5532   c_w.l
       610         20          0          0          0       1100   fz_wm.l
      2430        252         32          0          0       1984   m_wm.l

    ----------------------------------------------------------------------
     11008        604        588          0         96       8616   Library Totals

    ----------------------------------------------------------------------

==============================================================================


      Code (inc. data)   RO Data    RW Data    ZI Data      Debug   

     58144       5348       1292        992      67616    1089379   Grand Totals
     58144       5348       1292        240      67616    1089379   ELF Image Totals (compressed)
     58144       5348       1292        240          0          0   ROM Totals

==============================================================================

    Total RO  Size (Code + RO Data)                59436 (  58.04kB)
    Total RW  Size (RW Data + ZI Data)             68608 (  67.00kB)
    Total ROM Size (Code + RO Data + RW Data)      59676 (  58.28kB)

==============================================================================

