Component: ARM Compiler 5.06 update 7 (build 960) Tool: armlink [4d3601]

==============================================================================

Section Cross References

    startup_stm32f407xx.o(STACK) refers (Special) to heapauxi.o(.text) for __use_two_region_memory
    startup_stm32f407xx.o(HEAP) refers (Special) to heapauxi.o(.text) for __use_two_region_memory
    startup_stm32f407xx.o(RESET) refers (Special) to heapauxi.o(.text) for __use_two_region_memory
    startup_stm32f407xx.o(RESET) refers to startup_stm32f407xx.o(STACK) for __initial_sp
    startup_stm32f407xx.o(RESET) refers to startup_stm32f407xx.o(.text) for Reset_Handler
    startup_stm32f407xx.o(RESET) refers to stm32f4xx_it.o(i.NMI_Handler) for NMI_Handler
    startup_stm32f407xx.o(RESET) refers to stm32f4xx_it.o(i.HardFault_Handler) for HardFault_Handler
    startup_stm32f407xx.o(RESET) refers to stm32f4xx_it.o(i.MemManage_Handler) for MemManage_Handler
    startup_stm32f407xx.o(RESET) refers to stm32f4xx_it.o(i.BusFault_Handler) for BusFault_Handler
    startup_stm32f407xx.o(RESET) refers to stm32f4xx_it.o(i.UsageFault_Handler) for UsageFault_Handler
    startup_stm32f407xx.o(RESET) refers to stm32f4xx_it.o(i.SVC_Handler) for SVC_Handler
    startup_stm32f407xx.o(RESET) refers to stm32f4xx_it.o(i.DebugMon_Handler) for DebugMon_Handler
    startup_stm32f407xx.o(RESET) refers to stm32f4xx_it.o(i.PendSV_Handler) for PendSV_Handler
    startup_stm32f407xx.o(RESET) refers to stm32f4xx_it.o(i.SysTick_Handler) for SysTick_Handler
    startup_stm32f407xx.o(RESET) refers to stm32f4xx_it.o(i.EXTI0_IRQHandler) for EXTI0_IRQHandler
    startup_stm32f407xx.o(RESET) refers to stm32f4xx_it.o(i.EXTI1_IRQHandler) for EXTI1_IRQHandler
    startup_stm32f407xx.o(RESET) refers to stm32f4xx_it.o(i.EXTI2_IRQHandler) for EXTI2_IRQHandler
    startup_stm32f407xx.o(RESET) refers to stm32f4xx_it.o(i.EXTI15_10_IRQHandler) for EXTI15_10_IRQHandler
    startup_stm32f407xx.o(RESET) refers to stm32f4xx_it.o(i.OTG_FS_IRQHandler) for OTG_FS_IRQHandler
    startup_stm32f407xx.o(.text) refers (Special) to heapauxi.o(.text) for __use_two_region_memory
    startup_stm32f407xx.o(.text) refers to system_stm32f4xx.o(i.SystemInit) for SystemInit
    startup_stm32f407xx.o(.text) refers to __main.o(!!!main) for __main
    startup_stm32f407xx.o(.text) refers to startup_stm32f407xx.o(HEAP) for Heap_Mem
    startup_stm32f407xx.o(.text) refers to startup_stm32f407xx.o(STACK) for Stack_Mem
    main.o(i.HAL_GPIO_EXTI_Callback) refers to parameter.o(i.GetParameter) for GetParameter
    main.o(i.HAL_GPIO_EXTI_Callback) refers to pwm.o(i.SwitchOffPWM) for SwitchOffPWM
    main.o(i.HAL_GPIO_EXTI_Callback) refers to pwm.o(i.SwitchOnPWM) for SwitchOnPWM
    main.o(i.HAL_GPIO_EXTI_Callback) refers to pwm.o(i.Control_V_over_F) for Control_V_over_F
    main.o(i.HAL_GPIO_EXTI_Callback) refers to main.o(.bss) for .bss
    main.o(i.HAL_GPIO_EXTI_Callback) refers to main.o(.data) for .data
    main.o(i.MX_ADC1_Init) refers to stm32f4xx_hal_adc.o(i.HAL_ADC_Init) for HAL_ADC_Init
    main.o(i.MX_ADC1_Init) refers to stm32f4xx_hal_adc.o(i.HAL_ADC_ConfigChannel) for HAL_ADC_ConfigChannel
    main.o(i.MX_ADC1_Init) refers to main.o(.bss) for .bss
    main.o(i.MX_FSMC_Init) refers to stm32f4xx_hal_sram.o(i.HAL_SRAM_Init) for HAL_SRAM_Init
    main.o(i.MX_FSMC_Init) refers to main.o(.bss) for .bss
    main.o(i.MX_GPIO_Init) refers to stm32f4xx_hal_gpio.o(i.HAL_GPIO_WritePin) for HAL_GPIO_WritePin
    main.o(i.MX_GPIO_Init) refers to stm32f4xx_hal_gpio.o(i.HAL_GPIO_Init) for HAL_GPIO_Init
    main.o(i.MX_GPIO_Init) refers to stm32f4xx_hal_cortex.o(i.HAL_NVIC_SetPriority) for HAL_NVIC_SetPriority
    main.o(i.MX_GPIO_Init) refers to stm32f4xx_hal_cortex.o(i.HAL_NVIC_EnableIRQ) for HAL_NVIC_EnableIRQ
    main.o(i.MX_TIM1_Init) refers to stm32f4xx_hal_tim.o(i.HAL_TIM_PWM_Init) for HAL_TIM_PWM_Init
    main.o(i.MX_TIM1_Init) refers to stm32f4xx_hal_tim_ex.o(i.HAL_TIMEx_MasterConfigSynchronization) for HAL_TIMEx_MasterConfigSynchronization
    main.o(i.MX_TIM1_Init) refers to stm32f4xx_hal_tim.o(i.HAL_TIM_PWM_ConfigChannel) for HAL_TIM_PWM_ConfigChannel
    main.o(i.MX_TIM1_Init) refers to stm32f4xx_hal_tim_ex.o(i.HAL_TIMEx_ConfigBreakDeadTime) for HAL_TIMEx_ConfigBreakDeadTime
    main.o(i.MX_TIM1_Init) refers to stm32f4xx_hal_msp.o(i.HAL_TIM_MspPostInit) for HAL_TIM_MspPostInit
    main.o(i.MX_TIM1_Init) refers to main.o(.bss) for .bss
    main.o(i.MX_TIM8_Init) refers to stm32f4xx_hal_tim.o(i.HAL_TIM_Base_Init) for HAL_TIM_Base_Init
    main.o(i.MX_TIM8_Init) refers to stm32f4xx_hal_tim.o(i.HAL_TIM_PWM_Init) for HAL_TIM_PWM_Init
    main.o(i.MX_TIM8_Init) refers to stm32f4xx_hal_tim.o(i.HAL_TIM_SlaveConfigSynchronization) for HAL_TIM_SlaveConfigSynchronization
    main.o(i.MX_TIM8_Init) refers to stm32f4xx_hal_tim_ex.o(i.HAL_TIMEx_MasterConfigSynchronization) for HAL_TIMEx_MasterConfigSynchronization
[...]
    i.USB_ReadDevAllInEpInterrupt            0x080046ac   Section        0  stm32f4xx_ll_usb.o(i.USB_ReadDevAllInEpInterrupt)
    i.USB_ReadDevAllOutEpInterrupt           0x080046ba   Section        0  stm32f4xx_ll_usb.o(i.USB_ReadDevAllOutEpInterrupt)
    i.USB_ReadDevInEPInterrupt               0x080046c8   Section        0  stm32f4xx_ll_usb.o(i.USB_ReadDevInEPInterrupt)
    i.USB_ReadDevOutEPInterrupt              0x080046e6   Section        0  stm32f4xx_ll_usb.o(i.USB_ReadDevOutEPInterrupt)
    i.USB_ReadInterrupts                     0x080046f6   Section        0  stm32f4xx_ll_usb.o(i.USB_ReadInterrupts)
    i.USB_ReadPacket                         0x080046fe   Section        0  stm32f4xx_ll_usb.o(i.USB_ReadPacket)
    i.USB_SetCurrentMode                     0x0800471e   Section        0  stm32f4xx_ll_usb.o(i.USB_SetCurrentMode)
    i.USB_SetDevAddress                      0x0800474a   Section        0  stm32f4xx_ll_usb.o(i.USB_SetDevAddress)
    i.USB_WritePacket                        0x0800476c   Section        0  stm32f4xx_ll_usb.o(i.USB_WritePacket)
    i.UsageFault_Handler                     0x08004794   Section        0  stm32f4xx_it.o(i.UsageFault_Handler)
    i._Error_Handler                         0x08004796   Section        0  main.o(i._Error_Handler)
    i.__ARM_fpclassifyf                      0x08004798   Section        0  fpclassifyf.o(i.__ARM_fpclassifyf)
    i.__hardfp_sinf                          0x080047c0   Section        0  sinf.o(i.__hardfp_sinf)
    i.__mathlib_flt_infnan                   0x08004950   Section        0  funder.o(i.__mathlib_flt_infnan)
    i.__mathlib_flt_invalid                  0x08004958   Section        0  funder.o(i.__mathlib_flt_invalid)
    i.__mathlib_flt_underflow                0x08004968   Section        0  funder.o(i.__mathlib_flt_underflow)
    i.__mathlib_rredf2                       0x08004978   Section        0  rredf.o(i.__mathlib_rredf2)
    i.main                                   0x08004acc   Section        0  main.o(i.main)
    x$fpl$fpinit                             0x08004b10   Section       10  fpinit.o(x$fpl$fpinit)
    $v0                                      0x08004b10   Number         0  fpinit.o(x$fpl$fpinit)
    .constdata                               0x08004b1a   Section       16  system_stm32f4xx.o(.constdata)
    x$fpl$usenofp                            0x08004b1a   Section        0  usenofp.o(x$fpl$usenofp)
    .constdata                               0x08004b2c   Section       32  rredf.o(.constdata)
    twooverpi                                0x08004b2c   Data          32  rredf.o(.constdata)
    .data                                    0x20000000   Section       12  main.o(.data)
    .data                                    0x2000000c   Section        4  main.o(.data)
    .data                                    0x20000010   Section        4  main.o(.data)
    .data                                    0x20000014   Section       28  usbd_desc.o(.data)
    .data                                    0x20000030   Section       22  usbd_desc.o(.data)
    .data                                    0x20000048   Section       16  usbd_cdc_if.o(.data)
    .data                                    0x20000058   Section        8  stm32f4xx_hal_msp.o(.data)
    FSMC_Initialized                         0x20000058   Data           4  stm32f4xx_hal_msp.o(.data)
    FSMC_DeInitialized                       0x2000005c   Data           4  stm32f4xx_hal_msp.o(.data)
    .data                                    0x20000060   Section       12  stm32f4xx_hal.o(.data)
    .data                                    0x2000006c   Section        4  system_stm32f4xx.o(.data)
    .data                                    0x20000070   Section        1  usbd_ctlreq.o(.data)
    cfgidx                                   0x20000070   Data           1  usbd_ctlreq.o(.data)
    .data                                    0x20000074   Section      219  usbd_cdc.o(.data)
    ifalt                                    0x20000074   Data           1  usbd_cdc.o(.data)
    USBD_CDC_DeviceQualifierDesc             0x20000078   Data          10  usbd_cdc.o(.data)
    .data                                    0x20000150   Section       56  usbd_cdc.o(.data)
    .data                                    0x20000188   Section        4  pwm.o(.data)
    current_phase                            0x20000188   Data           4  pwm.o(.data)
    .bss                                     0x2000018c   Section      608  main.o(.bss)
    .bss                                     0x200003ec   Section      548  usb_device.o(.bss)
    .bss                                     0x20000610   Section     1008  usbd_conf.o(.bss)
    .bss                                     0x20000a00   Section      512  usbd_desc.o(.bss)
    .bss                                     0x20000c00   Section     4096  usbd_cdc_if.o(.bss)
    .bss                                     0x20001c00   Section       96  libspace.o(.bss)
    HEAP                                     0x20001c60   Section    12288  startup_stm32f407xx.o(HEAP)
    Heap_Mem                                 0x20001c60   Data       12288  startup_stm32f407xx.o(HEAP)
    STACK                                    0x20004c60   Section    12288  startup_stm32f407xx.o(STACK)
    Stack_Mem                                0x20004c60   Data       12288  startup_stm32f407xx.o(STACK)
    __initial_sp                             0x20007c60   Data           0  startup_stm32f407xx.o(STACK)

    Global Symbols

    Symbol Name                              Value     Ov Type        Size  Object(Section)

    BuildAttributes$$THM_ISAv4$E$P$D$K$B$S$7EM$VFPi3$EXTD16$VFPS$VFMA$PE$A:L22UL41UL21$X:L11$S22US41US21$IEEE1$IW$USESV6$~STKCKD$USESV7$~SHL$OTIME$ROPI$IEEEX$EBA8$UX$STANDARDLIB$REQ8$PRES8$EABIv2 0x00000000   Number         0  anon$$obj.o ABSOLUTE
    __ARM_use_no_argv                        0x00000000   Number         0  main.o ABSOLUTE
    __ARM_exceptions_init                     - Undefined Weak Reference
    __alloca_initialize                       - Undefined Weak Reference
    __arm_fini_                               - Undefined Weak Reference
    __arm_preinit_                            - Undefined Weak Reference
    __cpp_initialize__aeabi_                  - Undefined Weak Reference
    __cxa_finalize                            - Undefined Weak Reference
    __rt_locale                               - Undefined Weak Reference
    __sigvec_lookup                           - Undefined Weak Reference
    __user_heap_extent                        - Undefined Weak Reference
    _atexit_init                              - Undefined Weak Reference
    _call_atexit_fns                          - Undefined Weak Reference
    _clock_init                               - Undefined Weak Reference
    _fp_trap_init                             - Undefined Weak Reference
    _fp_trap_shutdown                         - Undefined Weak Reference
    _get_lc_collate                           - Undefined Weak Reference
    _get_lc_ctype                             - Undefined Weak Reference
    _get_lc_monetary                          - Undefined Weak Reference
    _get_lc_numeric                           - Undefined Weak Reference
    _get_lc_time                              - Undefined Weak Reference
    _getenv_init                              - Undefined Weak Reference
    _handle_redirection                       - Undefined Weak Reference
    _initio                                   - Undefined Weak Reference
    _mutex_acquire                            - Undefined Weak Reference
    _mutex_free                               - Undefined Weak Reference
    _mutex_release                            - Undefined Weak Reference
    _rand_init                                - Undefined Weak Reference
    _signal_finish                            - Undefined Weak Reference
    _signal_init                              - Undefined Weak Reference
    _terminateio                              - Undefined Weak Reference
    __Vectors_Size                           0x00000188   Number         0  startup_stm32f407xx.o ABSOLUTE
    __Vectors                                0x08000000   Data           4  startup_stm32f407xx.o(RESET)
    __Vectors_End                            0x08000188   Data           0  startup_stm32f407xx.o(RESET)
    __main                                   0x08000189   Thumb Code     8  __main.o(!!!main)
    __scatterload                            0x08000191   Thumb Code     0  __scatter.o(!!!scatter)
    __scatterload_rt2                        0x08000191   Thumb Code    44  __scatter.o(!!!scatter)
    __scatterload_rt2_thumb_only             0x08000191   Thumb Code     0  __scatter.o(!!!scatter)
    __scatterload_null                       0x0800019f   Thumb Code     0  __scatter.o(!!!scatter)
    __decompress                             0x080001c5   Thumb Code    90  __dczerorl2.o(!!dczerorl2)
    __decompress1                            0x080001c5   Thumb Code     0  __dczerorl2.o(!!dczerorl2)
    __scatterload_zeroinit                   0x08000221   Thumb Code    28  __scatter_zi.o(!!handler_zi)
    __rt_lib_init                            0x0800023d   Thumb Code     0  libinit.o(.ARM.Collect$$libinit$$00000000)
    __rt_lib_init_fp_1                       0x0800023f   Thumb Code     0  libinit2.o(.ARM.Collect$$libinit$$00000001)
    __rt_lib_init_heap_2                     0x08000243   Thumb Code     0  libinit2.o(.ARM.Collect$$libinit$$00000005)
    __rt_lib_init_preinit_1                  0x08000243   Thumb Code     0  libinit2.o(.ARM.Collect$$libinit$$00000004)
    __rt_lib_init_alloca_1                   0x0800024b   Thumb Code     0  libinit2.o(.ARM.Collect$$libinit$$0000002E)
    __rt_lib_init_argv_1                     0x0800024b   Thumb Code     0  libinit2.o(.ARM.Collect$$libinit$$0000002C)
    __rt_lib_init_atexit_1                   0x0800024b   Thumb Code     0  libinit2.o(.ARM.Collect$$libinit$$0000001B)
    __rt_lib_init_clock_1                    0x0800024b   Thumb Code     0  libinit2.o(.ARM.Collect$$libinit$$00000021)
    __rt_lib_init_cpp_1                      0x0800024b   Thumb Code     0  libinit2.o(.ARM.Collect$$libinit$$00000032)
    __rt_lib_init_exceptions_1               0x0800024b   Thumb Code     0  libinit2.o(.ARM.Collect$$libinit$$00000030)
    __rt_lib_init_fp_trap_1                  0x0800024b   Thumb Code     0  libinit2.o(.ARM.Collect$$libinit$$0000001F)
    __rt_lib_init_getenv_1                   0x0800024b   Thumb Code     0  libinit2.o(.ARM.Collect$$libinit$$00000023)
    __rt_lib_init_heap_1                     0x0800024b   Thumb Code     0  libinit2.o(.ARM.Collect$$libinit$$0000000A)
    __rt_lib_init_lc_collate_1               0x0800024b   Thumb Code     0  libinit2.o(.ARM.Collect$$libinit$$00000011)
    __rt_lib_init_lc_ctype_1                 0x0800024b   Thumb Code     0  libinit2.o(.ARM.Collect$$libinit$$00000013)
    __rt_lib_init_lc_monetary_1              0x0800024b   Thumb Code     0  libinit2.o(.ARM.Collect$$libinit$$00000015)
    __rt_lib_init_lc_numeric_1               0x0800024b   Thumb Code     0  libinit2.o(.ARM.Collect$$libinit$$00000017)
    __rt_lib_init_lc_time_1                  0x0800024b   Thumb Code     0  libinit2.o(.ARM.Collect$$libinit$$00000019)
    __rt_lib_init_rand_1                     0x0800024b   Thumb Code     0  libinit2.o(.ARM.Collect$$libinit$$0000000E)
    __rt_lib_init_return                     0x0800024b   Thumb Code     0  libinit2.o(.ARM.Collect$$libinit$$00000033)
    __rt_lib_init_signal_1                   0x0800024b   Thumb Code     0  libinit2.o(.ARM.Collect$$libinit$$0000001D)
    __rt_lib_init_stdio_1                    0x0800024b   Thumb Code     0  libinit2.o(.ARM.Collect$$libinit$$00000025)
    __rt_lib_init_user_alloc_1               0x0800024b   Thumb Code     0  libinit2.o(.ARM.Collect$$libinit$$0000000C)
    __rt_lib_shutdown                        0x0800024d   Thumb Code     0  libshutdown.o(.ARM.Collect$$libshutdown$$00000000)
    __rt_lib_shutdown_cpp_1                  0x0800024f   Thumb Code     0  libshutdown2.o(.ARM.Collect$$libshutdown$$00000004)
    __rt_lib_shutdown_fini_1                 0x0800024f   Thumb Code     0  libshutdown2.o(.ARM.Collect$$libshutdown$$00000002)
    __rt_lib_shutdown_fp_trap_1              0x0800024f   Thumb Code     0  libshutdown2.o(.ARM.Collect$$libshutdown$$00000009)
    __rt_lib_shutdown_heap_1                 0x0800024f   Thumb Code     0  libshutdown2.o(.ARM.Collect$$libshutdown$$00000011)
    __rt_lib_shutdown_return                 0x0800024f   Thumb Code     0  libshutdown2.o(.ARM.Collect$$libshutdown$$00000012)
    __rt_lib_shutdown_signal_1               0x0800024f   Thumb Code     0  libshutdown2.o(.ARM.Collect$$libshutdown$$0000000C)
    __rt_lib_shutdown_stdio_1                0x0800024f   Thumb Code     0  libshutdown2.o(.ARM.Collect$$libshutdown$$00000006)
    __rt_lib_shutdown_user_alloc_1           0x0800024f   Thumb Code     0  libshutdown2.o(.ARM.Collect$$libshutdown$$0000000E)
    __rt_entry                               0x08000251   Thumb Code     0  __rtentry.o(.ARM.Collect$$rtentry$$00000000)
    __rt_entry_presh_1                       0x08000251   Thumb Code     0  __rtentry2.o(.ARM.Collect$$rtentry$$00000002)
    __rt_entry_sh                            0x08000251   Thumb Code     0  __rtentry4.o(.ARM.Collect$$rtentry$$00000004)
    __rt_entry_li                            0x08000257   Thumb Code     0  __rtentry2.o(.ARM.Collect$$rtentry$$0000000A)
    __rt_entry_postsh_1                      0x08000257   Thumb Code     0  __rtentry2.o(.ARM.Collect$$rtentry$$00000009)
    __rt_entry_main                          0x0800025b   Thumb Code     0  __rtentry2.o(.ARM.Collect$$rtentry$$0000000D)
    __rt_entry_postli_1                      0x0800025b   Thumb Code     0  __rtentry2.o(.ARM.Collect$$rtentry$$0000000C)
    __rt_exit                                0x08000263   Thumb Code     0  rtexit.o(.ARM.Collect$$rtexit$$00000000)
    __rt_exit_ls                             0x08000265   Thumb Code     0  rtexit2.o(.ARM.Collect$$rtexit$$00000003)
    __rt_exit_prels_1                        0x08000265   Thumb Code     0  rtexit2.o(.ARM.Collect$$rtexit$$00000002)
    __rt_exit_exit                           0x08000269   Thumb Code     0  rtexit2.o(.ARM.Collect$$rtexit$$00000004)
    Reset_Handler                            0x08000271   Thumb Code     8  startup_stm32f407xx.o(.text)
    _maybe_terminate_alloc                   0x08000271   Thumb Code     0  maybetermalloc1.o(.emb_text)
    ADC_IRQHandler                           0x0800028b   Thumb Code     0  startup_stm32f407xx.o(.text)
    CAN1_RX0_IRQHandler                      0x0800028b   Thumb Code     0  startup_stm32f407xx.o(.text)
    CAN1_RX1_IRQHandler                      0x0800028b   Thumb Code     0  startup_stm32f407xx.o(.text)
    CAN1_SCE_IRQHandler                      0x0800028b   Thumb Code     0  startup_stm32f407xx.o(.text)
    CAN1_TX_IRQHandler                       0x0800028b   Thumb Code     0  startup_stm32f407xx.o(.text)
    CAN2_RX0_IRQHandler                      0x0800028b   Thumb Code     0  startup_stm32f407xx.o(.text)
    CAN2_RX1_IRQHandler                      0x0800028b   Thumb Code     0  startup_stm32f407xx.o(.text)
    CAN2_SCE_IRQHandler                      0x0800028b   Thumb Code     0  startup_stm32f407xx.o(.text)
    CAN2_TX_IRQHandler                       0x0800028b   Thumb Code     0  startup_stm32f407xx.o(.text)
    DCMI_IRQHandler                          0x0800028b   Thumb Code     0  startup_stm32f407xx.o(.text)
    DMA1_Stream0_IRQHandler                  0x0800028b   Thumb Code     0  startup_stm32f407xx.o(.text)
    DMA1_Stream1_IRQHandler                  0x0800028b   Thumb Code     0  startup_stm32f407xx.o(.text)
    DMA1_Stream2_IRQHandler                  0x0800028b   Thumb Code     0  startup_stm32f407xx.o(.text)
    DMA1_Stream3_IRQHandler                  0x0800028b   Thumb Code     0  startup_stm32f407xx.o(.text)
    DMA1_Stream4_IRQHandler                  0x0800028b   Thumb Code     0  startup_stm32f407xx.o(.text)
    DMA1_Stream5_IRQHandler                  0x0800028b   Thumb Code     0  startup_stm32f407xx.o(.text)
    DMA1_Stream6_IRQHandler                  0x0800028b   Thumb Code     0  startup_stm32f407xx.o(.text)
    DMA1_Stream7_IRQHandler                  0x0800028b   Thumb Code     0  startup_stm32f407xx.o(.text)
    DMA2_Stream0_IRQHandler                  0x0800028b   Thumb Code     0  startup_stm32f407xx.o(.text)
    DMA2_Stream1_IRQHandler                  0x0800028b   Thumb Code     0  startup_stm32f407xx.o(.text)
    DMA2_Stream2_IRQHandler                  0x0800028b   Thumb Code     0  startup_stm32f407xx.o(.text)
    DMA2_Stream3_IRQHandler                  0x0800028b   Thumb Code     0  startup_stm32f407xx.o(.text)
    DMA2_Stream4_IRQHandler                  0x0800028b   Thumb Code     0  startup_stm32f407xx.o(.text)
    DMA2_Stream5_IRQHandler                  0x0800028b   Thumb Code     0  startup_stm32f407xx.o(.text)
    DMA2_Stream6_IRQHandler                  0x0800028b   Thumb Code     0  startup_stm32f407xx.o(.text)
    DMA2_Stream7_IRQHandler                  0x0800028b   Thumb Code     0  startup_stm32f407xx.o(.text)
    ETH_IRQHandler                           0x0800028b   Thumb Code     0  startup_stm32f407xx.o(.text)
    ETH_WKUP_IRQHandler                      0x0800028b   Thumb Code     0  startup_stm32f407xx.o(.text)
    EXTI3_IRQHandler                         0x0800028b   Thumb Code     0  startup_stm32f407xx.o(.text)
    EXTI4_IRQHandler                         0x0800028b   Thumb Code     0  startup_stm32f407xx.o(.text)
    EXTI9_5_IRQHandler                       0x0800028b   Thumb Code     0  startup_stm32f407xx.o(.text)
    FLASH_IRQHandler                         0x0800028b   Thumb Code     0  startup_stm32f407xx.o(.text)
    FMC_IRQHandler                           0x0800028b   Thumb Code     0  startup_stm32f407xx.o(.text)
    FPU_IRQHandler                           0x0800028b   Thumb Code     0  startup_stm32f407xx.o(.text)
    HASH_RNG_IRQHandler                      0x0800028b   Thumb Code     0  startup_stm32f407xx.o(.text)
    I2C1_ER_IRQHandler                       0x0800028b   Thumb Code     0  startup_stm32f407xx.o(.text)
    I2C1_EV_IRQHandler                       0x0800028b   Thumb Code     0  startup_stm32f407xx.o(.text)
    I2C2_ER_IRQHandler                       0x0800028b   Thumb Code     0  startup_stm32f407xx.o(.text)
    I2C2_EV_IRQHandler                       0x0800028b   Thumb Code     0  startup_stm32f407xx.o(.text)
    I2C3_ER_IRQHandler                       0x0800028b   Thumb Code     0  startup_stm32f407xx.o(.text)
    I2C3_EV_IRQHandler                       0x0800028b   Thumb Code     0  startup_stm32f407xx.o(.text)
    OTG_FS_WKUP_IRQHandler                   0x0800028b   Thumb Code     0  startup_stm32f407xx.o(.text)
    OTG_HS_EP1_IN_IRQHandler                 0x0800028b   Thumb Code     0  startup_stm32f407xx.o(.text)
    OTG_HS_EP1_OUT_IRQHandler                0x0800028b   Thumb Code     0  startup_stm32f407xx.o(.text)
    OTG_HS_IRQHandler                        0x0800028b   Thumb Code     0  startup_stm32f407xx.o(.text)
    OTG_HS_WKUP_IRQHandler                   0x0800028b   Thumb Code     0  startup_stm32f407xx.o(.text)
    PVD_IRQHandler                           0x0800028b   Thumb Code     0  startup_stm32f407xx.o(.text)
    RCC_IRQHandler                           0x0800028b   Thumb Code     0  startup_stm32f407xx.o(.text)
    RTC_Alarm_IRQHandler                     0x0800028b   Thumb Code     0  startup_stm32f407xx.o(.text)
    RTC_WKUP_IRQHandler                      0x0800028b   Thumb Code     0  startup_stm32f407xx.o(.text)
    SDIO_IRQHandler                          0x0800028b   Thumb Code     0  startup_stm32f407xx.o(.text)
    SPI1_IRQHandler                          0x0800028b   Thumb Code     0  startup_stm32f407xx.o(.text)
    SPI2_IRQHandler                          0x0800028b   Thumb Code     0  startup_stm32f407xx.o(.text)
    SPI3_IRQHandler                          0x0800028b   Thumb Code     0  startup_stm32f407xx.o(.text)
    TAMP_STAMP_IRQHandler                    0x0800028b   Thumb Code     0  startup_stm32f407xx.o(.text)
    TIM1_BRK_TIM9_IRQHandler                 0x0800028b   Thumb Code     0  startup_stm32f407xx.o(.text)
    TIM1_CC_IRQHandler                       0x0800028b   Thumb Code     0  startup_stm32f407xx.o(.text)
    TIM1_TRG_COM_TIM11_IRQHandler            0x0800028b   Thumb Code     0  startup_stm32f407xx.o(.text)
    TIM1_UP_TIM10_IRQHandler                 0x0800028b   Thumb Code     0  startup_stm32f407xx.o(.text)
    TIM2_IRQHandler                          0x0800028b   Thumb Code     0  startup_stm32f407xx.o(.text)
    TIM3_IRQHandler                          0x0800028b   Thumb Code     0  startup_stm32f407xx.o(.text)
    TIM4_IRQHandler                          0x0800028b   Thumb Code     0  startup_stm32f407xx.o(.text)
    TIM5_IRQHandler                          0x0800028b   Thumb Code     0  startup_stm32f407xx.o(.text)
    TIM6_DAC_IRQHandler                      0x0800028b   Thumb Code     0  startup_stm32f407xx.o(.text)
    TIM7_IRQHandler                          0x0800028b   Thumb Code     0  startup_stm32f407xx.o(.text)
    TIM8_BRK_TIM12_IRQHandler                0x0800028b   Thumb Code     0  startup_stm32f407xx.o(.text)
    TIM8_CC_IRQHandler                       0x0800028b   Thumb Code     0  startup_stm32f407xx.o(.text)
    TIM8_TRG_COM_TIM14_IRQHandler            0x0800028b   Thumb Code     0  startup_stm32f407xx.o(.text)
    TIM8_UP_TIM13_IRQHandler                 0x0800028b   Thumb Code     0  startup_stm32f407xx.o(.text)
    UART4_IRQHandler                         0x0800028b   Thumb Code     0  startup_stm32f407xx.o(.text)
    UART5_IRQHandler                         0x0800028b   Thumb Code     0  startup_stm32f407xx.o(.text)
    USART1_IRQHandler                        0x0800028b   Thumb Code     0  startup_stm32f407xx.o(.text)
    USART2_IRQHandler                        0x0800028b   Thumb Code     0  startup_stm32f407xx.o(.text)
    USART3_IRQHandler                        0x0800028b   Thumb Code     0  startup_stm32f407xx.o(.text)
    USART6_IRQHandler                        0x0800028b   Thumb Code     0  startup_stm32f407xx.o(.text)
    WWDG_IRQHandler                          0x0800028b   Thumb Code     0  startup_stm32f407xx.o(.text)
    __user_initial_stackheap                 0x0800028d   Thumb Code     0  startup_stm32f407xx.o(.text)
    malloc                                   0x080002b1   Thumb Code    94  h1_alloc.o(.text)
    free                                     0x0800030f   Thumb Code    78  h1_free.o(.text)
    __aeabi_uldivmod                         0x0800035d   Thumb Code     0  lludivv7m.o(.text)
    _ll_udiv                                 0x0800035d   Thumb Code   238  lludivv7m.o(.text)
    __aeabi_memcpy4                          0x0800044b   Thumb Code     0  rt_memcpy_w.o(.text)
    __aeabi_memcpy8                          0x0800044b   Thumb Code     0  rt_memcpy_w.o(.text)
    __rt_memcpy_w                            0x0800044b   Thumb Code   100  rt_memcpy_w.o(.text)
    _memcpy_lastbytes_aligned                0x08000493   Thumb Code     0  rt_memcpy_w.o(.text)
    __use_two_region_memory                  0x080004af   Thumb Code     2  heapauxi.o(.text)
    __rt_heap_escrow                         0x080004b1   Thumb Code     2  heapauxi.o(.text)
    __rt_heap_expand                         0x080004b3   Thumb Code     2  heapauxi.o(.text)
    __rt_heap_descriptor                     0x080004b5   Thumb Code     8  rt_heap_descriptor_intlibspace.o(.text)
    __use_no_heap                            0x080004bd   Thumb Code     2  hguard.o(.text)
    __heap$guard                             0x080004bf   Thumb Code     2  hguard.o(.text)
    _terminate_user_alloc                    0x080004c1   Thumb Code     2  init_alloc.o(.text)
    _init_user_alloc                         0x080004c3   Thumb Code     2  init_alloc.o(.text)
    __Heap_Full                              0x080004c5   Thumb Code    34  init_alloc.o(.text)
    __Heap_Broken                            0x080004e7   Thumb Code     6  init_alloc.o(.text)
    _init_alloc                              0x080004ed   Thumb Code    94  init_alloc.o(.text)
    __Heap_Initialize                        0x0800054b   Thumb Code    10  h1_init.o(.text)
    __Heap_DescSize                          0x08000555   Thumb Code     4  h1_init.o(.text)
    __read_errno                             0x08000559   Thumb Code    10  _rserrno.o(.text)
    __set_errno                              0x08000563   Thumb Code    12  _rserrno.o(.text)
    __user_libspace                          0x08000571   Thumb Code     8  libspace.o(.text)
    __user_perproc_libspace                  0x08000571   Thumb Code     0  libspace.o(.text)
    __user_perthread_libspace                0x08000571   Thumb Code     0  libspace.o(.text)
    __aeabi_errno_addr                       0x08000579   Thumb Code     8  rt_errno_addr_intlibspace.o(.text)
    __errno$intlibspace                      0x08000579   Thumb Code     0  rt_errno_addr_intlibspace.o(.text)
    __rt_errno_addr$intlibspace              0x08000579   Thumb Code     0  rt_errno_addr_intlibspace.o(.text)
    __Heap_ProvideMemory                     0x08000581   Thumb Code    52  h1_extend.o(.text)
    __rt_SIGRTMEM                            0x080005b5   Thumb Code    14  defsig_rtmem_outer.o(.text)
    __I$use$semihosting                      0x080005c3   Thumb Code     0  use_no_semi.o(.text)
    __use_no_semihosting_swi                 0x080005c3   Thumb Code     2  use_no_semi.o(.text)
    __semihosting_library_function           0x080005c5   Thumb Code     0  indicate_semi.o(.text)
    __user_setup_stackheap                   0x080005c5   Thumb Code    74  sys_stackheap_outer.o(.text)
    exit                                     0x0800060f   Thumb Code    18  exit.o(.text)
    __sig_exit                               0x08000621   Thumb Code    10  defsig_exit.o(.text)
    __rt_SIGRTMEM_inner                      0x0800062d   Thumb Code    22  defsig_rtmem_inner.o(.text)
    _sys_exit                                0x0800067d   Thumb Code     8  sys_exit.o(.text)
    __default_signal_display                 0x08000689   Thumb Code    50  defsig_general.o(.text)
    _ttywrch                                 0x080006bb   Thumb Code    14  sys_wrch.o(.text)
    BusFault_Handler                         0x080007ed   Thumb Code     2  stm32f4xx_it.o(i.BusFault_Handler)
    Control_V_over_F                         0x08000835   Thumb Code   178  pwm.o(i.Control_V_over_F)
    DebugMon_Handler                         0x0800090d   Thumb Code     2  stm32f4xx_it.o(i.DebugMon_Handler)
    EXTI0_IRQHandler                         0x0800090f   Thumb Code     6  stm32f4xx_it.o(i.EXTI0_IRQHandler)
    EXTI15_10_IRQHandler                     0x08000915   Thumb Code     8  stm32f4xx_it.o(i.EXTI15_10_IRQHandler)
    EXTI1_IRQHandler                         0x0800091d   Thumb Code     6  stm32f4xx_it.o(i.EXTI1_IRQHandler)
    EXTI2_IRQHandler                         0x08000923   Thumb Code     6  stm32f4xx_it.o(i.EXTI2_IRQHandler)
    FSMC_NORSRAM_Extended_Timing_Init        0x08000929   Thumb Code    60  stm32f4xx_ll_fsmc.o(i.FSMC_NORSRAM_Extended_Timing_Init)
    FSMC_NORSRAM_Init                        0x08000969   Thumb Code    80  stm32f4xx_ll_fsmc.o(i.FSMC_NORSRAM_Init)
    FSMC_NORSRAM_Timing_Init                 0x080009bd   Thumb Code    64  stm32f4xx_ll_fsmc.o(i.FSMC_NORSRAM_Timing_Init)
    GeneratePWM                              0x08000a01   Thumb Code    96  pwm.o(i.GeneratePWM)
    GetParameter                             0x08000a71   Thumb Code  1236  parameter.o(i.GetParameter)
    HAL_ADC_ConfigChannel                    0x08000f5d   Thumb Code   316  stm32f4xx_hal_adc.o(i.HAL_ADC_ConfigChannel)
    HAL_ADC_Init                             0x080010a9   Thumb Code    84  stm32f4xx_hal_adc.o(i.HAL_ADC_Init)
    HAL_ADC_MspInit                          0x080010fd   Thumb Code    30  stm32f4xx_hal_msp.o(i.HAL_ADC_MspInit)
    HAL_Delay                                0x08001125   Thumb Code    32  stm32f4xx_hal.o(i.HAL_Delay)
    HAL_GPIO_EXTI_Callback                   0x080011e5   Thumb Code    56  main.o(i.HAL_GPIO_EXTI_Callback)
    HAL_GPIO_EXTI_IRQHandler                 0x08001225   Thumb Code    18  stm32f4xx_hal_gpio.o(i.HAL_GPIO_EXTI_IRQHandler)
    HAL_GPIO_Init                            0x0800123d   Thumb Code   388  stm32f4xx_hal_gpio.o(i.HAL_GPIO_Init)
    HAL_GPIO_WritePin                        0x080013ed   Thumb Code    10  stm32f4xx_hal_gpio.o(i.HAL_GPIO_WritePin)
    HAL_GetTick                              0x080013f9   Thumb Code     6  stm32f4xx_hal.o(i.HAL_GetTick)
    HAL_IncTick                              0x08001405   Thumb Code    12  stm32f4xx_hal.o(i.HAL_IncTick)
    HAL_Init                                 0x08001415   Thumb Code    48  stm32f4xx_hal.o(i.HAL_Init)
    HAL_InitTick                             0x08001449   Thumb Code    54  stm32f4xx_hal.o(i.HAL_InitTick)
    HAL_MspInit                              0x08001489   Thumb Code   126  stm32f4xx_hal_msp.o(i.HAL_MspInit)
    HAL_NVIC_EnableIRQ                       0x0800150d   Thumb Code    22  stm32f4xx_hal_cortex.o(i.HAL_NVIC_EnableIRQ)
    HAL_NVIC_SetPriority                     0x08001525   Thumb Code    60  stm32f4xx_hal_cortex.o(i.HAL_NVIC_SetPriority)
    HAL_NVIC_SetPriorityGrouping             0x08001565   Thumb Code    26  stm32f4xx_hal_cortex.o(i.HAL_NVIC_SetPriorityGrouping)
    HAL_PCDEx_SetRxFiFo                      0x08001589   Thumb Code     8  stm32f4xx_hal_pcd_ex.o(i.HAL_PCDEx_SetRxFiFo)
    HAL_PCDEx_SetTxFiFo                      0x08001591   Thumb Code    68  stm32f4xx_hal_pcd_ex.o(i.HAL_PCDEx_SetTxFiFo)
    HAL_PCD_ConnectCallback                  0x080015d5   Thumb Code     8  usbd_conf.o(i.HAL_PCD_ConnectCallback)
    HAL_PCD_DataInStageCallback              0x080015dd   Thumb Code    18  usbd_conf.o(i.HAL_PCD_DataInStageCallback)
    HAL_PCD_DataOutStageCallback             0x080015ef   Thumb Code    20  usbd_conf.o(i.HAL_PCD_DataOutStageCallback)
    HAL_PCD_DisconnectCallback               0x08001603   Thumb Code     8  usbd_conf.o(i.HAL_PCD_DisconnectCallback)
    HAL_PCD_EP_Close                         0x0800160b   Thumb Code    68  stm32f4xx_hal_pcd.o(i.HAL_PCD_EP_Close)
    HAL_PCD_EP_ClrStall                      0x0800164f   Thumb Code    80  stm32f4xx_hal_pcd.o(i.HAL_PCD_EP_ClrStall)
    HAL_PCD_EP_GetRxCount                    0x0800169f   Thumb Code    20  stm32f4xx_hal_pcd.o(i.HAL_PCD_EP_GetRxCount)
    HAL_PCD_EP_Open                          0x080016b3   Thumb Code    84  stm32f4xx_hal_pcd.o(i.HAL_PCD_EP_Open)
    HAL_PCD_EP_Receive                       0x08001707   Thumb Code    72  stm32f4xx_hal_pcd.o(i.HAL_PCD_EP_Receive)
    HAL_PCD_EP_SetStall                      0x0800174f   Thumb Code    96  stm32f4xx_hal_pcd.o(i.HAL_PCD_EP_SetStall)
    HAL_PCD_EP_Transmit                      0x080017af   Thumb Code    64  stm32f4xx_hal_pcd.o(i.HAL_PCD_EP_Transmit)
    HAL_PCD_IRQHandler                       0x080017f1   Thumb Code  1196  stm32f4xx_hal_pcd.o(i.HAL_PCD_IRQHandler)
    HAL_PCD_ISOINIncompleteCallback          0x08001ce5   Thumb Code     8  usbd_conf.o(i.HAL_PCD_ISOINIncompleteCallback)
    HAL_PCD_ISOOUTIncompleteCallback         0x08001ced   Thumb Code     8  usbd_conf.o(i.HAL_PCD_ISOOUTIncompleteCallback)
    HAL_PCD_Init                             0x08001cf5   Thumb Code   190  stm32f4xx_hal_pcd.o(i.HAL_PCD_Init)
    HAL_PCD_MspInit                          0x08001db5   Thumb Code    92  usbd_conf.o(i.HAL_PCD_MspInit)
    HAL_PCD_ResetCallback                    0x08001e19   Thumb Code    32  usbd_conf.o(i.HAL_PCD_ResetCallback)
    HAL_PCD_ResumeCallback                   0x08001e39   Thumb Code     8  usbd_conf.o(i.HAL_PCD_ResumeCallback)
    HAL_PCD_SOFCallback                      0x08001e41   Thumb Code     8  usbd_conf.o(i.HAL_PCD_SOFCallback)
    HAL_PCD_SetAddress                       0x08001e49   Thumb Code    36  stm32f4xx_hal_pcd.o(i.HAL_PCD_SetAddress)
    HAL_PCD_SetupStageCallback               0x08001e6d   Thumb Code    14  usbd_conf.o(i.HAL_PCD_SetupStageCallback)
    HAL_PCD_Start                            0x08001e7b   Thumb Code    42  stm32f4xx_hal_pcd.o(i.HAL_PCD_Start)
    HAL_PCD_SuspendCallback                  0x08001ea5   Thumb Code    44  usbd_conf.o(i.HAL_PCD_SuspendCallback)
    HAL_RCC_ClockConfig                      0x08001ed5   Thumb Code   286  stm32f4xx_hal_rcc.o(i.HAL_RCC_ClockConfig)
    HAL_RCC_GetHCLKFreq                      0x08002005   Thumb Code     6  stm32f4xx_hal_rcc.o(i.HAL_RCC_GetHCLKFreq)
    HAL_RCC_GetSysClockFreq                  0x08002011   Thumb Code    88  stm32f4xx_hal_rcc.o(i.HAL_RCC_GetSysClockFreq)
    HAL_RCC_OscConfig                        0x08002075   Thumb Code   770  stm32f4xx_hal_rcc.o(i.HAL_RCC_OscConfig)
    HAL_SRAM_Init                            0x08002391   Thumb Code    86  stm32f4xx_hal_sram.o(i.HAL_SRAM_Init)
    HAL_SRAM_MspInit                         0x080023e7   Thumb Code     4  stm32f4xx_hal_msp.o(i.HAL_SRAM_MspInit)
    HAL_SYSTICK_CLKSourceConfig              0x080023eb   Thumb Code    24  stm32f4xx_hal_cortex.o(i.HAL_SYSTICK_CLKSourceConfig)
    HAL_SYSTICK_Callback                     0x08002403   Thumb Code     2  stm32f4xx_hal_cortex.o(i.HAL_SYSTICK_Callback)
    HAL_SYSTICK_Config                       0x08002405   Thumb Code    40  stm32f4xx_hal_cortex.o(i.HAL_SYSTICK_Config)
    HAL_SYSTICK_IRQHandler                   0x0800242d   Thumb Code     8  stm32f4xx_hal_cortex.o(i.HAL_SYSTICK_IRQHandler)
    HAL_TIMEx_ConfigBreakDeadTime            0x08002435   Thumb Code    90  stm32f4xx_hal_tim_ex.o(i.HAL_TIMEx_ConfigBreakDeadTime)
    HAL_TIMEx_MasterConfigSynchronization    0x0800248f   Thumb Code    80  stm32f4xx_hal_tim_ex.o(i.HAL_TIMEx_MasterConfigSynchronization)
    HAL_TIMEx_PWMN_Start                     0x080024df   Thumb Code    36  stm32f4xx_hal_tim_ex.o(i.HAL_TIMEx_PWMN_Start)
    HAL_TIMEx_PWMN_Stop                      0x08002503   Thumb Code    68  stm32f4xx_hal_tim_ex.o(i.HAL_TIMEx_PWMN_Stop)
    HAL_TIM_Base_Init                        0x08002547   Thumb Code    54  stm32f4xx_hal_tim.o(i.HAL_TIM_Base_Init)
    HAL_TIM_Base_MspInit                     0x0800257d   Thumb Code    60  stm32f4xx_hal_msp.o(i.HAL_TIM_Base_MspInit)
    HAL_TIM_MspPostInit                      0x080025c5   Thumb Code   110  stm32f4xx_hal_msp.o(i.HAL_TIM_MspPostInit)
    HAL_TIM_PWM_ConfigChannel                0x08002649   Thumb Code   208  stm32f4xx_hal_tim.o(i.HAL_TIM_PWM_ConfigChannel)
    HAL_TIM_PWM_Init                         0x08002719   Thumb Code    54  stm32f4xx_hal_tim.o(i.HAL_TIM_PWM_Init)
    HAL_TIM_PWM_MspInit                      0x08002751   Thumb Code    30  stm32f4xx_hal_msp.o(i.HAL_TIM_PWM_MspInit)
    HAL_TIM_PWM_Start                        0x08002779   Thumb Code    48  stm32f4xx_hal_tim.o(i.HAL_TIM_PWM_Start)
    HAL_TIM_PWM_Stop                         0x080027b1   Thumb Code    84  stm32f4xx_hal_tim.o(i.HAL_TIM_PWM_Stop)
    HAL_TIM_SlaveConfigSynchronization       0x0800280d   Thumb Code    66  stm32f4xx_hal_tim.o(i.HAL_TIM_SlaveConfigSynchronization)
    HardFault_Handler                        0x0800284f   Thumb Code     2  stm32f4xx_it.o(i.HardFault_Handler)
    Init_Parameter                           0x08002851   Thumb Code    52  parameter.o(i.Init_Parameter)
    MX_USB_DEVICE_Init                       0x08002d21   Thumb Code    38  usb_device.o(i.MX_USB_DEVICE_Init)
    MemManage_Handler                        0x08002d59   Thumb Code     2  stm32f4xx_it.o(i.MemManage_Handler)
    NMI_Handler                              0x08002d5b   Thumb Code     2  stm32f4xx_it.o(i.NMI_Handler)
    OTG_FS_IRQHandler                        0x08002d7d   Thumb Code     6  stm32f4xx_it.o(i.OTG_FS_IRQHandler)
    PendSV_Handler                           0x08002e11   Thumb Code     2  stm32f4xx_it.o(i.PendSV_Handler)
    SVC_Handler                              0x08002e13   Thumb Code     2  stm32f4xx_it.o(i.SVC_Handler)
    SwitchOffPWM                             0x08002e15   Thumb Code    54  pwm.o(i.SwitchOffPWM)
    SwitchOnPWM                              0x08002e51   Thumb Code    54  pwm.o(i.SwitchOnPWM)
    SysTick_Handler                          0x08002e8d   Thumb Code    14  stm32f4xx_it.o(i.SysTick_Handler)
    SystemClock_Config                       0x08002e9d   Thumb Code   152  main.o(i.SystemClock_Config)
    SystemInit                               0x08002f3d   Thumb Code    66  system_stm32f4xx.o(i.SystemInit)
    TIM_Base_SetConfig                       0x08002f91   Thumb Code   148  stm32f4xx_hal_tim.o(i.TIM_Base_SetConfig)
    TIM_CCxChannelCmd                        0x08003051   Thumb Code    22  stm32f4xx_hal_tim.o(i.TIM_CCxChannelCmd)
    TIM_OC2_SetConfig                        0x080030e9   Thumb Code    90  stm32f4xx_hal_tim.o(i.TIM_OC2_SetConfig)
    USBD_CDC_GetDeviceQualifierDescriptor    0x08003361   Thumb Code     8  usbd_cdc.o(i.USBD_CDC_GetDeviceQualifierDescriptor)
    USBD_CDC_ReceivePacket                   0x08003419   Thumb Code    40  usbd_cdc.o(i.USBD_CDC_ReceivePacket)
    USBD_CDC_RegisterInterface               0x08003441   Thumb Code    16  usbd_cdc.o(i.USBD_CDC_RegisterInterface)
    USBD_CDC_SetRxBuffer                     0x08003451   Thumb Code    12  usbd_cdc.o(i.USBD_CDC_SetRxBuffer)
    USBD_CDC_SetTxBuffer                     0x0800345d   Thumb Code    16  usbd_cdc.o(i.USBD_CDC_SetTxBuffer)
    USBD_ClrClassConfig                      0x080034dd   Thumb Code    14  usbd_core.o(i.USBD_ClrClassConfig)
    USBD_CtlContinueRx                       0x080034eb   Thumb Code    16  usbd_ioreq.o(i.USBD_CtlContinueRx)
    USBD_CtlContinueSendData                 0x080034fb   Thumb Code    16  usbd_ioreq.o(i.USBD_CtlContinueSendData)
    USBD_CtlError                            0x0800350b   Thumb Code    22  usbd_ctlreq.o(i.USBD_CtlError)
    USBD_CtlPrepareRx                        0x08003521   Thumb Code    30  usbd_ioreq.o(i.USBD_CtlPrepareRx)
    USBD_CtlReceiveStatus                    0x0800353f   Thumb Code    22  usbd_ioreq.o(i.USBD_CtlReceiveStatus)
    USBD_CtlSendData                         0x08003555   Thumb Code    26  usbd_ioreq.o(i.USBD_CtlSendData)
    USBD_CtlSendStatus                       0x0800356f   Thumb Code    22  usbd_ioreq.o(i.USBD_CtlSendStatus)
    USBD_FS_ConfigStrDescriptor              0x08003585   Thumb Code    16  usbd_desc.o(i.USBD_FS_ConfigStrDescriptor)
    USBD_FS_DeviceDescriptor                 0x080035a5   Thumb Code     8  usbd_desc.o(i.USBD_FS_DeviceDescriptor)
    USBD_FS_InterfaceStrDescriptor           0x080035b1   Thumb Code    16  usbd_desc.o(i.USBD_FS_InterfaceStrDescriptor)
    USBD_FS_LangIDStrDescriptor              0x080035d5   Thumb Code     8  usbd_desc.o(i.USBD_FS_LangIDStrDescriptor)
    USBD_FS_ManufacturerStrDescriptor        0x080035e1   Thumb Code    16  usbd_desc.o(i.USBD_FS_ManufacturerStrDescriptor)
    USBD_FS_ProductStrDescriptor             0x080035f9   Thumb Code    16  usbd_desc.o(i.USBD_FS_ProductStrDescriptor)
    USBD_FS_SerialStrDescriptor              0x08003629   Thumb Code    16  usbd_desc.o(i.USBD_FS_SerialStrDescriptor)
    USBD_GetString                           0x0800372d   Thumb Code    70  usbd_ctlreq.o(i.USBD_GetString)
    USBD_Init                                0x08003773   Thumb Code    42  usbd_core.o(i.USBD_Init)
    USBD_LL_ClearStallEP                     0x0800379d   Thumb Code    32  usbd_conf.o(i.USBD_LL_ClearStallEP)
    USBD_LL_CloseEP                          0x080037bd   Thumb Code    32  usbd_conf.o(i.USBD_LL_CloseEP)
    USBD_LL_DataInStage                      0x080037dd   Thumb Code   170  usbd_core.o(i.USBD_LL_DataInStage)
    USBD_LL_DataOutStage                     0x08003887   Thumb Code   106  usbd_core.o(i.USBD_LL_DataOutStage)
    USBD_LL_DevConnected                     0x080038f1   Thumb Code     4  usbd_core.o(i.USBD_LL_DevConnected)
    USBD_LL_DevDisconnected                  0x080038f5   Thumb Code    22  usbd_core.o(i.USBD_LL_DevDisconnected)
    USBD_LL_GetRxDataSize                    0x0800390b   Thumb Code     8  usbd_conf.o(i.USBD_LL_GetRxDataSize)
    USBD_LL_Init                             0x08003915   Thumb Code    98  usbd_conf.o(i.USBD_LL_Init)
    USBD_LL_IsStallEP                        0x08003991   Thumb Code    32  usbd_conf.o(i.USBD_LL_IsStallEP)
    USBD_LL_IsoINIncomplete                  0x080039b1   Thumb Code     4  usbd_core.o(i.USBD_LL_IsoINIncomplete)
    USBD_LL_IsoOUTIncomplete                 0x080039b5   Thumb Code     4  usbd_core.o(i.USBD_LL_IsoOUTIncomplete)
    USBD_LL_OpenEP                           0x080039b9   Thumb Code    38  usbd_conf.o(i.USBD_LL_OpenEP)
    USBD_LL_PrepareReceive                   0x080039df   Thumb Code    32  usbd_conf.o(i.USBD_LL_PrepareReceive)
    USBD_LL_Reset                            0x080039ff   Thumb Code    62  usbd_core.o(i.USBD_LL_Reset)
    USBD_LL_Resume                           0x08003a3d   Thumb Code    12  usbd_core.o(i.USBD_LL_Resume)
    USBD_LL_SOF                              0x08003a49   Thumb Code    24  usbd_core.o(i.USBD_LL_SOF)
    USBD_LL_SetSpeed                         0x08003a61   Thumb Code     6  usbd_core.o(i.USBD_LL_SetSpeed)
    USBD_LL_SetUSBAddress                    0x08003a67   Thumb Code    32  usbd_conf.o(i.USBD_LL_SetUSBAddress)
    USBD_LL_SetupStage                       0x08003a87   Thumb Code    90  usbd_core.o(i.USBD_LL_SetupStage)
    USBD_LL_StallEP                          0x08003ae1   Thumb Code    32  usbd_conf.o(i.USBD_LL_StallEP)
    USBD_LL_Start                            0x08003b01   Thumb Code    32  usbd_conf.o(i.USBD_LL_Start)
    USBD_LL_Suspend                          0x08003b21   Thumb Code    18  usbd_core.o(i.USBD_LL_Suspend)
    USBD_LL_Transmit                         0x08003b33   Thumb Code    32  usbd_conf.o(i.USBD_LL_Transmit)
    USBD_ParseSetupRequest                   0x08003b53   Thumb Code    40  usbd_ctlreq.o(i.USBD_ParseSetupRequest)
    USBD_RegisterClass                       0x08003b7b   Thumb Code    16  usbd_core.o(i.USBD_RegisterClass)
    USBD_SetClassConfig                      0x08003b8b   Thumb Code    22  usbd_core.o(i.USBD_SetClassConfig)
    USBD_Start                               0x08003c15   Thumb Code    10  usbd_core.o(i.USBD_Start)
    USBD_StdDevReq                           0x08003c1f   Thumb Code   242  usbd_ctlreq.o(i.USBD_StdDevReq)
    USBD_StdEPReq                            0x08003d11   Thumb Code   220  usbd_ctlreq.o(i.USBD_StdEPReq)
    USBD_StdItfReq                           0x08003ded   Thumb Code    52  usbd_ctlreq.o(i.USBD_StdItfReq)
    USB_ActivateEndpoint                     0x08003e21   Thumb Code   122  stm32f4xx_ll_usb.o(i.USB_ActivateEndpoint)
    USB_ActivateSetup                        0x08003ea1   Thumb Code    52  stm32f4xx_ll_usb.o(i.USB_ActivateSetup)
    USB_CoreInit                             0x08003ed5   Thumb Code   104  stm32f4xx_ll_usb.o(i.USB_CoreInit)
    USB_DeactivateEndpoint                   0x08003f79   Thumb Code   196  stm32f4xx_ll_usb.o(i.USB_DeactivateEndpoint)
    USB_DevConnect                           0x08004041   Thumb Code    24  stm32f4xx_ll_usb.o(i.USB_DevConnect)
    USB_DevDisconnect                        0x08004059   Thumb Code    24  stm32f4xx_ll_usb.o(i.USB_DevDisconnect)
    USB_DevInit                              0x08004071   Thumb Code   302  stm32f4xx_ll_usb.o(i.USB_DevInit)
    USB_DisableGlobalInt                     0x080041b1   Thumb Code    12  stm32f4xx_ll_usb.o(i.USB_DisableGlobalInt)
    USB_EP0StartXfer                         0x080041bd   Thumb Code   316  stm32f4xx_ll_usb.o(i.USB_EP0StartXfer)
    USB_EP0_OutStart                         0x080042fd   Thumb Code    62  stm32f4xx_ll_usb.o(i.USB_EP0_OutStart)
    USB_EPClearStall                         0x0800433b   Thumb Code   100  stm32f4xx_ll_usb.o(i.USB_EPClearStall)
    USB_EPSetStall                           0x0800439f   Thumb Code    94  stm32f4xx_ll_usb.o(i.USB_EPSetStall)
    USB_EPStartXfer                          0x080043fd   Thumb Code   534  stm32f4xx_ll_usb.o(i.USB_EPStartXfer)
    USB_EnableGlobalInt                      0x08004619   Thumb Code    12  stm32f4xx_ll_usb.o(i.USB_EnableGlobalInt)
    USB_FlushRxFifo                          0x08004625   Thumb Code    28  stm32f4xx_ll_usb.o(i.USB_FlushRxFifo)
    USB_FlushTxFifo                          0x08004645   Thumb Code    32  stm32f4xx_ll_usb.o(i.USB_FlushTxFifo)
    USB_GetDevSpeed                          0x08004669   Thumb Code    60  stm32f4xx_ll_usb.o(i.USB_GetDevSpeed)
    USB_GetMode                              0x080046a5   Thumb Code     8  stm32f4xx_ll_usb.o(i.USB_GetMode)
    USB_ReadDevAllInEpInterrupt              0x080046ad   Thumb Code    14  stm32f4xx_ll_usb.o(i.USB_ReadDevAllInEpInterrupt)
    USB_ReadDevAllOutEpInterrupt             0x080046bb   Thumb Code    14  stm32f4xx_ll_usb.o(i.USB_ReadDevAllOutEpInterrupt)
    USB_ReadDevInEPInterrupt                 0x080046c9   Thumb Code    30  stm32f4xx_ll_usb.o(i.USB_ReadDevInEPInterrupt)
    USB_ReadDevOutEPInterrupt                0x080046e7   Thumb Code    16  stm32f4xx_ll_usb.o(i.USB_ReadDevOutEPInterrupt)
    USB_ReadInterrupts                       0x080046f7   Thumb Code     8  stm32f4xx_ll_usb.o(i.USB_ReadInterrupts)
    USB_ReadPacket                           0x080046ff   Thumb Code    32  stm32f4xx_ll_usb.o(i.USB_ReadPacket)
    USB_SetCurrentMode                       0x0800471f   Thumb Code    44  stm32f4xx_ll_usb.o(i.USB_SetCurrentMode)
    USB_SetDevAddress                        0x0800474b   Thumb Code    34  stm32f4xx_ll_usb.o(i.USB_SetDevAddress)
    USB_WritePacket                          0x0800476d   Thumb Code    40  stm32f4xx_ll_usb.o(i.USB_WritePacket)
    UsageFault_Handler                       0x08004795   Thumb Code     2  stm32f4xx_it.o(i.UsageFault_Handler)
    _Error_Handler                           0x08004797   Thumb Code     2  main.o(i._Error_Handler)
    __ARM_fpclassifyf                        0x08004799   Thumb Code    38  fpclassifyf.o(i.__ARM_fpclassifyf)
    __hardfp_sinf                            0x080047c1   Thumb Code   344  sinf.o(i.__hardfp_sinf)
    __mathlib_flt_infnan                     0x08004951   Thumb Code     6  funder.o(i.__mathlib_flt_infnan)
    __mathlib_flt_invalid                    0x08004959   Thumb Code    10  funder.o(i.__mathlib_flt_invalid)
    __mathlib_flt_underflow                  0x08004969   Thumb Code    10  funder.o(i.__mathlib_flt_underflow)
    __mathlib_rredf2                         0x08004979   Thumb Code   316  rredf.o(i.__mathlib_rredf2)
    main                                     0x08004acd   Thumb Code    58  main.o(i.main)
    _fp_init                                 0x08004b11   Thumb Code    10  fpinit.o(x$fpl$fpinit)
    __fplib_config_fpu_vfp                   0x08004b19   Thumb Code     0  fpinit.o(x$fpl$fpinit)
    __fplib_config_pureend_doubles           0x08004b19   Thumb Code     0  fpinit.o(x$fpl$fpinit)
    AHBPrescTable                            0x08004b1a   Data          16  system_stm32f4xx.o(.constdata)
    __I$use$fp                               0x08004b1a   Number         0  usenofp.o(x$fpl$usenofp)
    Region$$Table$$Base                      0x08004b4c   Number         0  anon$$obj.o(Region$$Table)
    Region$$Table$$Limit                     0x08004b6c   Number         0  anon$$obj.o(Region$$Table)
    system_on                                0x20000000   Data           1  main.o(.data)
    target_freq_global                       0x20000004   Data           4  main.o(.data)
    target_vol_global                        0x20000008   Data           4  main.o(.data)
    Current_Phase_U                          0x2000000c   Data           4  main.o(.data)
    Current_Phase_V                          0x20000010   Data           4  main.o(.data)
    FS_Desc                                  0x20000014   Data          28  usbd_desc.o(.data)
    USBD_LangIDDesc                          0x20000030   Data           4  usbd_desc.o(.data)
    USBD_FS_DeviceDesc                       0x20000034   Data          18  usbd_desc.o(.data)
    USBD_Interface_fops_FS                   0x20000048   Data          16  usbd_cdc_if.o(.data)
    uwTickFreq                               0x20000060   Data           1  stm32f4xx_hal.o(.data)
    uwTickPrio                               0x20000064   Data           4  stm32f4xx_hal.o(.data)
    uwTick                                   0x20000068   Data           4  stm32f4xx_hal.o(.data)
    SystemCoreClock                          0x2000006c   Data           4  system_stm32f4xx.o(.data)
    USBD_CDC_CfgHSDesc                       0x20000084   Data          67  usbd_cdc.o(.data)
    USBD_CDC_CfgFSDesc                       0x200000c8   Data          67  usbd_cdc.o(.data)
    USBD_CDC_OtherSpeedCfgDesc               0x2000010c   Data          67  usbd_cdc.o(.data)
    USBD_CDC                                 0x20000150   Data          56  usbd_cdc.o(.data)
    hadc1                                    0x2000018c   Data          72  main.o(.bss)
    htim1                                    0x200001d4   Data          60  main.o(.bss)
    htim8                                    0x20000210   Data          60  main.o(.bss)
    hsram1                                   0x2000024c   Data          80  main.o(.bss)
    hsram2                                   0x2000029c   Data          80  main.o(.bss)
    MotorParameter                           0x200002ec   Data         128  main.o(.bss)
    Parameter                                0x2000036c   Data         128  main.o(.bss)
    hUsbDeviceFS                             0x200003ec   Data         548  usb_device.o(.bss)
    hpcd_USB_OTG_FS                          0x20000610   Data        1008  usbd_conf.o(.bss)
    USBD_StrDesc                             0x20000a00   Data         512  usbd_desc.o(.bss)
    UserRxBufferFS                           0x20000c00   Data        2048  usbd_cdc_if.o(.bss)
    UserTxBufferFS                           0x20001400   Data        2048  usbd_cdc_if.o(.bss)
    __libspace_start                         0x20001c00   Data          96  libspace.o(.bss)
    __temporary_stack_top$libspace           0x20001c60   Data           0  libspace.o(.bss)



==============================================================================

Memory Map of the image

  Image Entry point : 0x08000189

  Load Region LR_IROM1 (Base: 0x08000000, Size: 0x00004cf8, Max: 0x00080000, ABSOLUTE, COMPRESSED[0x00004c30])

    Execution Region ER_IROM1 (Exec base: 0x08000000, Load base: 0x08000000, Size: 0x00004b6c, Max: 0x00080000, ABSOLUTE)

    Exec Addr    Load Addr    Size         Type   Attr      Idx    E Section Name        Object

    0x08000000   0x08000000   0x00000188   Data   RO            3    RESET               startup_stm32f407xx.o
    0x08000188   0x08000188   0x00000008   Code   RO         4415  * !!!main             c_w.l(__main.o)
    0x08000190   0x08000190   0x00000034   Code   RO         4681    !!!scatter          c_w.l(__scatter.o)
    0x080001c4   0x080001c4   0x0000005a   Code   RO         4679    !!dczerorl2         c_w.l(__dczerorl2.o)
    0x0800021e   0x0800021e   0x00000002   PAD
    0x08000220   0x08000220   0x0000001c   Code   RO         4683    !!handler_zi        c_w.l(__scatter_zi.o)
    0x0800023c   0x0800023c   0x00000002   Code   RO         4616    .ARM.Collect$$libinit$$00000000  c_w.l(libinit.o)
    0x0800023e   0x0800023e   0x00000004   Code   RO         4477    .ARM.Collect$$libinit$$00000001  c_w.l(libinit2.o)
    0x08000242   0x08000242   0x00000000   Code   RO         4480    .ARM.Collect$$libinit$$00000004  c_w.l(libinit2.o)
    0x08000242   0x08000242   0x00000008   Code   RO         4481    .ARM.Collect$$libinit$$00000005  c_w.l(libinit2.o)
    0x0800024a   0x0800024a   0x00000000   Code   RO         4483    .ARM.Collect$$libinit$$0000000A  c_w.l(libinit2.o)
    0x0800024a   0x0800024a   0x00000000   Code   RO         4485    .ARM.Collect$$libinit$$0000000C  c_w.l(libinit2.o)
    0x0800024a   0x0800024a   0x00000000   Code   RO         4487    .ARM.Collect$$libinit$$0000000E  c_w.l(libinit2.o)
    0x0800024a   0x0800024a   0x00000000   Code   RO         4490    .ARM.Collect$$libinit$$00000011  c_w.l(libinit2.o)
    0x0800024a   0x0800024a   0x00000000   Code   RO         4492    .ARM.Collect$$libinit$$00000013  c_w.l(libinit2.o)
    0x0800024a   0x0800024a   0x00000000   Code   RO         4494    .ARM.Collect$$libinit$$00000015  c_w.l(libinit2.o)
    0x0800024a   0x0800024a   0x00000000   Code   RO         4496    .ARM.Collect$$libinit$$00000017  c_w.l(libinit2.o)
    0x0800024a   0x0800024a   0x00000000   Code   RO         4498    .ARM.Collect$$libinit$$00000019  c_w.l(libinit2.o)
    0x0800024a   0x0800024a   0x00000000   Code   RO         4500    .ARM.Collect$$libinit$$0000001B  c_w.l(libinit2.o)
    0x0800024a   0x0800024a   0x00000000   Code   RO         4502    .ARM.Collect$$libinit$$0000001D  c_w.l(libinit2.o)
    0x0800024a   0x0800024a   0x00000000   Code   RO         4504    .ARM.Collect$$libinit$$0000001F  c_w.l(libinit2.o)
    0x0800024a   0x0800024a   0x00000000   Code   RO         4506    .ARM.Collect$$libinit$$00000021  c_w.l(libinit2.o)
    0x0800024a   0x0800024a   0x00000000   Code   RO         4508    .ARM.Collect$$libinit$$00000023  c_w.l(libinit2.o)
    0x0800024a   0x0800024a   0x00000000   Code   RO         4510    .ARM.Collect$$libinit$$00000025  c_w.l(libinit2.o)
    0x0800024a   0x0800024a   0x00000000   Code   RO         4514    .ARM.Collect$$libinit$$0000002C  c_w.l(libinit2.o)
    0x0800024a   0x0800024a   0x00000000   Code   RO         4516    .ARM.Collect$$libinit$$0000002E  c_w.l(libinit2.o)
    0x0800024a   0x0800024a   0x00000000   Code   RO         4518    .ARM.Collect$$libinit$$00000030  c_w.l(libinit2.o)
    0x0800024a   0x0800024a   0x00000000   Code   RO         4520    .ARM.Collect$$libinit$$00000032  c_w.l(libinit2.o)
    0x0800024a   0x0800024a   0x00000002   Code   RO         4521    .ARM.Collect$$libinit$$00000033  c_w.l(libinit2.o)
    0x0800024c   0x0800024c   0x00000002   Code   RO         4676    .ARM.Collect$$libshutdown$$00000000  c_w.l(libshutdown.o)
    0x0800024e   0x0800024e   0x00000000   Code   RO         4632    .ARM.Collect$$libshutdown$$00000002  c_w.l(libshutdown2.o)
    0x0800024e   0x0800024e   0x00000000   Code   RO         4634    .ARM.Collect$$libshutdown$$00000004  c_w.l(libshutdown2.o)
    0x0800024e   0x0800024e   0x00000000   Code   RO         4636    .ARM.Collect$$libshutdown$$00000006  c_w.l(libshutdown2.o)
    0x0800024e   0x0800024e   0x00000000   Code   RO         4639    .ARM.Collect$$libshutdown$$00000009  c_w.l(libshutdown2.o)
    0x0800024e   0x0800024e   0x00000000   Code   RO         4642    .ARM.Collect$$libshutdown$$0000000C  c_w.l(libshutdown2.o)
    0x0800024e   0x0800024e   0x00000000   Code   RO         4644    .ARM.Collect$$libshutdown$$0000000E  c_w.l(libshutdown2.o)
    0x0800024e   0x0800024e   0x00000000   Code   RO         4647    .ARM.Collect$$libshutdown$$00000011  c_w.l(libshutdown2.o)
    0x0800024e   0x0800024e   0x00000002   Code   RO         4648    .ARM.Collect$$libshutdown$$00000012  c_w.l(libshutdown2.o)
    0x08000250   0x08000250   0x00000000   Code   RO         4443    .ARM.Collect$$rtentry$$00000000  c_w.l(__rtentry.o)
    0x08000250   0x08000250   0x00000000   Code   RO         4548    .ARM.Collect$$rtentry$$00000002  c_w.l(__rtentry2.o)
    0x08000250   0x08000250   0x00000006   Code   RO         4560    .ARM.Collect$$rtentry$$00000004  c_w.l(__rtentry4.o)
    0x08000256   0x08000256   0x00000000   Code   RO         4550    .ARM.Collect$$rtentry$$00000009  c_w.l(__rtentry2.o)
    0x08000256   0x08000256   0x00000004   Code   RO         4551    .ARM.Collect$$rtentry$$0000000A  c_w.l(__rtentry2.o)
    0x0800025a   0x0800025a   0x00000000   Code   RO         4553    .ARM.Collect$$rtentry$$0000000C  c_w.l(__rtentry2.o)
    0x0800025a   0x0800025a   0x00000008   Code   RO         4554    .ARM.Collect$$rtentry$$0000000D  c_w.l(__rtentry2.o)
    0x08000262   0x08000262   0x00000002   Code   RO         4619    .ARM.Collect$$rtexit$$00000000  c_w.l(rtexit.o)
    0x08000264   0x08000264   0x00000000   Code   RO         4652    .ARM.Collect$$rtexit$$00000002  c_w.l(rtexit2.o)
    0x08000264   0x08000264   0x00000004   Code   RO         4653    .ARM.Collect$$rtexit$$00000003  c_w.l(rtexit2.o)
    0x08000268   0x08000268   0x00000006   Code   RO         4654    .ARM.Collect$$rtexit$$00000004  c_w.l(rtexit2.o)
    0x0800026e   0x0800026e   0x00000002   PAD
    0x08000270   0x08000270   0x00000000   Code   RO         4571    .emb_text           c_w.l(maybetermalloc1.o)
    0x08000270   0x08000270   0x00000040   Code   RO            4    .text               startup_stm32f407xx.o
    0x080002b0   0x080002b0   0x0000005e   Code   RO         4351    .text               c_w.l(h1_alloc.o)
    0x0800030e   0x0800030e   0x0000004e   Code   RO         4353    .text               c_w.l(h1_free.o)
    0x0800035c   0x0800035c   0x000000ee   Code   RO         4409    .text               c_w.l(lludivv7m.o)
    0x0800044a   0x0800044a   0x00000064   Code   RO         4411    .text               c_w.l(rt_memcpy_w.o)
    0x080004ae   0x080004ae   0x00000006   Code   RO         4413    .text               c_w.l(heapauxi.o)
    0x080004b4   0x080004b4   0x00000008   Code   RO         4451    .text               c_w.l(rt_heap_descriptor_intlibspace.o)
    0x080004bc   0x080004bc   0x00000004   Code   RO         4453    .text               c_w.l(hguard.o)
    0x080004c0   0x080004c0   0x0000008a   Code   RO         4455    .text               c_w.l(init_alloc.o)
    0x0800054a   0x0800054a   0x0000000e   Code   RO         4459    .text               c_w.l(h1_init.o)
    0x08000558   0x08000558   0x00000016   Code   RO         4473    .text               c_w.l(_rserrno.o)
    0x0800056e   0x0800056e   0x00000002   PAD
    0x08000570   0x08000570   0x00000008   Code   RO         4544    .text               c_w.l(libspace.o)
    0x08000578   0x08000578   0x00000008   Code   RO         4567    .text               c_w.l(rt_errno_addr_intlibspace.o)
    0x08000580   0x08000580   0x00000034   Code   RO         4573    .text               c_w.l(h1_extend.o)
    0x080005b4   0x080005b4   0x0000000e   Code   RO         4577    .text               c_w.l(defsig_rtmem_outer.o)
    0x080005c2   0x080005c2   0x00000002   Code   RO         4588    .text               c_w.l(use_no_semi.o)
    0x080005c4   0x080005c4   0x00000000   Code   RO         4590    .text               c_w.l(indicate_semi.o)
    0x080005c4   0x080005c4   0x0000004a   Code   RO         4591    .text               c_w.l(sys_stackheap_outer.o)
    0x0800060e   0x0800060e   0x00000012   Code   RO         4597    .text               c_w.l(exit.o)
    0x08000620   0x08000620   0x0000000a   Code   RO         4599    .text               c_w.l(defsig_exit.o)
    0x0800062a   0x0800062a   0x00000002   PAD
    0x0800062c   0x0800062c   0x00000050   Code   RO         4605    .text               c_w.l(defsig_rtmem_inner.o)
    0x0800067c   0x0800067c   0x0000000c   Code   RO         4617    .text               c_w.l(sys_exit.o)
    0x08000688   0x08000688   0x00000032   Code   RO         4627    .text               c_w.l(defsig_general.o)
    0x080006ba   0x080006ba   0x0000000e   Code   RO         4649    .text               c_w.l(sys_wrch.o)
    0x080006c8   0x080006c8   0x00000124   Code   RO         2350    i.ADC_Init          stm32f4xx_hal_adc.o
    0x080007ec   0x080007ec   0x00000002   Code   RO          583    i.BusFault_Handler  stm32f4xx_it.o
    0x080007ee   0x080007ee   0x00000004   Code   RO          531    i.CDC_Control_FS    usbd_cdc_if.o
    0x080007f2   0x080007f2   0x00000004   Code   RO          532    i.CDC_DeInit_FS     usbd_cdc_if.o
    0x080007f6   0x080007f6   0x00000002   PAD
    0x080007f8   0x080007f8   0x00000024   Code   RO          533    i.CDC_Init_FS       usbd_cdc_if.o
    0x0800081c   0x0800081c   0x00000018   Code   RO          534    i.CDC_Receive_FS    usbd_cdc_if.o
    0x08000834   0x08000834   0x000000d8   Code   RO         4199    i.Control_V_over_F  pwm.o
    0x0800090c   0x0800090c   0x00000002   Code   RO          584    i.DebugMon_Handler  stm32f4xx_it.o
    0x0800090e   0x0800090e   0x00000006   Code   RO          585    i.EXTI0_IRQHandler  stm32f4xx_it.o
    0x08000914   0x08000914   0x00000008   Code   RO          586    i.EXTI15_10_IRQHandler  stm32f4xx_it.o
    0x0800091c   0x0800091c   0x00000006   Code   RO          587    i.EXTI1_IRQHandler  stm32f4xx_it.o
    0x08000922   0x08000922   0x00000006   Code   RO          588    i.EXTI2_IRQHandler  stm32f4xx_it.o
    0x08000928   0x08000928   0x00000040   Code   RO         2630    i.FSMC_NORSRAM_Extended_Timing_Init  stm32f4xx_ll_fsmc.o
    0x08000968   0x08000968   0x00000054   Code   RO         2631    i.FSMC_NORSRAM_Init  stm32f4xx_ll_fsmc.o
    0x080009bc   0x080009bc   0x00000044   Code   RO         2632    i.FSMC_NORSRAM_Timing_Init  stm32f4xx_ll_fsmc.o
    0x08000a00   0x08000a00   0x00000070   Code   RO         4200    i.GeneratePWM       pwm.o
    0x08000a70   0x08000a70   0x000004ec   Code   RO         4256    i.GetParameter      parameter.o
    0x08000f5c   0x08000f5c   0x0000014c   Code   RO         2352    i.HAL_ADC_ConfigChannel  stm32f4xx_hal_adc.o
    0x080010a8   0x080010a8   0x00000054   Code   RO         2361    i.HAL_ADC_Init      stm32f4xx_hal_adc.o
    0x080010fc   0x080010fc   0x00000028   Code   RO          690    i.HAL_ADC_MspInit   stm32f4xx_hal_msp.o
    0x08001124   0x08001124   0x00000024   Code   RO         2183    i.HAL_Delay         stm32f4xx_hal.o
    0x08001148   0x08001148   0x0000009c   Code   RO          691    i.HAL_FSMC_MspInit  stm32f4xx_hal_msp.o
    0x080011e4   0x080011e4   0x00000040   Code   RO           13    i.HAL_GPIO_EXTI_Callback  main.o
    0x08001224   0x08001224   0x00000018   Code   RO         1656    i.HAL_GPIO_EXTI_IRQHandler  stm32f4xx_hal_gpio.o
    0x0800123c   0x0800123c   0x000001b0   Code   RO         1657    i.HAL_GPIO_Init     stm32f4xx_hal_gpio.o
    0x080013ec   0x080013ec   0x0000000a   Code   RO         1661    i.HAL_GPIO_WritePin  stm32f4xx_hal_gpio.o
    0x080013f6   0x080013f6   0x00000002   PAD
    0x080013f8   0x080013f8   0x0000000c   Code   RO         2189    i.HAL_GetTick       stm32f4xx_hal.o
    0x08001404   0x08001404   0x00000010   Code   RO         2193    i.HAL_IncTick       stm32f4xx_hal.o
    0x08001414   0x08001414   0x00000034   Code   RO         2194    i.HAL_Init          stm32f4xx_hal.o
    0x08001448   0x08001448   0x00000040   Code   RO         2195    i.HAL_InitTick      stm32f4xx_hal.o
    0x08001488   0x08001488   0x00000084   Code   RO          692    i.HAL_MspInit       stm32f4xx_hal_msp.o
    0x0800150c   0x0800150c   0x00000016   Code   RO         2046    i.HAL_NVIC_EnableIRQ  stm32f4xx_hal_cortex.o
    0x08001522   0x08001522   0x00000002   PAD
    0x08001524   0x08001524   0x00000040   Code   RO         2052    i.HAL_NVIC_SetPriority  stm32f4xx_hal_cortex.o
    0x08001564   0x08001564   0x00000024   Code   RO         2053    i.HAL_NVIC_SetPriorityGrouping  stm32f4xx_hal_cortex.o
    0x08001588   0x08001588   0x00000008   Code   RO          989    i.HAL_PCDEx_SetRxFiFo  stm32f4xx_hal_pcd_ex.o
    0x08001590   0x08001590   0x00000044   Code   RO          990    i.HAL_PCDEx_SetTxFiFo  stm32f4xx_hal_pcd_ex.o
    0x080015d4   0x080015d4   0x00000008   Code   RO          274    i.HAL_PCD_ConnectCallback  usbd_conf.o
    0x080015dc   0x080015dc   0x00000012   Code   RO          275    i.HAL_PCD_DataInStageCallback  usbd_conf.o
    0x080015ee   0x080015ee   0x00000014   Code   RO          276    i.HAL_PCD_DataOutStageCallback  usbd_conf.o
    0x08001602   0x08001602   0x00000008   Code   RO          277    i.HAL_PCD_DisconnectCallback  usbd_conf.o
    0x0800160a   0x0800160a   0x00000044   Code   RO          783    i.HAL_PCD_EP_Close  stm32f4xx_hal_pcd.o
    0x0800164e   0x0800164e   0x00000050   Code   RO          784    i.HAL_PCD_EP_ClrStall  stm32f4xx_hal_pcd.o
    0x0800169e   0x0800169e   0x00000014   Code   RO          786    i.HAL_PCD_EP_GetRxCount  stm32f4xx_hal_pcd.o
    0x080016b2   0x080016b2   0x00000054   Code   RO          787    i.HAL_PCD_EP_Open   stm32f4xx_hal_pcd.o
    0x08001706   0x08001706   0x00000048   Code   RO          788    i.HAL_PCD_EP_Receive  stm32f4xx_hal_pcd.o
    0x0800174e   0x0800174e   0x00000060   Code   RO          789    i.HAL_PCD_EP_SetStall  stm32f4xx_hal_pcd.o
    0x080017ae   0x080017ae   0x00000040   Code   RO          790    i.HAL_PCD_EP_Transmit  stm32f4xx_hal_pcd.o
    0x080017ee   0x080017ee   0x00000002   PAD
    0x080017f0   0x080017f0   0x000004f4   Code   RO          792    i.HAL_PCD_IRQHandler  stm32f4xx_hal_pcd.o
    0x08001ce4   0x08001ce4   0x00000008   Code   RO          278    i.HAL_PCD_ISOINIncompleteCallback  usbd_conf.o
    0x08001cec   0x08001cec   0x00000008   Code   RO          279    i.HAL_PCD_ISOOUTIncompleteCallback  usbd_conf.o
    0x08001cf4   0x08001cf4   0x000000be   Code   RO          795    i.HAL_PCD_Init      stm32f4xx_hal_pcd.o
    0x08001db2   0x08001db2   0x00000002   PAD
    0x08001db4   0x08001db4   0x00000064   Code   RO          281    i.HAL_PCD_MspInit   usbd_conf.o
    0x08001e18   0x08001e18   0x00000020   Code   RO          282    i.HAL_PCD_ResetCallback  usbd_conf.o
    0x08001e38   0x08001e38   0x00000008   Code   RO          283    i.HAL_PCD_ResumeCallback  usbd_conf.o
    0x08001e40   0x08001e40   0x00000008   Code   RO          284    i.HAL_PCD_SOFCallback  usbd_conf.o
    0x08001e48   0x08001e48   0x00000024   Code   RO          801    i.HAL_PCD_SetAddress  stm32f4xx_hal_pcd.o
    0x08001e6c   0x08001e6c   0x0000000e   Code   RO          285    i.HAL_PCD_SetupStageCallback  usbd_conf.o
    0x08001e7a   0x08001e7a   0x0000002a   Code   RO          803    i.HAL_PCD_Start     stm32f4xx_hal_pcd.o
    0x08001ea4   0x08001ea4   0x00000030   Code   RO          286    i.HAL_PCD_SuspendCallback  usbd_conf.o
    0x08001ed4   0x08001ed4   0x00000130   Code   RO         1303    i.HAL_RCC_ClockConfig  stm32f4xx_hal_rcc.o
    0x08002004   0x08002004   0x0000000c   Code   RO         1308    i.HAL_RCC_GetHCLKFreq  stm32f4xx_hal_rcc.o
    0x08002010   0x08002010   0x00000064   Code   RO         1312    i.HAL_RCC_GetSysClockFreq  stm32f4xx_hal_rcc.o
    0x08002074   0x08002074   0x0000031c   Code   RO         1315    i.HAL_RCC_OscConfig  stm32f4xx_hal_rcc.o
    0x08002390   0x08002390   0x00000056   Code   RO         2770    i.HAL_SRAM_Init     stm32f4xx_hal_sram.o
    0x080023e6   0x080023e6   0x00000004   Code   RO          694    i.HAL_SRAM_MspInit  stm32f4xx_hal_msp.o
    0x080023ea   0x080023ea   0x00000018   Code   RO         2055    i.HAL_SYSTICK_CLKSourceConfig  stm32f4xx_hal_cortex.o
    0x08002402   0x08002402   0x00000002   Code   RO         2056    i.HAL_SYSTICK_Callback  stm32f4xx_hal_cortex.o
    0x08002404   0x08002404   0x00000028   Code   RO         2057    i.HAL_SYSTICK_Config  stm32f4xx_hal_cortex.o
    0x0800242c   0x0800242c   0x00000008   Code   RO         2058    i.HAL_SYSTICK_IRQHandler  stm32f4xx_hal_cortex.o
    0x08002434   0x08002434   0x0000005a   Code   RO         3555    i.HAL_TIMEx_ConfigBreakDeadTime  stm32f4xx_hal_tim_ex.o
    0x0800248e   0x0800248e   0x00000050   Code   RO         3570    i.HAL_TIMEx_MasterConfigSynchronization  stm32f4xx_hal_tim_ex.o
    0x080024de   0x080024de   0x00000024   Code   RO         3581    i.HAL_TIMEx_PWMN_Start  stm32f4xx_hal_tim_ex.o
    0x08002502   0x08002502   0x00000044   Code   RO         3584    i.HAL_TIMEx_PWMN_Stop  stm32f4xx_hal_tim_ex.o
    0x08002546   0x08002546   0x00000036   Code   RO         2924    i.HAL_TIM_Base_Init  stm32f4xx_hal_tim.o
    0x0800257c   0x0800257c   0x00000048   Code   RO          696    i.HAL_TIM_Base_MspInit  stm32f4xx_hal_msp.o
    0x080025c4   0x080025c4   0x00000084   Code   RO          697    i.HAL_TIM_MspPostInit  stm32f4xx_hal_msp.o
    0x08002648   0x08002648   0x000000d0   Code   RO         2990    i.HAL_TIM_PWM_ConfigChannel  stm32f4xx_hal_tim.o
    0x08002718   0x08002718   0x00000036   Code   RO         2993    i.HAL_TIM_PWM_Init  stm32f4xx_hal_tim.o
    0x0800274e   0x0800274e   0x00000002   PAD
    0x08002750   0x08002750   0x00000028   Code   RO          699    i.HAL_TIM_PWM_MspInit  stm32f4xx_hal_msp.o
    0x08002778   0x08002778   0x00000038   Code   RO         2997    i.HAL_TIM_PWM_Start  stm32f4xx_hal_tim.o
    0x080027b0   0x080027b0   0x0000005c   Code   RO         3000    i.HAL_TIM_PWM_Stop  stm32f4xx_hal_tim.o
    0x0800280c   0x0800280c   0x00000042   Code   RO         3005    i.HAL_TIM_SlaveConfigSynchronization  stm32f4xx_hal_tim.o
    0x0800284e   0x0800284e   0x00000002   Code   RO          589    i.HardFault_Handler  stm32f4xx_it.o
    0x08002850   0x08002850   0x00000034   Code   RO         4257    i.Init_Parameter    parameter.o
    0x08002884   0x08002884   0x00000054   Code   RO           14    i.MX_ADC1_Init      main.o
    0x080028d8   0x080028d8   0x000000bc   Code   RO           15    i.MX_FSMC_Init      main.o
    0x08002994   0x08002994   0x00000234   Code   RO           16    i.MX_GPIO_Init      main.o
    0x08002bc8   0x08002bc8   0x00000080   Code   RO           17    i.MX_TIM1_Init      main.o
    0x08002c48   0x08002c48   0x000000d8   Code   RO           18    i.MX_TIM8_Init      main.o
    0x08002d20   0x08002d20   0x00000038   Code   RO          223    i.MX_USB_DEVICE_Init  usb_device.o
    0x08002d58   0x08002d58   0x00000002   Code   RO          590    i.MemManage_Handler  stm32f4xx_it.o
    0x08002d5a   0x08002d5a   0x00000002   Code   RO          591    i.NMI_Handler       stm32f4xx_it.o
    0x08002d5c   0x08002d5c   0x00000020   Code   RO         2059    i.NVIC_SetPriority  stm32f4xx_hal_cortex.o
    0x08002d7c   0x08002d7c   0x0000000c   Code   RO          592    i.OTG_FS_IRQHandler  stm32f4xx_it.o
    0x08002d88   0x08002d88   0x00000088   Code   RO          806    i.PCD_WriteEmptyTxFifo  stm32f4xx_hal_pcd.o
    0x08002e10   0x08002e10   0x00000002   Code   RO          593    i.PendSV_Handler    stm32f4xx_it.o
    0x08002e12   0x08002e12   0x00000002   Code   RO          594    i.SVC_Handler       stm32f4xx_it.o
    0x08002e14   0x08002e14   0x0000003c   Code   RO         4201    i.SwitchOffPWM      pwm.o
    0x08002e50   0x08002e50   0x0000003c   Code   RO         4202    i.SwitchOnPWM       pwm.o
    0x08002e8c   0x08002e8c   0x0000000e   Code   RO          595    i.SysTick_Handler   stm32f4xx_it.o
    0x08002e9a   0x08002e9a   0x00000002   PAD
    0x08002e9c   0x08002e9c   0x000000a0   Code   RO           19    i.SystemClock_Config  main.o
    0x08002f3c   0x08002f3c   0x00000054   Code   RO         3793    i.SystemInit        system_stm32f4xx.o
    0x08002f90   0x08002f90   0x000000c0   Code   RO         3008    i.TIM_Base_SetConfig  stm32f4xx_hal_tim.o
    0x08003050   0x08003050   0x00000016   Code   RO         3009    i.TIM_CCxChannelCmd  stm32f4xx_hal_tim.o
    0x08003066   0x08003066   0x00000016   Code   RO         3589    i.TIM_CCxNChannelCmd  stm32f4xx_hal_tim_ex.o
    0x0800307c   0x0800307c   0x00000014   Code   RO         3015    i.TIM_ETR_SetConfig  stm32f4xx_hal_tim.o
    0x08003090   0x08003090   0x00000058   Code   RO         3017    i.TIM_OC1_SetConfig  stm32f4xx_hal_tim.o
    0x080030e8   0x080030e8   0x00000064   Code   RO         3018    i.TIM_OC2_SetConfig  stm32f4xx_hal_tim.o
    0x0800314c   0x0800314c   0x00000060   Code   RO         3019    i.TIM_OC3_SetConfig  stm32f4xx_hal_tim.o
    0x080031ac   0x080031ac   0x00000050   Code   RO         3020    i.TIM_OC4_SetConfig  stm32f4xx_hal_tim.o
    0x080031fc   0x080031fc   0x0000007c   Code   RO         3021    i.TIM_SlaveTimer_SetConfig  stm32f4xx_hal_tim.o
    0x08003278   0x08003278   0x00000022   Code   RO         3022    i.TIM_TI1_ConfigInputStage  stm32f4xx_hal_tim.o
    0x0800329a   0x0800329a   0x00000024   Code   RO         3024    i.TIM_TI2_ConfigInputStage  stm32f4xx_hal_tim.o
    0x080032be   0x080032be   0x00000014   Code   RO         4093    i.USBD_CDC_DataIn   usbd_cdc.o
    0x080032d2   0x080032d2   0x0000002e   Code   RO         4094    i.USBD_CDC_DataOut  usbd_cdc.o
    0x08003300   0x08003300   0x0000003c   Code   RO         4095    i.USBD_CDC_DeInit   usbd_cdc.o
    0x0800333c   0x0800333c   0x00000024   Code   RO         4096    i.USBD_CDC_EP0_RxReady  usbd_cdc.o
    0x08003360   0x08003360   0x0000000c   Code   RO         4097    i.USBD_CDC_GetDeviceQualifierDescriptor  usbd_cdc.o
    0x0800336c   0x0800336c   0x0000000c   Code   RO         4098    i.USBD_CDC_GetFSCfgDesc  usbd_cdc.o
    0x08003378   0x08003378   0x0000000c   Code   RO         4099    i.USBD_CDC_GetHSCfgDesc  usbd_cdc.o
    0x08003384   0x08003384   0x0000000c   Code   RO         4100    i.USBD_CDC_GetOtherSpeedCfgDesc  usbd_cdc.o
    0x08003390   0x08003390   0x00000088   Code   RO         4101    i.USBD_CDC_Init     usbd_cdc.o
    0x08003418   0x08003418   0x00000028   Code   RO         4102    i.USBD_CDC_ReceivePacket  usbd_cdc.o
    0x08003440   0x08003440   0x00000010   Code   RO         4103    i.USBD_CDC_RegisterInterface  usbd_cdc.o
    0x08003450   0x08003450   0x0000000c   Code   RO         4104    i.USBD_CDC_SetRxBuffer  usbd_cdc.o
    0x0800345c   0x0800345c   0x00000010   Code   RO         4105    i.USBD_CDC_SetTxBuffer  usbd_cdc.o
    0x0800346c   0x0800346c   0x00000070   Code   RO         4106    i.USBD_CDC_Setup    usbd_cdc.o
    0x080034dc   0x080034dc   0x0000000e   Code   RO         3830    i.USBD_ClrClassConfig  usbd_core.o
    0x080034ea   0x080034ea   0x00000010   Code   RO         4033    i.USBD_CtlContinueRx  usbd_ioreq.o
    0x080034fa   0x080034fa   0x00000010   Code   RO         4034    i.USBD_CtlContinueSendData  usbd_ioreq.o
    0x0800350a   0x0800350a   0x00000016   Code   RO         3968    i.USBD_CtlError     usbd_ctlreq.o
    0x08003520   0x08003520   0x0000001e   Code   RO         4035    i.USBD_CtlPrepareRx  usbd_ioreq.o
    0x0800353e   0x0800353e   0x00000016   Code   RO         4036    i.USBD_CtlReceiveStatus  usbd_ioreq.o
    0x08003554   0x08003554   0x0000001a   Code   RO         4037    i.USBD_CtlSendData  usbd_ioreq.o
    0x0800356e   0x0800356e   0x00000016   Code   RO         4038    i.USBD_CtlSendStatus  usbd_ioreq.o
    0x08003584   0x08003584   0x00000020   Code   RO          463    i.USBD_FS_ConfigStrDescriptor  usbd_desc.o
    0x080035a4   0x080035a4   0x0000000c   Code   RO          464    i.USBD_FS_DeviceDescriptor  usbd_desc.o
    0x080035b0   0x080035b0   0x00000024   Code   RO          465    i.USBD_FS_InterfaceStrDescriptor  usbd_desc.o
    0x080035d4   0x080035d4   0x0000000c   Code   RO          466    i.USBD_FS_LangIDStrDescriptor  usbd_desc.o
    0x080035e0   0x080035e0   0x00000018   Code   RO          467    i.USBD_FS_ManufacturerStrDescriptor  usbd_desc.o
    0x080035f8   0x080035f8   0x00000030   Code   RO          468    i.USBD_FS_ProductStrDescriptor  usbd_desc.o
    0x08003628   0x08003628   0x00000024   Code   RO          469    i.USBD_FS_SerialStrDescriptor  usbd_desc.o
    0x0800364c   0x0800364c   0x000000e0   Code   RO         3969    i.USBD_GetDescriptor  usbd_ctlreq.o
    0x0800372c   0x0800372c   0x00000046   Code   RO         3970    i.USBD_GetString    usbd_ctlreq.o
    0x08003772   0x08003772   0x0000002a   Code   RO         3832    i.USBD_Init         usbd_core.o
    0x0800379c   0x0800379c   0x00000020   Code   RO          287    i.USBD_LL_ClearStallEP  usbd_conf.o
    0x080037bc   0x080037bc   0x00000020   Code   RO          288    i.USBD_LL_CloseEP   usbd_conf.o
    0x080037dc   0x080037dc   0x000000aa   Code   RO         3833    i.USBD_LL_DataInStage  usbd_core.o
    0x08003886   0x08003886   0x0000006a   Code   RO         3834    i.USBD_LL_DataOutStage  usbd_core.o
    0x080038f0   0x080038f0   0x00000004   Code   RO         3835    i.USBD_LL_DevConnected  usbd_core.o
    0x080038f4   0x080038f4   0x00000016   Code   RO         3836    i.USBD_LL_DevDisconnected  usbd_core.o
    0x0800390a   0x0800390a   0x00000008   Code   RO          292    i.USBD_LL_GetRxDataSize  usbd_conf.o
    0x08003912   0x08003912   0x00000002   PAD
    0x08003914   0x08003914   0x0000007c   Code   RO          293    i.USBD_LL_Init      usbd_conf.o
    0x08003990   0x08003990   0x00000020   Code   RO          294    i.USBD_LL_IsStallEP  usbd_conf.o
    0x080039b0   0x080039b0   0x00000004   Code   RO         3837    i.USBD_LL_IsoINIncomplete  usbd_core.o
    0x080039b4   0x080039b4   0x00000004   Code   RO         3838    i.USBD_LL_IsoOUTIncomplete  usbd_core.o
    0x080039b8   0x080039b8   0x00000026   Code   RO          295    i.USBD_LL_OpenEP    usbd_conf.o
    0x080039de   0x080039de   0x00000020   Code   RO          296    i.USBD_LL_PrepareReceive  usbd_conf.o
    0x080039fe   0x080039fe   0x0000003e   Code   RO         3839    i.USBD_LL_Reset     usbd_core.o
    0x08003a3c   0x08003a3c   0x0000000c   Code   RO         3840    i.USBD_LL_Resume    usbd_core.o
    0x08003a48   0x08003a48   0x00000018   Code   RO         3841    i.USBD_LL_SOF       usbd_core.o
    0x08003a60   0x08003a60   0x00000006   Code   RO         3842    i.USBD_LL_SetSpeed  usbd_core.o
    0x08003a66   0x08003a66   0x00000020   Code   RO          297    i.USBD_LL_SetUSBAddress  usbd_conf.o
    0x08003a86   0x08003a86   0x0000005a   Code   RO         3843    i.USBD_LL_SetupStage  usbd_core.o
    0x08003ae0   0x08003ae0   0x00000020   Code   RO          298    i.USBD_LL_StallEP   usbd_conf.o
    0x08003b00   0x08003b00   0x00000020   Code   RO          299    i.USBD_LL_Start     usbd_conf.o
    0x08003b20   0x08003b20   0x00000012   Code   RO         3844    i.USBD_LL_Suspend   usbd_core.o
    0x08003b32   0x08003b32   0x00000020   Code   RO          301    i.USBD_LL_Transmit  usbd_conf.o
    0x08003b52   0x08003b52   0x00000028   Code   RO         3971    i.USBD_ParseSetupRequest  usbd_ctlreq.o
    0x08003b7a   0x08003b7a   0x00000010   Code   RO         3845    i.USBD_RegisterClass  usbd_core.o
    0x08003b8a   0x08003b8a   0x00000016   Code   RO         3847    i.USBD_SetClassConfig  usbd_core.o
    0x08003ba0   0x08003ba0   0x00000074   Code   RO         3972    i.USBD_SetConfig    usbd_ctlreq.o
    0x08003c14   0x08003c14   0x0000000a   Code   RO         3848    i.USBD_Start        usbd_core.o
    0x08003c1e   0x08003c1e   0x000000f2   Code   RO         3973    i.USBD_StdDevReq    usbd_ctlreq.o
    0x08003d10   0x08003d10   0x000000dc   Code   RO         3974    i.USBD_StdEPReq     usbd_ctlreq.o
    0x08003dec   0x08003dec   0x00000034   Code   RO         3975    i.USBD_StdItfReq    usbd_ctlreq.o
    0x08003e20   0x08003e20   0x00000080   Code   RO         1020    i.USB_ActivateEndpoint  stm32f4xx_ll_usb.o
    0x08003ea0   0x08003ea0   0x00000034   Code   RO         1021    i.USB_ActivateSetup  stm32f4xx_ll_usb.o
    0x08003ed4   0x08003ed4   0x0000006c   Code   RO         1023    i.USB_CoreInit      stm32f4xx_ll_usb.o
    0x08003f40   0x08003f40   0x00000038   Code   RO         1024    i.USB_CoreReset     stm32f4xx_ll_usb.o
    0x08003f78   0x08003f78   0x000000c8   Code   RO         1026    i.USB_DeactivateEndpoint  stm32f4xx_ll_usb.o
    0x08004040   0x08004040   0x00000018   Code   RO         1027    i.USB_DevConnect    stm32f4xx_ll_usb.o
    0x08004058   0x08004058   0x00000018   Code   RO         1028    i.USB_DevDisconnect  stm32f4xx_ll_usb.o
    0x08004070   0x08004070   0x00000140   Code   RO         1029    i.USB_DevInit       stm32f4xx_ll_usb.o
    0x080041b0   0x080041b0   0x0000000c   Code   RO         1030    i.USB_DisableGlobalInt  stm32f4xx_ll_usb.o
    0x080041bc   0x080041bc   0x00000140   Code   RO         1033    i.USB_EP0StartXfer  stm32f4xx_ll_usb.o
    0x080042fc   0x080042fc   0x0000003e   Code   RO         1034    i.USB_EP0_OutStart  stm32f4xx_ll_usb.o
    0x0800433a   0x0800433a   0x00000064   Code   RO         1035    i.USB_EPClearStall  stm32f4xx_ll_usb.o
    0x0800439e   0x0800439e   0x0000005e   Code   RO         1036    i.USB_EPSetStall    stm32f4xx_ll_usb.o
    0x080043fc   0x080043fc   0x0000021c   Code   RO         1037    i.USB_EPStartXfer   stm32f4xx_ll_usb.o
    0x08004618   0x08004618   0x0000000c   Code   RO         1038    i.USB_EnableGlobalInt  stm32f4xx_ll_usb.o
    0x08004624   0x08004624   0x00000020   Code   RO         1039    i.USB_FlushRxFifo   stm32f4xx_ll_usb.o
    0x08004644   0x08004644   0x00000024   Code   RO         1040    i.USB_FlushTxFifo   stm32f4xx_ll_usb.o
    0x08004668   0x08004668   0x0000003c   Code   RO         1042    i.USB_GetDevSpeed   stm32f4xx_ll_usb.o
    0x080046a4   0x080046a4   0x00000008   Code   RO         1044    i.USB_GetMode       stm32f4xx_ll_usb.o
    0x080046ac   0x080046ac   0x0000000e   Code   RO         1051    i.USB_ReadDevAllInEpInterrupt  stm32f4xx_ll_usb.o
    0x080046ba   0x080046ba   0x0000000e   Code   RO         1052    i.USB_ReadDevAllOutEpInterrupt  stm32f4xx_ll_usb.o
    0x080046c8   0x080046c8   0x0000001e   Code   RO         1053    i.USB_ReadDevInEPInterrupt  stm32f4xx_ll_usb.o
    0x080046e6   0x080046e6   0x00000010   Code   RO         1054    i.USB_ReadDevOutEPInterrupt  stm32f4xx_ll_usb.o
    0x080046f6   0x080046f6   0x00000008   Code   RO         1055    i.USB_ReadInterrupts  stm32f4xx_ll_usb.o
    0x080046fe   0x080046fe   0x00000020   Code   RO         1056    i.USB_ReadPacket    stm32f4xx_ll_usb.o
    0x0800471e   0x0800471e   0x0000002c   Code   RO         1058    i.USB_SetCurrentMode  stm32f4xx_ll_usb.o
    0x0800474a   0x0800474a   0x00000022   Code   RO         1059    i.USB_SetDevAddress  stm32f4xx_ll_usb.o
    0x0800476c   0x0800476c   0x00000028   Code   RO         1063    i.USB_WritePacket   stm32f4xx_ll_usb.o
    0x08004794   0x08004794   0x00000002   Code   RO          596    i.UsageFault_Handler  stm32f4xx_it.o
    0x08004796   0x08004796   0x00000002   Code   RO           20    i._Error_Handler    main.o
    0x08004798   0x08004798   0x00000026   Code   RO         4523    i.__ARM_fpclassifyf  m_wm.l(fpclassifyf.o)
    0x080047be   0x080047be   0x00000002   PAD
    0x080047c0   0x080047c0   0x00000190   Code   RO         4417    i.__hardfp_sinf     m_wm.l(sinf.o)
    0x08004950   0x08004950   0x00000006   Code   RO         4526    i.__mathlib_flt_infnan  m_wm.l(funder.o)
    0x08004956   0x08004956   0x00000002   PAD
    0x08004958   0x08004958   0x00000010   Code   RO         4528    i.__mathlib_flt_invalid  m_wm.l(funder.o)
    0x08004968   0x08004968   0x00000010   Code   RO         4531    i.__mathlib_flt_underflow  m_wm.l(funder.o)
    0x08004978   0x08004978   0x00000154   Code   RO         4539    i.__mathlib_rredf2  m_wm.l(rredf.o)
    0x08004acc   0x08004acc   0x00000044   Code   RO           21    i.main              main.o
    0x08004b10   0x08004b10   0x0000000a   Code   RO         4586    x$fpl$fpinit        fz_wm.l(fpinit.o)
    0x08004b1a   0x08004b1a   0x00000000   Code   RO         4522    x$fpl$usenofp       fz_wm.l(usenofp.o)
    0x08004b1a   0x08004b1a   0x00000010   Data   RO         3794    .constdata          system_stm32f4xx.o
    0x08004b2a   0x08004b2a   0x00000002   PAD
    0x08004b2c   0x08004b2c   0x00000020   Data   RO         4540    .constdata          m_wm.l(rredf.o)
    0x08004b4c   0x08004b4c   0x00000020   Data   RO         4677    Region$$Table       anon$$obj.o


    Execution Region RW_IRAM1 (Exec base: 0x20000000, Load base: 0x08004b6c, Size: 0x00007c60, Max: 0x0001c000, ABSOLUTE, COMPRESSED[0x000000c4])

    Exec Addr    Load Addr    Size         Type   Attr      Idx    E Section Name        Object

    0x20000000   COMPRESSED   0x0000000c   Data   RW           23    .data               main.o
    0x2000000c   COMPRESSED   0x00000004   Data   RW           24    .data               main.o
    0x20000010   COMPRESSED   0x00000004   Data   RW           25    .data               main.o
    0x20000014   COMPRESSED   0x0000001c   Data   RW          471    .data               usbd_desc.o
    0x20000030   COMPRESSED   0x00000016   Data   RW          472    .data               usbd_desc.o
    0x20000046   COMPRESSED   0x00000002   PAD
    0x20000048   COMPRESSED   0x00000010   Data   RW          537    .data               usbd_cdc_if.o
    0x20000058   COMPRESSED   0x00000008   Data   RW          700    .data               stm32f4xx_hal_msp.o
    0x20000060   COMPRESSED   0x0000000c   Data   RW         2201    .data               stm32f4xx_hal.o
    0x2000006c   COMPRESSED   0x00000004   Data   RW         3796    .data               system_stm32f4xx.o
    0x20000070   COMPRESSED   0x00000001   Data   RW         3976    .data               usbd_ctlreq.o
    0x20000071   COMPRESSED   0x00000003   PAD
    0x20000074   COMPRESSED   0x000000db   Data   RW         4108    .data               usbd_cdc.o
    0x2000014f   COMPRESSED   0x00000001   PAD
    0x20000150   COMPRESSED   0x00000038   Data   RW         4109    .data               usbd_cdc.o
    0x20000188   COMPRESSED   0x00000004   Data   RW         4203    .data               pwm.o
    0x2000018c        -       0x00000260   Zero   RW           22    .bss                main.o
    0x200003ec        -       0x00000224   Zero   RW          224    .bss                usb_device.o
    0x20000610        -       0x000003f0   Zero   RW          302    .bss                usbd_conf.o
    0x20000a00        -       0x00000200   Zero   RW          470    .bss                usbd_desc.o
    0x20000c00        -       0x00001000   Zero   RW          536    .bss                usbd_cdc_if.o
    0x20001c00        -       0x00000060   Zero   RW         4545    .bss                c_w.l(libspace.o)
    0x20001c60        -       0x00003000   Zero   RW            2    HEAP                startup_stm32f407xx.o
    0x20004c60        -       0x00003000   Zero   RW            1    STACK               startup_stm32f407xx.o


    Execution Region RW_IRAM2 (Exec base: 0x2001c000, Load base: 0x08004c30, Size: 0x00000000, Max: 0x00004000, ABSOLUTE)

    **** No section assigned to this execution region ****


==============================================================================

Image component sizes


      Code (inc. data)   RO Data    RW Data    ZI Data      Debug   Object Name

      1474        106          0         20        608     720744   main.o
      1312         24          0          0          0       3736   parameter.o
       448         66          0          4          0       3186   pwm.o
        64         26        392          0      24576        868   startup_stm32f407xx.o
       180         28          0         12          0       4737   stm32f4xx_hal.o
       708         28          0          0          0       2967   stm32f4xx_hal_adc.o
       228         14          0          0          0      32381   stm32f4xx_hal_cortex.o
       466         50          0          0          0       3147   stm32f4xx_hal_gpio.o
       576         86          0          8          0       5026   stm32f4xx_hal_msp.o
      2156         72          0          0          0      11637   stm32f4xx_hal_pcd.o
        76          0          0          0          0       1916   stm32f4xx_hal_pcd_ex.o
      1212         62          0          0          0       4550   stm32f4xx_hal_rcc.o
        86          0          0          0          0       1256   stm32f4xx_hal_sram.o
      1322        104          0          0          0      13196   stm32f4xx_hal_tim.o
       296          0          0          0          0       4241   stm32f4xx_hal_tim_ex.o
        68          6          0          0          0       6738   stm32f4xx_it.o
       216         12          0          0          0       2799   stm32f4xx_ll_fsmc.o
      2420         56          0          0          0      21056   stm32f4xx_ll_usb.o
        84         18         16          4          0       1227   system_stm32f4xx.o
        56         18          0          0        548       2467   usb_device.o
       542         22          0        275          0      12724   usbd_cdc.o
        68         16          0         16       4096       2762   usbd_cdc_if.o
       706         38          0          0       1008      15050   usbd_conf.o
       626          0          0          0          0      12422   usbd_core.o
       986         30          0          1          0       8196   usbd_ctlreq.o
       200        104          0         50        512       5335   usbd_desc.o
       132          0          0          0          0       4668   usbd_ioreq.o

    ----------------------------------------------------------------------
     16724        986        442        396      31348     909032   Object Totals
         0          0         32          0          0          0   (incl. Generated)
        16          0          2          6          0          0   (incl. Padding)

    ----------------------------------------------------------------------

      Code (inc. data)   RO Data    RW Data    ZI Data      Debug   Library Member Name

        90          0          0          0          0          0   __dczerorl2.o
         8          0          0          0          0         68   __main.o
         0          0          0          0          0          0   __rtentry.o
        12          0          0          0          0          0   __rtentry2.o
         6          0          0          0          0          0   __rtentry4.o
        52          8          0          0          0          0   __scatter.o
        28          0          0          0          0          0   __scatter_zi.o
        22          0          0          0          0        100   _rserrno.o
        10          0          0          0          0         68   defsig_exit.o
        50          0          0          0          0         88   defsig_general.o
        80         58          0          0          0         76   defsig_rtmem_inner.o
        14          0          0          0          0         80   defsig_rtmem_outer.o
        18          0          0          0          0         80   exit.o
        94          0          0          0          0         80   h1_alloc.o
        52          0          0          0          0         68   h1_extend.o
        78          0          0          0          0         80   h1_free.o
        14          0          0          0          0         84   h1_init.o
         6          0          0          0          0        152   heapauxi.o
         4          0          0          0          0        136   hguard.o
         0          0          0          0          0          0   indicate_semi.o
       138          0          0          0          0        168   init_alloc.o
         2          0          0          0          0          0   libinit.o
        14          0          0          0          0          0   libinit2.o
         2          0          0          0          0          0   libshutdown.o
         2          0          0          0          0          0   libshutdown2.o
         8          4          0          0         96         68   libspace.o
       238          0          0          0          0        100   lludivv7m.o
         0          0          0          0          0          0   maybetermalloc1.o
         8          4          0          0          0         68   rt_errno_addr_intlibspace.o
         8          4          0          0          0         68   rt_heap_descriptor_intlibspace.o
       100          0          0          0          0         80   rt_memcpy_w.o
         2          0          0          0          0          0   rtexit.o
        10          0          0          0          0          0   rtexit2.o
        12          4          0          0          0         68   sys_exit.o
        74          0          0          0          0         80   sys_stackheap_outer.o
        14          0          0          0          0         76   sys_wrch.o
         2          0          0          0          0         68   use_no_semi.o
        10          0          0          0          0        116   fpinit.o
         0          0          0          0          0          0   usenofp.o
        38          0          0          0          0        116   fpclassifyf.o
        38         12          0          0          0        348   funder.o
       340         24         32          0          0        160   rredf.o
       400         56          0          0          0        212   sinf.o

    ----------------------------------------------------------------------
      2110        174         32          0         96       2956   Library Totals
        12          0          0          0          0          0   (incl. Padding)

    ----------------------------------------------------------------------

      Code (inc. data)   RO Data    RW Data    ZI Data      Debug   Library Name

      1272         82          0          0         96       2004   c_w.l
        10          0          0          0          0        116   fz_wm.l
       816         92         32          0          0        836   m_wm.l

    ----------------------------------------------------------------------
      2110        174         32          0         96       2956   Library Totals

    ----------------------------------------------------------------------

==============================================================================


      Code (inc. data)   RO Data    RW Data    ZI Data      Debug   

     18834       1160        474        396      31444     890648   Grand Totals
     18834       1160        474        196      31444     890648   ELF Image Totals (compressed)
     18834       1160        474        196          0          0   ROM Totals

==============================================================================

    Total RO  Size (Code + RO Data)                19308 (  18.86kB)
    Total RW  Size (RW Data + ZI Data)             31840 (  31.09kB)
    Total ROM Size (Code + RO Data + RW Data)      19504 (  19.05kB)

==============================================================================

