<html>
<body>
<pre>
<h1>µVision Build Log</h1>
<h2>Tool Versions:</h2>
IDE-Version: µVision V5.43.1.0
Copyright (C) 2025 ARM Ltd and ARM Germany GmbH. All rights reserved.
License Information: Admin Admin, Admin, LIC=PE7DL-0B93A-X7WRZ-JMQNT-R17V1-ZMPP2
 
Tool Versions:
Toolchain:       MDK-ARM Plus  Version: 5.43.0.0
Toolchain Path:  C:\Users\Admin\AppData\Local\Keil_v5\ARM\ARM_Compiler_5.06u7\Bin
C Compiler:      Armcc.exe V5.06 update 7 (build 960)
Assembler:       Armasm.exe V5.06 update 7 (build 960)
Linker/Locator:  ArmLink.exe V5.06 update 7 (build 960)
Library Manager: ArmAr.exe V5.06 update 7 (build 960)
Hex Converter:   FromElf.exe V5.06 update 7 (build 960)
CPU DLL:         SARMCM3.DLL V5.43.0.0
Dialog DLL:      DCM.DLL V1.17.5.0
Target DLL:      STLink\ST-LINKIII-KEIL_SWO.dll V3.3.1.0
Dialog DLL:      TCM.DLL V1.56.6.0
 
<h2>Project:</h2>
C:\Users\Admin\Desktop\FINAL_PROJECT\repo\Final_project_HCMUT_Bachelor\Firmware_final_project\MDK-ARM\Firmware_final_project.uvprojx
Project File Date:  04/08/2026

<h2>Output:</h2>
*** Using Compiler 'V5.06 update 7 (build 960)', folder: 'C:\Users\Admin\AppData\Local\Keil_v5\ARM\ARM_Compiler_5.06u7\Bin'
Rebuild target 'Firmware_final_project'
assembling startup_stm32f407xx.s...
compiling stm32f4xx_it.c...
compiling usbd_cdc_if.c...
compiling main.c...
../Src/main.c(2233): warning:  #177-D: function "CalcAlignedEncoderOffset"  was declared but never referenced
  static int32_t CalcAlignedEncoderOffset(float encoder_resolution)
../Src/main.c(2697): warning:  #177-D: function "ResolveTraceChannelPointer"  was declared but never referenced
  static float *ResolveTraceChannelPointer(uint8_t channel_code)
../Src/main.c(485): warning:  #177-D: function "GetAngleTestModeOffsetRad"  was declared but never referenced
  static float GetAngleTestModeOffsetRad(uint8_t electrical_angle_test_mode)
../Src/main.c(501): warning:  #177-D: function "GetAngleTestModeOffsetDeg"  was declared but never referenced
  static float GetAngleTestModeOffsetDeg(uint8_t electrical_angle_test_mode)
../Src/main.c(552): warning:  #177-D: function "ApplyEncoderOffsetElectricalDelta"  was declared but never referenced
  static void ApplyEncoderOffsetElectricalDelta(float electrical_deg, float encoder_resolution)
../Src/main.c: 5 warnings, 0 errors
compiling usbd_conf.c...
compiling usbd_desc.c...
compiling stm32f4xx_hal_msp.c...
compiling usb_device.c...
compiling stm32f4xx_hal_pcd.c...
compiling stm32f4xx_hal_pcd_ex.c...
compiling stm32f4xx_hal_flash.c...
compiling stm32f4xx_hal_flash_ex.c...
compiling stm32f4xx_ll_usb.c...
compiling stm32f4xx_hal_rcc.c...
compiling stm32f4xx_hal_rcc_ex.c...
compiling stm32f4xx_hal_gpio.c...
compiling stm32f4xx_hal_flash_ramfunc.c...
compiling stm32f4xx_hal_dma_ex.c...
compiling stm32f4xx_hal_pwr.c...
compiling stm32f4xx_hal_dma.c...
compiling stm32f4xx_hal_pwr_ex.c...
compiling stm32f4xx_hal_cortex.c...
compiling stm32f4xx_hal.c...
compiling stm32f4xx_hal_adc_ex.c...
compiling stm32f4xx_hal_adc.c...
compiling stm32f4xx_hal_nor.c...
compiling stm32f4xx_hal_sram.c...
compiling stm32f4xx_ll_fsmc.c...
compiling stm32f4xx_hal_nand.c...
compiling stm32f4xx_hal_pccard.c...
compiling stm32f4xx_hal_tim_ex.c...
compiling stm32f4xx_hal_tim.c...
compiling system_stm32f4xx.c...
compiling PIDcontrol.c...
compiling StateMachine.c...
compiling usbd_core.c...
compiling vector_transfs.c...
compiling usbd_ctlreq.c...
compiling motor_autotune.c...
compiling usbd_ioreq.c...
compiling usbd_cdc.c...
compiling pwm.c...
compiling Parameter.c...
compiling USBComunication.c...
linking...
Program Size: Code=58076 RO-data=1292 RW-data=996 ZI-data=67620  
FromELF: creating hex file...
"Firmware_final_project\Firmware_final_project.axf" - 0 Error(s), 5 Warning(s).

<h2>Software Packages used:</h2>

Package Vendor: ARM
                https://www.keil.com/pack/ARM.CMSIS.6.2.0.pack
                ARM::CMSIS@6.2.0
                CMSIS (Common Microcontroller Software Interface Standard)
   * Component: CORE Version: 6.1.1

Package Vendor: Keil
                https://www.keil.com/pack/Keil.STM32F4xx_DFP.3.1.1.pack
                Keil::STM32F4xx_DFP@3.1.1
                STMicroelectronics STM32F4 Series Device Support

<h2>Collection of Component include folders:</h2>
  ./RTE/_Firmware_final_project
  C:/Users/Admin/AppData/Local/Arm/Packs/ARM/CMSIS/6.2.0/CMSIS/Core/Include

<h2>Collection of Component Files used:</h2>

   * Component: ARM::CMSIS:CORE@6.1.1
Build Time Elapsed:  00:01:40
</pre>
</body>
</html>
